Microchip MPLAB XC8 Compiler V2.00 ()

Linker command line:

-W-3 --edf=E:\Microchip\xc8\v2.00\pic\dat\en_msgs.txt -cs \
  -h+dist/default/production\Common_Lock.X.production.sym \
  --cmf=dist/default/production\Common_Lock.X.production.cmf -z -Q16F15354 \
  -oC:\Users\yex\AppData\Local\Temp\s1hs.2 \
  -Mdist/default/production/Common_Lock.X.production.map -E1 -ver=XC8 \
  -ASTACK=020C8h-021efh -pstack=STACK -ACODE=00h-07FFhx2 \
  -ASTRCODE=00h-0FFFh -ASTRING=00h-0FFhx16 -ACONST=00h-0FFhx16 \
  -AENTRY=00h-0FFhx16 -ACOMMON=070h-07Fh -ABANK0=020h-06Fh \
  -ABANK1=0A0h-0EFh -ABANK2=0120h-016Fh -ABANK3=01A0h-01EFh \
  -ABANK4=0220h-026Fh -ABANK5=02A0h-02EFh -ABANK6=0320h-032Fh \
  -ABIGRAM=02000h-021EFh \
  -ARAM=020h-06Fh,0A0h-0EFh,0120h-016Fh,01A0h-01EFh,0220h-026Fh,02A0h-02EFh,0320h-032Fh \
  -AABS1=020h-07Fh,0A0h-0EFh,0120h-016Fh,01A0h-01EFh,0220h-026Fh,02A0h-02EFh,0320h-032Fh \
  -ASFR0=00h-01Fh -ASFR1=080h-09Fh -ASFR2=0100h-011Fh -ASFR3=0180h-019Fh \
  -ASFR4=0200h-021Fh -ASFR5=0280h-029Fh -ASFR6=0300h-031Fh \
  -ASFR7=0380h-03EFh -ASFR8=0400h-046Fh -ASFR9=0480h-04EFh \
  -ASFR10=0500h-056Fh -ASFR11=0580h-05EFh -ASFR12=0600h-066Fh \
  -ASFR13=0680h-06EFh -ASFR14=0700h-076Fh -ASFR15=0780h-07EFh \
  -ASFR16=0800h-086Fh -ASFR17=0880h-08EFh -ASFR18=0900h-096Fh \
  -ASFR19=0980h-09EFh -ASFR20=0A00h-0A6Fh -ASFR21=0A80h-0AEFh \
  -ASFR22=0B00h-0B6Fh -ASFR23=0B80h-0BEFh -ASFR24=0C00h-0C6Fh \
  -ASFR25=0C80h-0CEFh -ASFR26=0D00h-0D6Fh -ASFR27=0D80h-0DEFh \
  -ASFR28=0E00h-0E6Fh -ASFR29=0E80h-0EEFh -ASFR30=0F00h-0F6Fh \
  -ASFR31=0F80h-0FEFh -ASFR32=01000h-0106Fh -ASFR33=01080h-010EFh \
  -ASFR34=01100h-0116Fh -ASFR35=01180h-011EFh -ASFR36=01200h-0126Fh \
  -ASFR37=01280h-012EFh -ASFR38=01300h-0136Fh -ASFR39=01380h-013EFh \
  -ASFR40=01400h-0146Fh -ASFR41=01480h-014EFh -ASFR42=01500h-0156Fh \
  -ASFR43=01580h-015EFh -ASFR44=01600h-0166Fh -ASFR45=01680h-016EFh \
  -ASFR46=01700h-0176Fh -ASFR47=01780h-017EFh -ASFR48=01800h-0186Fh \
  -ASFR49=01880h-018EFh -ASFR50=01900h-0196Fh -ASFR51=01980h-019EFh \
  -ASFR52=01A00h-01A6Fh -ASFR53=01A80h-01AEFh -ASFR54=01B00h-01B6Fh \
  -ASFR55=01B80h-01BEFh -ASFR56=01C00h-01C6Fh -ASFR57=01C80h-01CEFh \
  -ASFR58=01D00h-01D6Fh -ASFR59=01D80h-01DEFh -ASFR60=01E00h-01E6Fh \
  -ASFR61=01E80h-01EEFh -ASFR62=01F00h-01F6Fh -ASFR63=01F80h-01FEFh \
  -preset_vec=00h,intentry=04h,init,end_init -ppowerup=CODE -pcinit=CODE \
  -pfunctab=ENTRY -ACONFIG=08007h-0800Bh -pconfig=CONFIG -DCONFIG=2 \
  -AIDLOC=08000h-08003h -pidloc=IDLOC -DIDLOC=2 -DCODE=2 -DSTRCODE=2 \
  -DSTRING=2 -DCONST=2 -DENTRY=2 -k \
  C:\Users\yex\AppData\Local\Temp\s1hs.obj \
  dist/default/production\Common_Lock.X.production.obj 

Object code version is 3.11

Machine type is 16F15354



                Name                               Link     Load   Length Selector   Space Scale
C:\Users\yex\AppData\Local\Temp\s1hs.obj
                end_init                             43       43        2        8       0
                reset_vec                             0        0        2        0       0
                config                             8007     8007        5    1000E       0
dist/default/production\Common_Lock.X.production.obj
                cinit                                45       45       24        8       0
                intentry                              4        4       3F        8       0
                text59                              C60      C60       24     18C0       0
                text58                              BA3      BA3       1D     1746       0
                text57                              6ED      6ED       64        8       0
                text56                               69       69       F6        8       0
                text55                              325      325       B3        8       0
                text54                              DF9      DF9       3B     1BF2       0
                text53                              751      751       5F        8       0
                text52                              BFD      BFD       20     17FA       0
                text51                              3D8      3D8       A9        8       0
                text50                              A97      A97        9     152E       0
                text49                              AC1      AC1        E     1582       0
                text48                              C84      C84       26     1908       0
                text47                              EEA      EEA       40     1DD4       0
                text46                              B0B      B0B       11     1616       0
                text45                              AEB      AEB       10     15D6       0
                text44                              EAC      EAC       3E     1D58       0
                text43                              CAA      CAA       28     1954       0
                text42                              C1D      C1D       21     183A       0
                text41                              247      247       DE        8       0
                text40                              510      510       86        8       0
                text39                              481      481       8F        8       0
                text38                              BDE      BDE       1F     17BC       0
                text37                              A78      A78        5     14F0       0
                text35                              E34      E34       3C     1C68       0
                text34                              F2A      F2A       41     1E54       0
                text33                              D5A      D5A       35     1AB4       0
                text32                              AA0      AA0        A     1540       0
                text31                              7FC      7FC        4        8       0
                text30                              618      618       71        8       0
                text29                              A88      A88        7     1510       0
                text28                              ACF      ACF        E     159E       0
                text27                              ADD      ADD        E     15BA       0
                text26                              BC0      BC0       1E     1780       0
                text25                              B1C      B1C       11     1638       0
                text24                              AFB      AFB       10     15F6       0
                text23                              F6B      F6B       4A     1ED6       0
                text22                              B40      B40       16     1680       0
                text21                              CD2      CD2       2B     19A4       0
                text20                              7B0      7B0       4C        8       0
                text19                              CFD      CFD       2E     19FA       0
                text18                              C3E      C3E       22     187C       0
                text17                              596      596       82        8       0
                text16                              689      689       64        8       0
                text15                              FB5      FB5       4B     1F6A       0
                text14                              A72      A72        3     14E4       0
                text13                              AAA      AAA        A     1554       0
                text12                              D8F      D8F       35     1B1E       0
                text11                              A8F      A8F        8     151E       0
                text10                              AB4      AB4        D     1568       0
                text9                               B56      B56       18     16AC       0
                text8                               A7D      A7D        5     14FA       0
                text7                               A75      A75        3     14EA       0
                text6                               B6E      B6E       19     16DC       0
                text5                               DC4      DC4       35     1B88       0
                text4                               B87      B87       1C     170E       0
                text3                               D2B      D2B       2F     1A56       0
                text2                               E70      E70       3C     1CE0       0
                text1                               B2D      B2D       13     165A       0
                maintext                            15F      15F       E8        8       0
                cstackBANK0                          20       20       37       20       1
                cstackCOMMON                         70       70        E       70       1
                cstackBANK1                          C1       C1       1E       A0       1
                clrtext                             A82      A82        6     1504       0
                bssBANK2                            120      120       28      120       1
                dataBANK1                            DF       DF        1       A0       1
                bssBANK1                             A0       A0       21       A0       1
                dataBANK0                            6F       6F        1       20       1
                bssBANK0                             57       57       17       20       1
                nvBANK0                              6E       6E        1       20       1
                idataBANK1                            2        2        1        0       0
                idataBANK0                            3        3        1        6       0

TOTAL           Name                               Link     Load   Length     Space
        CLASS   STACK          

        CLASS   CODE           
                end_init                             43       43        2         0
                cinit                                45       45       24         0
                intentry                              4        4       3F         0
                reset_vec                             0        0        2         0
                text59                              C60      C60       24         0
                text58                              BA3      BA3       1D         0
                text57                              6ED      6ED       64         0
                text56                               69       69       F6         0
                text55                              325      325       B3         0
                text54                              DF9      DF9       3B         0
                text53                              751      751       5F         0
                text52                              BFD      BFD       20         0
                text51                              3D8      3D8       A9         0
                text50                              A97      A97        9         0
                text49                              AC1      AC1        E         0
                text48                              C84      C84       26         0
                text47                              EEA      EEA       40         0
                text46                              B0B      B0B       11         0
                text45                              AEB      AEB       10         0
                text44                              EAC      EAC       3E         0
                text43                              CAA      CAA       28         0
                text42                              C1D      C1D       21         0
                text41                              247      247       DE         0
                text40                              510      510       86         0
                text39                              481      481       8F         0
                text38                              BDE      BDE       1F         0
                text37                              A78      A78        5         0
                text35                              E34      E34       3C         0
                text34                              F2A      F2A       41         0
                text33                              D5A      D5A       35         0
                text32                              AA0      AA0        A         0
                text31                              7FC      7FC        4         0
                text30                              618      618       71         0
                text29                              A88      A88        7         0
                text28                              ACF      ACF        E         0
                text27                              ADD      ADD        E         0
                text26                              BC0      BC0       1E         0
                text25                              B1C      B1C       11         0
                text24                              AFB      AFB       10         0
                text23                              F6B      F6B       4A         0
                text22                              B40      B40       16         0
                text21                              CD2      CD2       2B         0
                text20                              7B0      7B0       4C         0
                text19                              CFD      CFD       2E         0
                text18                              C3E      C3E       22         0
                text17                              596      596       82         0
                text16                              689      689       64         0
                text15                              FB5      FB5       4B         0
                text14                              A72      A72        3         0
                text13                              AAA      AAA        A         0
                text12                              D8F      D8F       35         0
                text11                              A8F      A8F        8         0
                text10                              AB4      AB4        D         0
                text9                               B56      B56       18         0
                text8                               A7D      A7D        5         0
                text7                               A75      A75        3         0
                text6                               B6E      B6E       19         0
                text5                               DC4      DC4       35         0
                text4                               B87      B87       1C         0
                text3                               D2B      D2B       2F         0
                text2                               E70      E70       3C         0
                text1                               B2D      B2D       13         0
                maintext                            15F      15F       E8         0
                clrtext                             A82      A82        6         0
                idataBANK1                            2        2        1         0
                idataBANK0                            3        3        1         0

        CLASS   STRCODE        

        CLASS   STRING         

        CLASS   CONST          

        CLASS   ENTRY          

        CLASS   COMMON         
                cstackCOMMON                         70       70        E         1

        CLASS   BANK0          
                cstackBANK0                          20       20       37         1
                dataBANK0                            6F       6F        1         1
                bssBANK0                             57       57       17         1
                nvBANK0                              6E       6E        1         1

        CLASS   BANK1          
                cstackBANK1                          C1       C1       1E         1
                dataBANK1                            DF       DF        1         1
                bssBANK1                             A0       A0       21         1

        CLASS   BANK2          
                bssBANK2                            120      120       28         1

        CLASS   BANK3          

        CLASS   BANK4          

        CLASS   BANK5          

        CLASS   BANK6          

        CLASS   BIGRAM         

        CLASS   RAM            

        CLASS   ABS1           
                abs_s1                               7E       7E        2         1

        CLASS   SFR0           

        CLASS   SFR1           

        CLASS   SFR2           

        CLASS   SFR3           

        CLASS   SFR4           

        CLASS   SFR5           

        CLASS   SFR6           

        CLASS   SFR7           

        CLASS   SFR8           

        CLASS   SFR9           

        CLASS   SFR10          

        CLASS   SFR11          

        CLASS   SFR12          

        CLASS   SFR13          

        CLASS   SFR14          

        CLASS   SFR15          

        CLASS   SFR16          

        CLASS   SFR17          

        CLASS   SFR18          

        CLASS   SFR19          

        CLASS   SFR20          

        CLASS   SFR21          

        CLASS   SFR22          

        CLASS   SFR23          

        CLASS   SFR24          

        CLASS   SFR25          

        CLASS   SFR26          

        CLASS   SFR27          

        CLASS   SFR28          

        CLASS   SFR29          

        CLASS   SFR30          

        CLASS   SFR31          

        CLASS   SFR32          

        CLASS   SFR33          

        CLASS   SFR34          

        CLASS   SFR35          

        CLASS   SFR36          

        CLASS   SFR37          

        CLASS   SFR38          

        CLASS   SFR39          

        CLASS   SFR40          

        CLASS   SFR41          

        CLASS   SFR42          

        CLASS   SFR43          

        CLASS   SFR44          

        CLASS   SFR45          

        CLASS   SFR46          

        CLASS   SFR47          

        CLASS   SFR48          

        CLASS   SFR49          

        CLASS   SFR50          

        CLASS   SFR51          

        CLASS   SFR52          

        CLASS   SFR53          

        CLASS   SFR54          

        CLASS   SFR55          

        CLASS   SFR56          

        CLASS   SFR57          

        CLASS   SFR58          

        CLASS   SFR59          

        CLASS   SFR60          

        CLASS   SFR61          

        CLASS   SFR62          

        CLASS   SFR63          

        CLASS   CONFIG         
                config                             8007     8007        5         0

        CLASS   IDLOC          

        CLASS   BANK63         

        CLASS   BANK62         

        CLASS   BANK61         

        CLASS   BANK60         

        CLASS   BANK59         

        CLASS   BANK58         

        CLASS   BANK57         

        CLASS   BANK56         

        CLASS   BANK55         

        CLASS   BANK54         

        CLASS   BANK53         

        CLASS   BANK52         

        CLASS   BANK51         

        CLASS   BANK50         

        CLASS   BANK49         

        CLASS   BANK48         

        CLASS   BANK47         

        CLASS   BANK46         

        CLASS   BANK45         

        CLASS   BANK44         

        CLASS   BANK43         

        CLASS   BANK42         

        CLASS   BANK41         

        CLASS   BANK40         

        CLASS   BANK39         

        CLASS   BANK38         

        CLASS   BANK37         

        CLASS   BANK36         

        CLASS   BANK35         

        CLASS   BANK34         

        CLASS   BANK33         

        CLASS   BANK32         

        CLASS   BANK31         

        CLASS   BANK30         

        CLASS   BANK29         

        CLASS   BANK28         

        CLASS   BANK27         

        CLASS   BANK26         

        CLASS   BANK25         

        CLASS   BANK24         

        CLASS   BANK23         

        CLASS   BANK22         

        CLASS   BANK21         

        CLASS   BANK20         

        CLASS   BANK19         

        CLASS   BANK18         

        CLASS   BANK17         

        CLASS   BANK16         

        CLASS   BANK15         

        CLASS   BANK14         

        CLASS   BANK13         

        CLASS   BANK12         

        CLASS   BANK11         

        CLASS   BANK10         

        CLASS   BANK9          

        CLASS   BANK8          

        CLASS   BANK7          

        CLASS   EEDATA         



SEGMENTS        Name                           Load    Length   Top    Selector   Space  Class     Delta

                reset_vec                      000000  000003  000003         0       0  CODE        2
                idataBANK0                     000003  000001  000004         6       0  CODE        2
                intentry                       000004  0007FC  000800         8       0  CODE        2
                cstackBANK0                    000020  000050  000070        20       1  BANK0       1
                cstackCOMMON                   000070  00000E  00007E        70       1  COMMON      1
                bssBANK1                       0000A0  000040  0000E0        A0       1  BANK1       1
                bssBANK2                       000120  000028  000148       120       1  BANK2       1
                text14                         000A72  000003  000A75      14E4       0  CODE        2
                text7                          000A75  000003  000A78      14EA       0  CODE        2
                text37                         000A78  000005  000A7D      14F0       0  CODE        2
                text8                          000A7D  000005  000A82      14FA       0  CODE        2
                clrtext                        000A82  000006  000A88      1504       0  CODE        2
                text29                         000A88  000007  000A8F      1510       0  CODE        2
                text11                         000A8F  000008  000A97      151E       0  CODE        2
                text50                         000A97  000009  000AA0      152E       0  CODE        2
                text32                         000AA0  00000A  000AAA      1540       0  CODE        2
                text13                         000AAA  00000A  000AB4      1554       0  CODE        2
                text10                         000AB4  00000D  000AC1      1568       0  CODE        2
                text49                         000AC1  00000E  000ACF      1582       0  CODE        2
                text28                         000ACF  00000E  000ADD      159E       0  CODE        2
                text27                         000ADD  00000E  000AEB      15BA       0  CODE        2
                text45                         000AEB  000010  000AFB      15D6       0  CODE        2
                text24                         000AFB  000010  000B0B      15F6       0  CODE        2
                text46                         000B0B  000011  000B1C      1616       0  CODE        2
                text25                         000B1C  000011  000B2D      1638       0  CODE        2
                text1                          000B2D  000013  000B40      165A       0  CODE        2
                text22                         000B40  000016  000B56      1680       0  CODE        2
                text9                          000B56  000018  000B6E      16AC       0  CODE        2
                text6                          000B6E  000019  000B87      16DC       0  CODE        2
                text4                          000B87  00001C  000BA3      170E       0  CODE        2
                text58                         000BA3  00001D  000BC0      1746       0  CODE        2
                text26                         000BC0  00001E  000BDE      1780       0  CODE        2
                text38                         000BDE  00001F  000BFD      17BC       0  CODE        2
                text52                         000BFD  000020  000C1D      17FA       0  CODE        2
                text42                         000C1D  000021  000C3E      183A       0  CODE        2
                text18                         000C3E  000022  000C60      187C       0  CODE        2
                text59                         000C60  000024  000C84      18C0       0  CODE        2
                text48                         000C84  000026  000CAA      1908       0  CODE        2
                text43                         000CAA  000028  000CD2      1954       0  CODE        2
                text21                         000CD2  00002B  000CFD      19A4       0  CODE        2
                text19                         000CFD  00002E  000D2B      19FA       0  CODE        2
                text3                          000D2B  00002F  000D5A      1A56       0  CODE        2
                text33                         000D5A  000035  000D8F      1AB4       0  CODE        2
                text12                         000D8F  000035  000DC4      1B1E       0  CODE        2
                text5                          000DC4  000035  000DF9      1B88       0  CODE        2
                text54                         000DF9  00003B  000E34      1BF2       0  CODE        2
                text35                         000E34  00003C  000E70      1C68       0  CODE        2
                text2                          000E70  00003C  000EAC      1CE0       0  CODE        2
                text44                         000EAC  00003E  000EEA      1D58       0  CODE        2
                text47                         000EEA  000040  000F2A      1DD4       0  CODE        2
                text34                         000F2A  000041  000F6B      1E54       0  CODE        2
                text23                         000F6B  00004A  000FB5      1ED6       0  CODE        2
                text15                         000FB5  00004B  001000      1F6A       0  CODE        2
                config                         008007  000005  00800C     1000E       0  CONFIG      2


UNUSED ADDRESS RANGES

        Name                Unused          Largest block    Delta
        BANK1            000E0-000EF              10           1
        BANK2            00148-0016F              28           1
        BANK3            001A0-001EF              50           1
        BANK4            00220-0026F              50           1
        BANK5            002A0-002EF              50           1
        BANK6            00320-0032F              10           1
        BIGRAM           02000-021EF             1F0           1
        CODE             00800-00A71             272           2
        CONST            00800-00A71             100           2
        ENTRY            00800-00A71             100           2
        IDLOC            08000-08003               4           2
        RAM              000E0-000EF              10           1
                         00148-0016F              28
                         001A0-001EF              50
                         00220-0026F              50
                         002A0-002EF              50
                         00320-0032F              10
        SFR0             00000-0001F              20           1
        SFR1             00080-0009F              20           1
        SFR10            00500-0056F              70           1
        SFR11            00580-005EF              70           1
        SFR12            00600-0066F              70           1
        SFR13            00680-006EF              70           1
        SFR14            00700-0076F              70           1
        SFR15            00780-007EF              70           1
        SFR16            00800-0086F              70           1
        SFR17            00880-008EF              70           1
        SFR18            00900-0096F              70           1
        SFR19            00980-009EF              70           1
        SFR2             00100-0011F              20           1
        SFR20            00A00-00A6F              70           1
        SFR21            00A80-00AEF              70           1
        SFR22            00B00-00B6F              70           1
        SFR23            00B80-00BEF              70           1
        SFR24            00C00-00C6F              70           1
        SFR25            00C80-00CEF              70           1
        SFR26            00D00-00D6F              70           1
        SFR27            00D80-00DEF              70           1
        SFR28            00E00-00E6F              70           1
        SFR29            00E80-00EEF              70           1
        SFR3             00180-0019F              20           1
        SFR30            00F00-00F6F              70           1
        SFR31            00F80-00FEF              70           1
        SFR32            01000-0106F              70           1
        SFR33            01080-010EF              70           1
        SFR34            01100-0116F              70           1
        SFR35            01180-011EF              70           1
        SFR36            01200-0126F              70           1
        SFR37            01280-012EF              70           1
        SFR38            01300-0136F              70           1
        SFR39            01380-013EF              70           1
        SFR4             00200-0021F              20           1
        SFR40            01400-0146F              70           1
        SFR41            01480-014EF              70           1
        SFR42            01500-0156F              70           1
        SFR43            01580-015EF              70           1
        SFR44            01600-0166F              70           1
        SFR45            01680-016EF              70           1
        SFR46            01700-0176F              70           1
        SFR47            01780-017EF              70           1
        SFR48            01800-0186F              70           1
        SFR49            01880-018EF              70           1
        SFR5             00280-0029F              20           1
        SFR50            01900-0196F              70           1
        SFR51            01980-019EF              70           1
        SFR52            01A00-01A6F              70           1
        SFR53            01A80-01AEF              70           1
        SFR54            01B00-01B6F              70           1
        SFR55            01B80-01BEF              70           1
        SFR56            01C00-01C6F              70           1
        SFR57            01C80-01CEF              70           1
        SFR58            01D00-01D6F              70           1
        SFR59            01D80-01DEF              70           1
        SFR6             00300-0031F              20           1
        SFR60            01E00-01E6F              70           1
        SFR61            01E80-01EEF              70           1
        SFR62            01F00-01F6F              70           1
        SFR63            01F80-01FEF              70           1
        SFR7             00380-003EF              70           1
        SFR8             00400-0046F              70           1
        SFR9             00480-004EF              70           1
        STACK            020C8-021EF             128           1
        STRCODE          00800-00A71             272           2
        STRING           00800-00A71             100           2

                                  Symbol Table

?_ADC_GetConversion                  cstackBANK1  000C1
?_Get6500Data                        cstackBANK1  000C9
?_Mpu6500GyroAngle                   cstackBANK0  00047
?___aldiv                            cstackBANK1  000C1
?___awtoft                           cstackCOMMON 00078
?___ftadd                            cstackBANK0  0002A
?___ftdiv                            cstackBANK0  00037
?___ftmul                            cstackCOMMON 00078
?___ftneg                            cstackBANK0  00020
?___ftpack                           cstackCOMMON 00070
?___fttol                            cstackCOMMON 00070
?___lwdiv                            cstackBANK1  000C7
?___wmul                             cstackBANK1  000C1
?_abs                                cstackCOMMON 00070
?i1_Get6500Data                      cstackCOMMON 00078
ADC_GetConversion@channel            cstackBANK1  000C4
ADC_Get_Vol@adcdata                  cstackBANK1  000D0
ADC_Get_Vol@vol                      cstackBANK1  000D4
ADC_Get_Vol@voldata                  cstackBANK1  000D2
AngleCalcu@angle_m                   cstackBANK0  00037
AngleCalcu@gyro_m                    cstackBANK0  0003A
AngleCalcu@p                         cstackBANK0  0003D
Com_Lock_IIC_Read_Data@ack           cstackBANK1  000C2
Com_Lock_IIC_Read_Data@i             cstackBANK1  000C4
Com_Lock_IIC_Read_Data@retVal        cstackBANK1  000C3
Com_Lock_IIC_Write_Data@dat          cstackBANK1  000C2
Com_Lock_IIC_Write_Data@i            cstackBANK1  000C4
Com_Lock_IIC_Write_Data@retVal       cstackBANK1  000C3
Com_Lock_MPU_RD_Reg@addr             cstackBANK1  000C7
Com_Lock_MPU_RD_Reg@temp             cstackBANK1  000C8
Com_Lock_MPU_Write_Command@data      cstackBANK1  000C6
Com_Lock_MPU_Write_Command@reg       cstackBANK1  000C7
EUSART_Read@bitChk                   cstackBANK1  000C2
EUSART_Receive_ISR@dumread           cstackCOMMON 00071
EUSART_Write@txData                  cstackBANK1  000C2
EUSART_Write_Frame@cmd               cstackBANK1  000D6
EUSART_Write_Frame@u8cnt             cstackBANK1  000D7
Get6500Data@H                        cstackBANK1  000D0
Get6500Data@L                        cstackBANK1  000D1
Get6500Data@REG_Address              cstackBANK1  000D2
Mpu6500GyroAngle@dir                 cstackBANK0  0004D
Mpu6500GyroAngle@gyro_angle          cstackBANK0  0004E
Read_Offset@G_Temp_X                 cstackBANK1  000D7
Read_Offset@cnt                      cstackBANK1  000DB
_ADACT                               (abs)        0009F
_ADCON0                              (abs)        0009D
_ADCON0bits                          (abs)        0009D
_ADCON1                              (abs)        0009E
_ADC_GetConversion                   text6        00B6E
_ADC_Get_Vol                         text3        00D2B
_ADC_Initialize                      text27       00ADD
_ADRESH                              (abs)        0009C
_ADRESL                              (abs)        0009B
_ANSELA                              (abs)        01F38
_ANSELB                              (abs)        01F43
_ANSELC                              (abs)        01F4E
_AngleCalcu                          text53       00751
_Angle_t                             bssBANK0     0005F
_BAUD1CON                            (abs)        0011F
_CheckDoorClosed                     text34       00F2A
_CheckDoorOpened                     text33       00D5A
_ClearAngle                          text32       00AA0
_Clear_FrameDone                     text31       007FC
_Com_Lock_IIC_Read_Data              text20       007B0
_Com_Lock_IIC_Start                  text25       00B1C
_Com_Lock_IIC_Stop                   text24       00AFB
_Com_Lock_IIC_Write_Data             text23       00F6B
_Com_Lock_MPU_RD_Reg                 text19       00CFD
_Com_Lock_MPU_Write_Command          text22       00B40
_EUSART_Initialize                   text26       00BC0
_EUSART_Read                         text30       00618
_EUSART_Receive_ISR                  text59       00C60
_EUSART_Transmit_ISR                 text58       00BA3
_EUSART_Write                        text21       00CD2
_EUSART_Write_Frame                  text2        00E70
_FVRCON                              (abs)        0090C
_Frist_gyro                          bssBANK0     00064
_G_Offset_X                          bssBANK1     000AD
_Get6500Data                         text18       00C3E
_INTCONbits                          (abs)        0000B
_INTERRUPT_InterruptManager          intentry     00004
_IOCBFbits                           (abs)        01F4A
_IOCBNbits                           (abs)        01F49
_IOCCFbits                           (abs)        01F55
_IOCCNbits                           (abs)        01F54
_Init_MPU6500                        text15       00FB5
_Interrupt_Enable                    text14       00A72
_LATA                                (abs)        00018
_LATB                                (abs)        00019
_LATC                                (abs)        0001A
_Mpu6500GyroAngle                    text41       00247
_New_gyro                            bssBANK0     00066
_ODCONA                              (abs)        01F3A
_ODCONB                              (abs)        01F45
_ODCONC                              (abs)        01F50
_OSCCON1                             (abs)        0088D
_OSCCON3                             (abs)        0088F
_OSCEN                               (abs)        00891
_OSCFRQ                              (abs)        00893
_OSCILLATOR_Initialize               text13       00AAA
_OSCSTAT                             (abs)        00890
_OSCTUNE                             (abs)        00892
_Old_gyro                            bssBANK1     000AF
_PIE0bits                            (abs)        00716
_PIE3bits                            (abs)        00719
_PIN_MANAGER_Initialize              text12       00D8F
_PIR0bits                            (abs)        0070C
_PIR3bits                            (abs)        0070F
_PMD0                                (abs)        00796
_PMD1                                (abs)        00797
_PMD2                                (abs)        00798
_PMD3                                (abs)        00799
_PMD4                                (abs)        0079A
_PMD5                                (abs)        0079B
_PMD_Initialize                      text11       00A8F
_PORTA                               (abs)        0000C
_PORTB                               (abs)        0000D
_PORTBbits                           (abs)        0000D
_PORTC                               (abs)        0000E
_PORTCbits                           (abs)        0000E
_RC1REG                              (abs)        00119
_RC1STA                              (abs)        0011D
_RC1STAbits                          (abs)        0011D
_RC6PPS                              (abs)        01F26
_RX1DTPPSbits                        (abs)        01ECB
_ReadRstPIN                          text29       00A88
_ReadTouchKeyPIN                     text28       00ACF
_Read_Offset                         text16       00689
_SP1BRGH                             (abs)        0011C
_SP1BRGL                             (abs)        0011B
_SYSTEM_Initialize                   text9        00B56
_Sam_cnt                             bssBANK0     00068
_T0CON0                              (abs)        0059E
_T0CON0bits                          (abs)        0059E
_T0CON1                              (abs)        0059F
_TMR0H                               (abs)        0059D
_TMR0L                               (abs)        0059C
_TMR0_ISR                            text38       00BDE
_TMR0_Initialize                     text10       00AB4
_TMR0_StartTimer                     text8        00A7D
_TMR0_StopTimer                      text7        00A75
_TMR0_Task                           text39       00481
_TRISA                               (abs)        00012
_TRISB                               (abs)        00013
_TRISC                               (abs)        00014
_TRISE                               (abs)        00016
_TX1REG                              (abs)        0011A
_TX1STA                              (abs)        0011E
_UART_Task                           text1        00B2D
_WPUA                                (abs)        01F39
_WPUB                                (abs)        01F44
_WPUC                                (abs)        01F4F
_WPUE                                (abs)        01F65
__CFG_BBEN$OFF                       (abs)        00000
__CFG_BBSIZE$BB512                   (abs)        00000
__CFG_BOREN$ON                       (abs)        00000
__CFG_BORV$LO                        (abs)        00000
__CFG_CLKOUTEN$OFF                   (abs)        00000
__CFG_CP$OFF                         (abs)        00000
__CFG_CSWEN$ON                       (abs)        00000
__CFG_FCMEN$ON                       (abs)        00000
__CFG_FEXTOSC$OFF                    (abs)        00000
__CFG_LPBOREN$OFF                    (abs)        00000
__CFG_LVP$ON                         (abs)        00000
__CFG_MCLRE$ON                       (abs)        00000
__CFG_PPS1WAY$OFF                    (abs)        00000
__CFG_PWRTE$OFF                      (abs)        00000
__CFG_RSTOSC$HFINT1                  (abs)        00000
__CFG_SAFEN$OFF                      (abs)        00000
__CFG_STVREN$ON                      (abs)        00000
__CFG_WDTCCS$LFINTOSC                (abs)        00000
__CFG_WDTCPS$WDTCPS_13               (abs)        00000
__CFG_WDTCWS$WDTCWS_7                (abs)        00000
__CFG_WDTE$SWDTEN                    (abs)        00000
__CFG_WRTAPP$OFF                     (abs)        00000
__CFG_WRTB$OFF                       (abs)        00000
__CFG_WRTC$OFF                       (abs)        00000
__CFG_WRTSAF$OFF                     (abs)        00000
__CFG_ZCD$OFF                        (abs)        00000
__Habs1                              abs1         00000
__Hbank0                             bank0        00000
__Hbank1                             bank1        00000
__Hbank10                            bank10       00000
__Hbank11                            bank11       00000
__Hbank12                            bank12       00000
__Hbank13                            bank13       00000
__Hbank14                            bank14       00000
__Hbank15                            bank15       00000
__Hbank16                            bank16       00000
__Hbank17                            bank17       00000
__Hbank18                            bank18       00000
__Hbank19                            bank19       00000
__Hbank2                             bank2        00000
__Hbank20                            bank20       00000
__Hbank21                            bank21       00000
__Hbank22                            bank22       00000
__Hbank23                            bank23       00000
__Hbank24                            bank24       00000
__Hbank25                            bank25       00000
__Hbank26                            bank26       00000
__Hbank27                            bank27       00000
__Hbank28                            bank28       00000
__Hbank29                            bank29       00000
__Hbank3                             bank3        00000
__Hbank30                            bank30       00000
__Hbank31                            bank31       00000
__Hbank32                            bank32       00000
__Hbank33                            bank33       00000
__Hbank34                            bank34       00000
__Hbank35                            bank35       00000
__Hbank36                            bank36       00000
__Hbank37                            bank37       00000
__Hbank38                            bank38       00000
__Hbank39                            bank39       00000
__Hbank4                             bank4        00000
__Hbank40                            bank40       00000
__Hbank41                            bank41       00000
__Hbank42                            bank42       00000
__Hbank43                            bank43       00000
__Hbank44                            bank44       00000
__Hbank45                            bank45       00000
__Hbank46                            bank46       00000
__Hbank47                            bank47       00000
__Hbank48                            bank48       00000
__Hbank49                            bank49       00000
__Hbank5                             bank5        00000
__Hbank50                            bank50       00000
__Hbank51                            bank51       00000
__Hbank52                            bank52       00000
__Hbank53                            bank53       00000
__Hbank54                            bank54       00000
__Hbank55                            bank55       00000
__Hbank56                            bank56       00000
__Hbank57                            bank57       00000
__Hbank58                            bank58       00000
__Hbank59                            bank59       00000
__Hbank6                             bank6        00000
__Hbank60                            bank60       00000
__Hbank61                            bank61       00000
__Hbank62                            bank62       00000
__Hbank63                            bank63       00000
__Hbank7                             bank7        00000
__Hbank8                             bank8        00000
__Hbank9                             bank9        00000
__Hbigram                            bigram       00000
__HbssBANK0                          bssBANK0     00000
__HbssBANK1                          bssBANK1     00000
__HbssBANK2                          bssBANK2     00000
__Hcinit                             cinit        00069
__Hclrtext                           clrtext      00000
__Hcode                              code         00000
__Hcommon                            common       00000
__Hconfig                            config       0800C
__HcstackBANK0                       cstackBANK0  00000
__HcstackBANK1                       cstackBANK1  00000
__HcstackCOMMON                      cstackCOMMON 00000
__HdataBANK0                         dataBANK0    00000
__HdataBANK1                         dataBANK1    00000
__Heeprom_data                       eeprom_data  00000
__Hend_init                          end_init     00045
__Hfunctab                           functab      00000
__HidataBANK0                        idataBANK0   00000
__HidataBANK1                        idataBANK1   00000
__Hidloc                             idloc        00000
__Hinit                              init         00043
__Hintentry                          intentry     00043
__Hmaintext                          maintext     00000
__HnvBANK0                           nvBANK0      00000
__Hpowerup                           powerup      00000
__Hram                               ram          00000
__Hreset_vec                         reset_vec    00002
__Hsfr0                              sfr0         00000
__Hsfr1                              sfr1         00000
__Hsfr10                             sfr10        00000
__Hsfr11                             sfr11        00000
__Hsfr12                             sfr12        00000
__Hsfr13                             sfr13        00000
__Hsfr14                             sfr14        00000
__Hsfr15                             sfr15        00000
__Hsfr16                             sfr16        00000
__Hsfr17                             sfr17        00000
__Hsfr18                             sfr18        00000
__Hsfr19                             sfr19        00000
__Hsfr2                              sfr2         00000
__Hsfr20                             sfr20        00000
__Hsfr21                             sfr21        00000
__Hsfr22                             sfr22        00000
__Hsfr23                             sfr23        00000
__Hsfr24                             sfr24        00000
__Hsfr25                             sfr25        00000
__Hsfr26                             sfr26        00000
__Hsfr27                             sfr27        00000
__Hsfr28                             sfr28        00000
__Hsfr29                             sfr29        00000
__Hsfr3                              sfr3         00000
__Hsfr30                             sfr30        00000
__Hsfr31                             sfr31        00000
__Hsfr32                             sfr32        00000
__Hsfr33                             sfr33        00000
__Hsfr34                             sfr34        00000
__Hsfr35                             sfr35        00000
__Hsfr36                             sfr36        00000
__Hsfr37                             sfr37        00000
__Hsfr38                             sfr38        00000
__Hsfr39                             sfr39        00000
__Hsfr4                              sfr4         00000
__Hsfr40                             sfr40        00000
__Hsfr41                             sfr41        00000
__Hsfr42                             sfr42        00000
__Hsfr43                             sfr43        00000
__Hsfr44                             sfr44        00000
__Hsfr45                             sfr45        00000
__Hsfr46                             sfr46        00000
__Hsfr47                             sfr47        00000
__Hsfr48                             sfr48        00000
__Hsfr49                             sfr49        00000
__Hsfr5                              sfr5         00000
__Hsfr50                             sfr50        00000
__Hsfr51                             sfr51        00000
__Hsfr52                             sfr52        00000
__Hsfr53                             sfr53        00000
__Hsfr54                             sfr54        00000
__Hsfr55                             sfr55        00000
__Hsfr56                             sfr56        00000
__Hsfr57                             sfr57        00000
__Hsfr58                             sfr58        00000
__Hsfr59                             sfr59        00000
__Hsfr6                              sfr6         00000
__Hsfr60                             sfr60        00000
__Hsfr61                             sfr61        00000
__Hsfr62                             sfr62        00000
__Hsfr63                             sfr63        00000
__Hsfr7                              sfr7         00000
__Hsfr8                              sfr8         00000
__Hsfr9                              sfr9         00000
__Hspace_0                           (abs)        0800C
__Hspace_1                           (abs)        00148
__Hspace_2                           (abs)        00000
__Hspace_3                           (abs)        00000
__Hstack                             stack        00000
__Hstrings                           strings      00000
__Htext                              text         00000
__Labs1                              abs1         00000
__Lbank0                             bank0        00000
__Lbank1                             bank1        00000
__Lbank10                            bank10       00000
__Lbank11                            bank11       00000
__Lbank12                            bank12       00000
__Lbank13                            bank13       00000
__Lbank14                            bank14       00000
__Lbank15                            bank15       00000
__Lbank16                            bank16       00000
__Lbank17                            bank17       00000
__Lbank18                            bank18       00000
__Lbank19                            bank19       00000
__Lbank2                             bank2        00000
__Lbank20                            bank20       00000
__Lbank21                            bank21       00000
__Lbank22                            bank22       00000
__Lbank23                            bank23       00000
__Lbank24                            bank24       00000
__Lbank25                            bank25       00000
__Lbank26                            bank26       00000
__Lbank27                            bank27       00000
__Lbank28                            bank28       00000
__Lbank29                            bank29       00000
__Lbank3                             bank3        00000
__Lbank30                            bank30       00000
__Lbank31                            bank31       00000
__Lbank32                            bank32       00000
__Lbank33                            bank33       00000
__Lbank34                            bank34       00000
__Lbank35                            bank35       00000
__Lbank36                            bank36       00000
__Lbank37                            bank37       00000
__Lbank38                            bank38       00000
__Lbank39                            bank39       00000
__Lbank4                             bank4        00000
__Lbank40                            bank40       00000
__Lbank41                            bank41       00000
__Lbank42                            bank42       00000
__Lbank43                            bank43       00000
__Lbank44                            bank44       00000
__Lbank45                            bank45       00000
__Lbank46                            bank46       00000
__Lbank47                            bank47       00000
__Lbank48                            bank48       00000
__Lbank49                            bank49       00000
__Lbank5                             bank5        00000
__Lbank50                            bank50       00000
__Lbank51                            bank51       00000
__Lbank52                            bank52       00000
__Lbank53                            bank53       00000
__Lbank54                            bank54       00000
__Lbank55                            bank55       00000
__Lbank56                            bank56       00000
__Lbank57                            bank57       00000
__Lbank58                            bank58       00000
__Lbank59                            bank59       00000
__Lbank6                             bank6        00000
__Lbank60                            bank60       00000
__Lbank61                            bank61       00000
__Lbank62                            bank62       00000
__Lbank63                            bank63       00000
__Lbank7                             bank7        00000
__Lbank8                             bank8        00000
__Lbank9                             bank9        00000
__Lbigram                            bigram       00000
__LbssBANK0                          bssBANK0     00000
__LbssBANK1                          bssBANK1     00000
__LbssBANK2                          bssBANK2     00000
__Lcinit                             cinit        00045
__Lclrtext                           clrtext      00000
__Lcode                              code         00000
__Lcommon                            common       00000
__Lconfig                            config       08007
__LcstackBANK0                       cstackBANK0  00000
__LcstackBANK1                       cstackBANK1  00000
__LcstackCOMMON                      cstackCOMMON 00000
__LdataBANK0                         dataBANK0    00000
__LdataBANK1                         dataBANK1    00000
__Leeprom_data                       eeprom_data  00000
__Lend_init                          end_init     00043
__Lfunctab                           functab      00000
__LidataBANK0                        idataBANK0   00000
__LidataBANK1                        idataBANK1   00000
__Lidloc                             idloc        00000
__Linit                              init         00043
__Lintentry                          intentry     00004
__Lmaintext                          maintext     00000
__LnvBANK0                           nvBANK0      00000
__Lpowerup                           powerup      00000
__Lram                               ram          00000
__Lreset_vec                         reset_vec    00000
__Lsfr0                              sfr0         00000
__Lsfr1                              sfr1         00000
__Lsfr10                             sfr10        00000
__Lsfr11                             sfr11        00000
__Lsfr12                             sfr12        00000
__Lsfr13                             sfr13        00000
__Lsfr14                             sfr14        00000
__Lsfr15                             sfr15        00000
__Lsfr16                             sfr16        00000
__Lsfr17                             sfr17        00000
__Lsfr18                             sfr18        00000
__Lsfr19                             sfr19        00000
__Lsfr2                              sfr2         00000
__Lsfr20                             sfr20        00000
__Lsfr21                             sfr21        00000
__Lsfr22                             sfr22        00000
__Lsfr23                             sfr23        00000
__Lsfr24                             sfr24        00000
__Lsfr25                             sfr25        00000
__Lsfr26                             sfr26        00000
__Lsfr27                             sfr27        00000
__Lsfr28                             sfr28        00000
__Lsfr29                             sfr29        00000
__Lsfr3                              sfr3         00000
__Lsfr30                             sfr30        00000
__Lsfr31                             sfr31        00000
__Lsfr32                             sfr32        00000
__Lsfr33                             sfr33        00000
__Lsfr34                             sfr34        00000
__Lsfr35                             sfr35        00000
__Lsfr36                             sfr36        00000
__Lsfr37                             sfr37        00000
__Lsfr38                             sfr38        00000
__Lsfr39                             sfr39        00000
__Lsfr4                              sfr4         00000
__Lsfr40                             sfr40        00000
__Lsfr41                             sfr41        00000
__Lsfr42                             sfr42        00000
__Lsfr43                             sfr43        00000
__Lsfr44                             sfr44        00000
__Lsfr45                             sfr45        00000
__Lsfr46                             sfr46        00000
__Lsfr47                             sfr47        00000
__Lsfr48                             sfr48        00000
__Lsfr49                             sfr49        00000
__Lsfr5                              sfr5         00000
__Lsfr50                             sfr50        00000
__Lsfr51                             sfr51        00000
__Lsfr52                             sfr52        00000
__Lsfr53                             sfr53        00000
__Lsfr54                             sfr54        00000
__Lsfr55                             sfr55        00000
__Lsfr56                             sfr56        00000
__Lsfr57                             sfr57        00000
__Lsfr58                             sfr58        00000
__Lsfr59                             sfr59        00000
__Lsfr6                              sfr6         00000
__Lsfr60                             sfr60        00000
__Lsfr61                             sfr61        00000
__Lsfr62                             sfr62        00000
__Lsfr63                             sfr63        00000
__Lsfr7                              sfr7         00000
__Lsfr8                              sfr8         00000
__Lsfr9                              sfr9         00000
__Lspace_0                           (abs)        00000
__Lspace_1                           (abs)        00000
__Lspace_2                           (abs)        00000
__Lspace_3                           (abs)        00000
__Lstack                             stack        00000
__Lstrings                           strings      00000
__Ltext                              text         00000
__S0                                 (abs)        0800C
__S1                                 (abs)        00148
__S2                                 (abs)        00000
___aldiv                             text17       00596
___aldiv@counter                     cstackBANK1  000CA
___aldiv@dividend                    cstackBANK1  000C5
___aldiv@divisor                     cstackBANK1  000C1
___aldiv@quotient                    cstackBANK1  000CC
___aldiv@sign                        cstackBANK1  000CB
___awtoft                            text52       00BFD
___awtoft@c                          cstackCOMMON 00078
___awtoft@sign                       cstackCOMMON 0007D
___ftadd                             text56       00069
___ftadd@exp1                        cstackBANK0  00036
___ftadd@exp2                        cstackBANK0  00035
___ftadd@f1                          cstackBANK0  0002A
___ftadd@f2                          cstackBANK0  0002D
___ftadd@sign                        cstackBANK0  00034
___ftdiv                             text51       003D8
___ftdiv@cntr                        cstackBANK0  00041
___ftdiv@exp                         cstackBANK0  00045
___ftdiv@f1                          cstackBANK0  0003A
___ftdiv@f2                          cstackBANK0  00037
___ftdiv@f3                          cstackBANK0  00042
___ftdiv@sign                        cstackBANK0  00046
___ftge                              text35       00E34
___ftge@ff1                          cstackBANK1  000C1
___ftge@ff2                          cstackBANK1  000C4
___ftmul                             text55       00325
___ftmul@cntr                        cstackBANK0  00028
___ftmul@exp                         cstackBANK0  00024
___ftmul@f1                          cstackCOMMON 00078
___ftmul@f2                          cstackCOMMON 0007B
___ftmul@f3_as_product               cstackBANK0  00025
___ftmul@sign                        cstackBANK0  00029
___ftneg                             text50       00A97
___ftneg@f1                          cstackBANK0  00020
___ftpack                            text57       006ED
___ftpack@arg                        cstackCOMMON 00070
___ftpack@exp                        cstackCOMMON 00073
___ftpack@sign                       cstackCOMMON 00074
___fttol                             text40       00510
___fttol@exp1                        cstackCOMMON 0007D
___fttol@f1                          cstackCOMMON 00070
___fttol@lval                        cstackCOMMON 00079
___fttol@sign1                       cstackCOMMON 00078
___int_sp                            stack        00000
___latbits                           (abs)        00001
___lwdiv                             text5        00DC4
___lwdiv@counter                     cstackBANK1  000CE
___lwdiv@dividend                    cstackBANK1  000C9
___lwdiv@divisor                     cstackBANK1  000C7
___lwdiv@quotient                    cstackBANK1  000CC
___sp                                stack        00000
___wmul                              text4        00B87
___wmul@multiplicand                 cstackBANK1  000C3
___wmul@multiplier                   cstackBANK1  000C1
___wmul@product                      cstackBANK1  000C5
__end_of_ADC_GetConversion           text6        00B87
__end_of_ADC_Get_Vol                 text3        00D5A
__end_of_ADC_Initialize              text27       00AEB
__end_of_AngleCalcu                  text53       007B0
__end_of_CheckDoorClosed             text34       00F6B
__end_of_CheckDoorOpened             text33       00D8F
__end_of_ClearAngle                  text32       00AAA
__end_of_Clear_FrameDone             text31       00800
__end_of_Com_Lock_IIC_Read_Data      text20       007FC
__end_of_Com_Lock_IIC_Start          text25       00B2D
__end_of_Com_Lock_IIC_Stop           text24       00B0B
__end_of_Com_Lock_IIC_Write_Data     text23       00FB5
__end_of_Com_Lock_MPU_RD_Reg         text19       00D2B
__end_of_Com_Lock_MPU_Write_Command  text22       00B56
__end_of_EUSART_Initialize           text26       00BDE
__end_of_EUSART_Read                 text30       00689
__end_of_EUSART_Receive_ISR          text59       00C84
__end_of_EUSART_Transmit_ISR         text58       00BC0
__end_of_EUSART_Write                text21       00CFD
__end_of_EUSART_Write_Frame          text2        00EAC
__end_of_Get6500Data                 text18       00C60
__end_of_INTERRUPT_InterruptManager  intentry     00043
__end_of_Init_MPU6500                text15       01000
__end_of_Interrupt_Enable            text14       00A75
__end_of_Mpu6500GyroAngle            text41       00325
__end_of_OSCILLATOR_Initialize       text13       00AB4
__end_of_PIN_MANAGER_Initialize      text12       00DC4
__end_of_PMD_Initialize              text11       00A97
__end_of_ReadRstPIN                  text29       00A8F
__end_of_ReadTouchKeyPIN             text28       00ADD
__end_of_Read_Offset                 text16       006ED
__end_of_SYSTEM_Initialize           text9        00B6E
__end_of_TMR0_ISR                    text38       00BFD
__end_of_TMR0_Initialize             text10       00AC1
__end_of_TMR0_StartTimer             text8        00A82
__end_of_TMR0_StopTimer              text7        00A78
__end_of_TMR0_Task                   text39       00510
__end_of_UART_Task                   text1        00B40
__end_of___aldiv                     text17       00618
__end_of___awtoft                    text52       00C1D
__end_of___ftadd                     text56       0015F
__end_of___ftdiv                     text51       00481
__end_of___ftge                      text35       00E70
__end_of___ftmul                     text55       003D8
__end_of___ftneg                     text50       00AA0
__end_of___ftpack                    text57       00751
__end_of___fttol                     text40       00596
__end_of___lwdiv                     text5        00DF9
__end_of___wmul                      text4        00BA3
__end_of__initialization             cinit        00065
__end_of_abs                         text49       00ACF
__end_of_main                        maintext     00247
__end_ofi1_Com_Lock_IIC_Read_Data    text47       00F2A
__end_ofi1_Com_Lock_IIC_Start        text46       00B1C
__end_ofi1_Com_Lock_IIC_Stop         text45       00AFB
__end_ofi1_Com_Lock_IIC_Write_Data   text44       00EEA
__end_ofi1_Com_Lock_MPU_RD_Reg       text43       00CD2
__end_ofi1_EUSART_Write              text48       00CAA
__end_ofi1_Get6500Data               text42       00C3E
__end_ofi1_TMR0_StartTimer           text37       00A7D
__end_ofi1___ftge                    text54       00E34
__initialization                     cinit        00045
__pbssBANK0                          bssBANK0     00057
__pbssBANK1                          bssBANK1     000A0
__pbssBANK2                          bssBANK2     00120
__pcstackBANK0                       cstackBANK0  00020
__pcstackBANK1                       cstackBANK1  000C1
__pcstackCOMMON                      cstackCOMMON 00070
__pdataBANK0                         dataBANK0    0006F
__pdataBANK1                         dataBANK1    000DF
__pidataBANK0                        idataBANK0   00003
__pidataBANK1                        idataBANK1   00002
__pintentry                          intentry     00004
__pmaintext                          maintext     0015F
__pnvBANK0                           nvBANK0      0006E
__ptext1                             text1        00B2D
__ptext10                            text10       00AB4
__ptext11                            text11       00A8F
__ptext12                            text12       00D8F
__ptext13                            text13       00AAA
__ptext14                            text14       00A72
__ptext15                            text15       00FB5
__ptext16                            text16       00689
__ptext17                            text17       00596
__ptext18                            text18       00C3E
__ptext19                            text19       00CFD
__ptext2                             text2        00E70
__ptext20                            text20       007B0
__ptext21                            text21       00CD2
__ptext22                            text22       00B40
__ptext23                            text23       00F6B
__ptext24                            text24       00AFB
__ptext25                            text25       00B1C
__ptext26                            text26       00BC0
__ptext27                            text27       00ADD
__ptext28                            text28       00ACF
__ptext29                            text29       00A88
__ptext3                             text3        00D2B
__ptext30                            text30       00618
__ptext31                            text31       007FC
__ptext32                            text32       00AA0
__ptext33                            text33       00D5A
__ptext34                            text34       00F2A
__ptext35                            text35       00E34
__ptext37                            text37       00A78
__ptext38                            text38       00BDE
__ptext39                            text39       00481
__ptext4                             text4        00B87
__ptext40                            text40       00510
__ptext41                            text41       00247
__ptext42                            text42       00C1D
__ptext43                            text43       00CAA
__ptext44                            text44       00EAC
__ptext45                            text45       00AEB
__ptext46                            text46       00B0B
__ptext47                            text47       00EEA
__ptext48                            text48       00C84
__ptext49                            text49       00AC1
__ptext5                             text5        00DC4
__ptext50                            text50       00A97
__ptext51                            text51       003D8
__ptext52                            text52       00BFD
__ptext53                            text53       00751
__ptext54                            text54       00DF9
__ptext55                            text55       00325
__ptext56                            text56       00069
__ptext57                            text57       006ED
__ptext58                            text58       00BA3
__ptext59                            text59       00C60
__ptext6                             text6        00B6E
__ptext7                             text7        00A75
__ptext8                             text8        00A7D
__ptext9                             text9        00B56
__size_of_ADC_GetConversion          (abs)        00000
__size_of_ADC_Get_Vol                (abs)        00000
__size_of_ADC_Initialize             (abs)        00000
__size_of_AngleCalcu                 (abs)        00000
__size_of_CheckDoorClosed            (abs)        00000
__size_of_CheckDoorOpened            (abs)        00000
__size_of_ClearAngle                 (abs)        00000
__size_of_Clear_FrameDone            (abs)        00000
__size_of_Com_Lock_IIC_Read_Data     (abs)        00000
__size_of_Com_Lock_IIC_Start         (abs)        00000
__size_of_Com_Lock_IIC_Stop          (abs)        00000
__size_of_Com_Lock_IIC_Write_Data    (abs)        00000
__size_of_Com_Lock_MPU_RD_Reg        (abs)        00000
__size_of_Com_Lock_MPU_Write_Command (abs)        00000
__size_of_EUSART_Initialize          (abs)        00000
__size_of_EUSART_Read                (abs)        00000
__size_of_EUSART_Receive_ISR         (abs)        00000
__size_of_EUSART_Transmit_ISR        (abs)        00000
__size_of_EUSART_Write               (abs)        00000
__size_of_EUSART_Write_Frame         (abs)        00000
__size_of_Get6500Data                (abs)        00000
__size_of_INTERRUPT_InterruptManager (abs)        00000
__size_of_Init_MPU6500               (abs)        00000
__size_of_Interrupt_Enable           (abs)        00000
__size_of_Mpu6500GyroAngle           (abs)        00000
__size_of_OSCILLATOR_Initialize      (abs)        00000
__size_of_PIN_MANAGER_Initialize     (abs)        00000
__size_of_PMD_Initialize             (abs)        00000
__size_of_ReadRstPIN                 (abs)        00000
__size_of_ReadTouchKeyPIN            (abs)        00000
__size_of_Read_Offset                (abs)        00000
__size_of_SYSTEM_Initialize          (abs)        00000
__size_of_TMR0_ISR                   (abs)        00000
__size_of_TMR0_Initialize            (abs)        00000
__size_of_TMR0_StartTimer            (abs)        00000
__size_of_TMR0_StopTimer             (abs)        00000
__size_of_TMR0_Task                  (abs)        00000
__size_of_UART_Task                  (abs)        00000
__size_of___aldiv                    (abs)        00000
__size_of___awtoft                   (abs)        00000
__size_of___ftadd                    (abs)        00000
__size_of___ftdiv                    (abs)        00000
__size_of___ftge                     (abs)        00000
__size_of___ftmul                    (abs)        00000
__size_of___ftneg                    (abs)        00000
__size_of___ftpack                   (abs)        00000
__size_of___fttol                    (abs)        00000
__size_of___lwdiv                    (abs)        00000
__size_of___wmul                     (abs)        00000
__size_of_abs                        (abs)        00000
__size_of_main                       (abs)        00000
__size_ofi1_Com_Lock_IIC_Read_Data   (abs)        00000
__size_ofi1_Com_Lock_IIC_Start       (abs)        00000
__size_ofi1_Com_Lock_IIC_Stop        (abs)        00000
__size_ofi1_Com_Lock_IIC_Write_Data  (abs)        00000
__size_ofi1_Com_Lock_MPU_RD_Reg      (abs)        00000
__size_ofi1_EUSART_Write             (abs)        00000
__size_ofi1_Get6500Data              (abs)        00000
__size_ofi1_TMR0_StartTimer          (abs)        00000
__size_ofi1___ftge                   (abs)        00000
_abs                                 text49       00AC1
_eusartFrameDone                     bssBANK1     000B7
_eusartRxBuffer                      bssBANK2     00134
_eusartRxCount                       bssBANK1     000B9
_eusartRxHead                        bssBANK0     0006B
_eusartRxTail                        bssBANK1     000BA
_eusartTempRxBuffer                  bssBANK2     00120
_eusartTempRxCount                   bssBANK1     000B8
_eusartTxBuffer                      bssBANK1     000A0
_eusartTxBufferRemaining             nvBANK0      0006E
_eusartTxHead                        bssBANK0     0006D
_eusartTxTail                        bssBANK0     0006C
_filter_result                       bssBANK1     000BB
_gu16OpenTimCnt                      bssBANK1     000AB
_gu16RstTimCnt                       bssBANK1     000B1
_gu8ClosedCnt                        bssBANK1     000B3
_gu8DoorClosed                       bssBANK1     000B4
_gu8DoorOpened                       bssBANK1     000B5
_gu8DoorState                        dataBANK0    0006F
_gu8OldDoorState                     dataBANK1    000DF
_gu8OperationState                   bssBANK0     00069
_gu8UartTicnt                        bssBANK1     000B6
_main                                maintext     0015F
_result_gyro                         bssBANK1     000A8
_sum                                 bssBANK0     0005B
_sum_                                bssBANK0     00057
abs@a                                cstackCOMMON 00070
btemp                                (abs)        0007E
clear_ram0                           clrtext      00A82
end_of_initialization                cinit        00065
i1Com_Lock_IIC_Read_Data@ack         cstackCOMMON 00071
i1Com_Lock_IIC_Read_Data@i           cstackCOMMON 00073
i1Com_Lock_IIC_Read_Data@retVal      cstackCOMMON 00072
i1Com_Lock_IIC_Write_Data@dat        cstackCOMMON 00071
i1Com_Lock_IIC_Write_Data@i          cstackCOMMON 00073
i1Com_Lock_IIC_Write_Data@retVal     cstackCOMMON 00072
i1Com_Lock_MPU_RD_Reg@addr           cstackCOMMON 00076
i1Com_Lock_MPU_RD_Reg@temp           cstackCOMMON 00077
i1EUSART_Write@txData                cstackCOMMON 00071
i1Get6500Data@H                      cstackCOMMON 0007A
i1Get6500Data@L                      cstackCOMMON 0007B
i1Get6500Data@REG_Address            cstackCOMMON 0007C
i1_Com_Lock_IIC_Read_Data            text47       00EEA
i1_Com_Lock_IIC_Start                text46       00B0B
i1_Com_Lock_IIC_Stop                 text45       00AEB
i1_Com_Lock_IIC_Write_Data           text44       00EAC
i1_Com_Lock_MPU_RD_Reg               text43       00CAA
i1_EUSART_Write                      text48       00C84
i1_Get6500Data                       text42       00C1D
i1_TMR0_StartTimer                   text37       00A78
i1___ftge                            text54       00DF9
i1___ftge@ff1                        cstackCOMMON 00070
i1___ftge@ff2                        cstackCOMMON 00073
int$flags                            (abs)        0007E
intlevel0                            functab      00000
intlevel1                            functab      00000
intlevel2                            functab      00000
intlevel3                            functab      00000
intlevel4                            functab      00000
intlevel5                            functab      00000
reset_vec                            reset_vec    00000
stackhi                              (abs)        021EF
stacklo                              (abs)        020C8
start                                init         00043
start_initialization                 cinit        00045
wtemp0                               (abs)        0007E


FUNCTION INFORMATION:

 *************** function _main *****************
 Defined at:
		line 65 in file "main.c"
 Parameters:    Size  Location     Type
		None
 Auto vars:     Size  Location     Type
		None
 Return value:  Size  Location     Type
                  1    wreg      void 
 Registers used:
		wreg, fsr0l, fsr0h, fsr1l, fsr1h, status,2, status,0, pclath, cstack
 Tracked objects:
		On entry : 
		On exit  : 
		Unchanged: 
 Data sizes:     COMMON   BANK0   BANK1   BANK2   BANK3   BANK4   BANK5   BANK6
      Params:         0       0       0       0       0       0       0       0
      Locals:         0       0       0       0       0       0       0       0
      Temps:          0       0       1       0       0       0       0       0
      Totals:         0       0       1       0       0       0       0       0
Total ram usage:        1 bytes
 Hardware stack levels required when called:   13
 This function calls:
		_CheckDoorClosed
		_CheckDoorOpened
		_ClearAngle
		_Clear_FrameDone
		_EUSART_Read
		_EUSART_Write
		_ReadRstPIN
		_ReadTouchKeyPIN
		_SYSTEM_Initialize
		_TMR0_StartTimer
		_TMR0_StopTimer
		_UART_Task
 This function is called by:
		Startup code after reset
 This function uses a non-reentrant model


 *************** function _UART_Task *****************
 Defined at:
		line 237 in file "src/eusart.c"
 Parameters:    Size  Location     Type
		None
 Auto vars:     Size  Location     Type
		None
 Return value:  Size  Location     Type
                  1    wreg      void 
 Registers used:
		wreg, fsr0l, fsr0h, fsr1l, fsr1h, status,2, status,0, pclath, cstack
 Tracked objects:
		On entry : 
		On exit  : 
		Unchanged: 
[...]
 Defined at:
		line 137 in file "src/mpu_iic.c"
 Parameters:    Size  Location     Type
  ack             1    wreg     unsigned char 
 Auto vars:     Size  Location     Type
  ack             1    1[COMMON] unsigned char 
  Com_Lock_IIC    2    3[COMMON] int 
  Com_Lock_IIC    1    2[COMMON] unsigned char 
 Return value:  Size  Location     Type
                  1    wreg      unsigned char 
 Registers used:
		wreg, status,2, status,0
 Tracked objects:
		On entry : 
		On exit  : 
		Unchanged: 
 Data sizes:     COMMON   BANK0   BANK1   BANK2   BANK3   BANK4   BANK5   BANK6
      Params:         0       0       0       0       0       0       0       0
      Locals:         4       0       0       0       0       0       0       0
      Temps:          1       0       0       0       0       0       0       0
      Totals:         5       0       0       0       0       0       0       0
Total ram usage:        5 bytes
 Hardware stack levels used:    1
 This function calls:
		Nothing
 This function is called by:
		i1_Com_Lock_MPU_RD_Reg
 This function uses a non-reentrant model


 *************** function i1_EUSART_Write *****************
 Defined at:
		line 185 in file "src/eusart.c"
 Parameters:    Size  Location     Type
  txData          1    wreg     unsigned char 
 Auto vars:     Size  Location     Type
  txData          1    1[COMMON] unsigned char 
 Return value:  Size  Location     Type
                  1    wreg      void 
 Registers used:
		wreg, fsr1l, fsr1h, status,2, status,0
 Tracked objects:
		On entry : 
		On exit  : 
		Unchanged: 
 Data sizes:     COMMON   BANK0   BANK1   BANK2   BANK3   BANK4   BANK5   BANK6
      Params:         0       0       0       0       0       0       0       0
      Locals:         1       0       0       0       0       0       0       0
      Temps:          1       0       0       0       0       0       0       0
      Totals:         2       0       0       0       0       0       0       0
Total ram usage:        2 bytes
 Hardware stack levels used:    1
 This function calls:
		Nothing
 This function is called by:
		_Mpu6500GyroAngle
		_TMR0_Task
 This function uses a non-reentrant model


 *************** function _abs *****************
 Defined at:
		line 4 in file "E:\Microchip\xc8\v2.00\pic\sources\c90\common\abs.c"
 Parameters:    Size  Location     Type
  a               2    0[COMMON] int 
 Auto vars:     Size  Location     Type
		None
 Return value:  Size  Location     Type
                  2    0[COMMON] int 
 Registers used:
		wreg, status,2, status,0
 Tracked objects:
		On entry : 
		On exit  : 
		Unchanged: 
 Data sizes:     COMMON   BANK0   BANK1   BANK2   BANK3   BANK4   BANK5   BANK6
      Params:         2       0       0       0       0       0       0       0
      Locals:         0       0       0       0       0       0       0       0
      Temps:          2       0       0       0       0       0       0       0
      Totals:         4       0       0       0       0       0       0       0
Total ram usage:        4 bytes
 Hardware stack levels used:    1
 This function calls:
		Nothing
 This function is called by:
		_Mpu6500GyroAngle
 This function uses a non-reentrant model


 *************** function ___ftneg *****************
 Defined at:
		line 15 in file "E:\Microchip\xc8\v2.00\pic\sources\c90\common\ftneg.c"
 Parameters:    Size  Location     Type
  f1              3    0[BANK0 ] float 
 Auto vars:     Size  Location     Type
		None
 Return value:  Size  Location     Type
                  3    0[BANK0 ] float 
 Registers used:
		wreg
 Tracked objects:
		On entry : 
		On exit  : 
		Unchanged: 
 Data sizes:     COMMON   BANK0   BANK1   BANK2   BANK3   BANK4   BANK5   BANK6
      Params:         0       3       0       0       0       0       0       0
      Locals:         0       0       0       0       0       0       0       0
      Temps:          0       0       0       0       0       0       0       0
      Totals:         0       3       0       0       0       0       0       0
Total ram usage:        3 bytes
 Hardware stack levels used:    1
 This function calls:
		Nothing
 This function is called by:
		_Mpu6500GyroAngle
 This function uses a non-reentrant model


 *************** function ___ftdiv *****************
 Defined at:
		line 56 in file "E:\Microchip\xc8\v2.00\pic\sources\c90\common\ftdiv.c"
 Parameters:    Size  Location     Type
  f2              3   23[BANK0 ] float 
  f1              3   26[BANK0 ] float 
 Auto vars:     Size  Location     Type
  f3              3   34[BANK0 ] float 
  sign            1   38[BANK0 ] unsigned char 
  exp             1   37[BANK0 ] unsigned char 
  cntr            1   33[BANK0 ] unsigned char 
 Return value:  Size  Location     Type
                  3   23[BANK0 ] float 
 Registers used:
		wreg, status,2, status,0, pclath, cstack
 Tracked objects:
		On entry : 
		On exit  : 
		Unchanged: 
 Data sizes:     COMMON   BANK0   BANK1   BANK2   BANK3   BANK4   BANK5   BANK6
      Params:         0       6       0       0       0       0       0       0
      Locals:         0       6       0       0       0       0       0       0
      Temps:          0       4       0       0       0       0       0       0
      Totals:         0      16       0       0       0       0       0       0
Total ram usage:       16 bytes
 Hardware stack levels used:    1
 Hardware stack levels required when called:    1
 This function calls:
		___ftpack
 This function is called by:
		_Mpu6500GyroAngle
 This function uses a non-reentrant model


 *************** function ___awtoft *****************
 Defined at:
		line 32 in file "E:\Microchip\xc8\v2.00\pic\sources\c90\common\awtoft.c"
 Parameters:    Size  Location     Type
  c               2    8[COMMON] int 
 Auto vars:     Size  Location     Type
  sign            1   13[COMMON] unsigned char 
 Return value:  Size  Location     Type
                  3    8[COMMON] float 
 Registers used:
		wreg, status,2, status,0, pclath, cstack
 Tracked objects:
		On entry : 
		On exit  : 
		Unchanged: 
 Data sizes:     COMMON   BANK0   BANK1   BANK2   BANK3   BANK4   BANK5   BANK6
      Params:         3       0       0       0       0       0       0       0
      Locals:         1       0       0       0       0       0       0       0
      Temps:          2       0       0       0       0       0       0       0
      Totals:         6       0       0       0       0       0       0       0
Total ram usage:        6 bytes
 Hardware stack levels used:    1
 Hardware stack levels required when called:    1
 This function calls:
		___ftpack
 This function is called by:
		_Mpu6500GyroAngle
 This function uses a non-reentrant model


 *************** function _AngleCalcu *****************
 Defined at:
		line 91 in file "src/filter.c"
 Parameters:    Size  Location     Type
  angle_m         3   23[BANK0 ] float 
  gyro_m          3   26[BANK0 ] float 
  p               1   29[BANK0 ] PTR float 
		 -> filter_result(6), 
 Auto vars:     Size  Location     Type
		None
 Return value:  Size  Location     Type
                  1    wreg      void 
 Registers used:
		wreg, fsr1l, fsr1h, status,2, status,0, pclath, cstack
 Tracked objects:
		On entry : 
		On exit  : 
		Unchanged: 
 Data sizes:     COMMON   BANK0   BANK1   BANK2   BANK3   BANK4   BANK5   BANK6
      Params:         0       7       0       0       0       0       0       0
      Locals:         0       0       0       0       0       0       0       0
      Temps:          0       0       0       0       0       0       0       0
      Totals:         0       7       0       0       0       0       0       0
Total ram usage:        7 bytes
 Hardware stack levels used:    1
 Hardware stack levels required when called:    2
 This function calls:
		___ftadd
		___ftmul
		i1___ftge
 This function is called by:
		_TMR0_Task
 This function uses a non-reentrant model


 *************** function i1___ftge *****************
 Defined at:
		line 4 in file "E:\Microchip\xc8\v2.00\pic\sources\c90\common\ftge.c"
 Parameters:    Size  Location     Type
  ff1             3    0[COMMON] float 
  ff2             3    3[COMMON] float 
 Auto vars:     Size  Location     Type
		None
 Return value:  Size  Location     Type
		None               void
 Registers used:
		wreg, status,2, status,0
 Tracked objects:
		On entry : 
		On exit  : 
		Unchanged: 
 Data sizes:     COMMON   BANK0   BANK1   BANK2   BANK3   BANK4   BANK5   BANK6
      Params:         6       0       0       0       0       0       0       0
      Locals:         0       0       0       0       0       0       0       0
      Temps:          3       0       0       0       0       0       0       0
      Totals:         9       0       0       0       0       0       0       0
Total ram usage:        9 bytes
 Hardware stack levels used:    1
 This function calls:
		Nothing
 This function is called by:
		_AngleCalcu
 This function uses a non-reentrant model


 *************** function ___ftmul *****************
 Defined at:
		line 62 in file "E:\Microchip\xc8\v2.00\pic\sources\c90\common\ftmul.c"
 Parameters:    Size  Location     Type
  f1              3    8[COMMON] float 
  f2              3   11[COMMON] float 
 Auto vars:     Size  Location     Type
  f3_as_produc    3    5[BANK0 ] unsigned um
  sign            1    9[BANK0 ] unsigned char 
  cntr            1    8[BANK0 ] unsigned char 
  exp             1    4[BANK0 ] unsigned char 
 Return value:  Size  Location     Type
                  3    8[COMMON] float 
 Registers used:
		wreg, status,2, status,0, pclath, cstack
 Tracked objects:
		On entry : 
		On exit  : 
		Unchanged: 
 Data sizes:     COMMON   BANK0   BANK1   BANK2   BANK3   BANK4   BANK5   BANK6
      Params:         6       0       0       0       0       0       0       0
      Locals:         0       6       0       0       0       0       0       0
      Temps:          0       4       0       0       0       0       0       0
      Totals:         6      10       0       0       0       0       0       0
Total ram usage:       16 bytes
 Hardware stack levels used:    1
 Hardware stack levels required when called:    1
 This function calls:
		___ftpack
 This function is called by:
		_AngleCalcu
 This function uses a non-reentrant model


 *************** function ___ftadd *****************
 Defined at:
		line 86 in file "E:\Microchip\xc8\v2.00\pic\sources\c90\common\ftadd.c"
 Parameters:    Size  Location     Type
  f1              3   10[BANK0 ] float 
  f2              3   13[BANK0 ] float 
 Auto vars:     Size  Location     Type
  exp1            1   22[BANK0 ] unsigned char 
  exp2            1   21[BANK0 ] unsigned char 
  sign            1   20[BANK0 ] unsigned char 
 Return value:  Size  Location     Type
                  3   10[BANK0 ] float 
 Registers used:
		wreg, status,2, status,0, pclath, cstack
 Tracked objects:
		On entry : 
		On exit  : 
		Unchanged: 
 Data sizes:     COMMON   BANK0   BANK1   BANK2   BANK3   BANK4   BANK5   BANK6
      Params:         0       6       0       0       0       0       0       0
      Locals:         0       3       0       0       0       0       0       0
      Temps:          0       4       0       0       0       0       0       0
      Totals:         0      13       0       0       0       0       0       0
Total ram usage:       13 bytes
 Hardware stack levels used:    1
 Hardware stack levels required when called:    1
 This function calls:
		___ftpack
 This function is called by:
		_Mpu6500GyroAngle
		_AngleCalcu
 This function uses a non-reentrant model


 *************** function ___ftpack *****************
 Defined at:
		line 62 in file "E:\Microchip\xc8\v2.00\pic\sources\c90\common\float.c"
 Parameters:    Size  Location     Type
  arg             3    0[COMMON] unsigned um
  exp             1    3[COMMON] unsigned char 
  sign            1    4[COMMON] unsigned char 
 Auto vars:     Size  Location     Type
		None
 Return value:  Size  Location     Type
                  3    0[COMMON] float 
 Registers used:
		wreg, status,2, status,0
 Tracked objects:
		On entry : 
		On exit  : 
		Unchanged: 
 Data sizes:     COMMON   BANK0   BANK1   BANK2   BANK3   BANK4   BANK5   BANK6
      Params:         5       0       0       0       0       0       0       0
      Locals:         0       0       0       0       0       0       0       0
      Temps:          3       0       0       0       0       0       0       0
      Totals:         8       0       0       0       0       0       0       0
Total ram usage:        8 bytes
 Hardware stack levels used:    1
 This function calls:
		Nothing
 This function is called by:
		___awtoft
		___ftadd
		___ftdiv
		___ftmul
 This function uses a non-reentrant model


 *************** function _EUSART_Transmit_ISR *****************
 Defined at:
		line 265 in file "src/eusart.c"
 Parameters:    Size  Location     Type
		None
 Auto vars:     Size  Location     Type
		None
 Return value:  Size  Location     Type
                  1    wreg      void 
 Registers used:
		wreg, fsr1l, fsr1h, status,2, status,0
 Tracked objects:
		On entry : 
		On exit  : 
		Unchanged: 
 Data sizes:     COMMON   BANK0   BANK1   BANK2   BANK3   BANK4   BANK5   BANK6
      Params:         0       0       0       0       0       0       0       0
      Locals:         0       0       0       0       0       0       0       0
      Temps:          1       0       0       0       0       0       0       0
      Totals:         1       0       0       0       0       0       0       0
Total ram usage:        1 bytes
 Hardware stack levels used:    1
 This function calls:
		Nothing
 This function is called by:
		_INTERRUPT_InterruptManager
 This function uses a non-reentrant model


 *************** function _EUSART_Receive_ISR *****************
 Defined at:
		line 284 in file "src/eusart.c"
 Parameters:    Size  Location     Type
		None
 Auto vars:     Size  Location     Type
  dumread         1    1[COMMON] unsigned char 
 Return value:  Size  Location     Type
                  1    wreg      void 
 Registers used:
		wreg, fsr1l, fsr1h, status,2, status,0
 Tracked objects:
		On entry : 
		On exit  : 
		Unchanged: 
 Data sizes:     COMMON   BANK0   BANK1   BANK2   BANK3   BANK4   BANK5   BANK6
      Params:         0       0       0       0       0       0       0       0
      Locals:         1       0       0       0       0       0       0       0
      Temps:          1       0       0       0       0       0       0       0
      Totals:         2       0       0       0       0       0       0       0
Total ram usage:        2 bytes
 Hardware stack levels used:    1
 This function calls:
		Nothing
 This function is called by:
		_INTERRUPT_InterruptManager
 This function uses a non-reentrant model



MODULE INFORMATION

Module		Function		Class		Link	Load	Size
E:\Microchip\xc8\v2.00\pic\sources\c90\common\fttol.c
		___fttol       		CODE           	0510	0000	135

E:\Microchip\xc8\v2.00\pic\sources\c90\common\fttol.c estimated size: 135

E:\Microchip\xc8\v2.00\pic\sources\c90\common\ftadd.c
		___ftadd       		CODE           	0069	0000	247

E:\Microchip\xc8\v2.00\pic\sources\c90\common\ftadd.c estimated size: 247

E:\Microchip\xc8\v2.00\pic\sources\c90\common\Umul16.c
		___wmul        		CODE           	0B87	0000	29

E:\Microchip\xc8\v2.00\pic\sources\c90\common\Umul16.c estimated size: 29

src/tmr0.c
		_TMR0_Task     		CODE           	0481	0000	144
		_TMR0_StopTimer		CODE           	0A75	0000	4
		_TMR0_StartTimer		CODE           	0A7D	0000	6
		_TMR0_ISR      		CODE           	0BDE	0000	32
		_TMR0_Initialize		CODE           	0AB4	0000	14

src/tmr0.c estimated size: 200

src/eusart.c
		_UART_Task     		CODE           	0B2D	0000	20
		_EUSART_Read   		CODE           	0618	0000	114
		_EUSART_Write  		CODE           	0CD2	0000	44
		_EUSART_Transmit_ISR		CODE           	0BA3	0000	30
		_EUSART_Initialize		CODE           	0BC0	0000	31
		_EUSART_Write_Frame		CODE           	0E70	0000	61
		_EUSART_Receive_ISR		CODE           	0C60	0000	37
		_Clear_FrameDone		CODE           	07FC	0000	5

src/eusart.c estimated size: 342

E:\Microchip\xc8\v2.00\pic\sources\c90\common\ftneg.c
		___ftneg       		CODE           	0A97	0000	10

E:\Microchip\xc8\v2.00\pic\sources\c90\common\ftneg.c estimated size: 10

src/gpio.c
		_PIN_MANAGER_Initialize		CODE           	0D8F	0000	54
		_ReadRstPIN    		CODE           	0A88	0000	8
		_ReadTouchKeyPIN		CODE           	0ACF	0000	15

src/gpio.c estimated size: 77

E:\Microchip\xc8\v2.00\pic\sources\c90\common\awtoft.c
		___awtoft      		CODE           	0BFD	0000	33

E:\Microchip\xc8\v2.00\pic\sources\c90\common\awtoft.c estimated size: 33

E:\Microchip\xc8\v2.00\pic\sources\c90\common\float.c
		___ftpack      		CODE           	06ED	0000	101

E:\Microchip\xc8\v2.00\pic\sources\c90\common\float.c estimated size: 101

src/mpu_iic.c
		_Com_Lock_IIC_Read_Data		CODE           	07B0	0000	77
		_Com_Lock_IIC_Write_Data		CODE           	0F6B	0000	75
		_Com_Lock_IIC_Start		CODE           	0B1C	0000	18
		_Get6500Data   		CODE           	0C3E	0000	35
		_Com_Lock_MPU_Write_Command		CODE           	0B40	0000	23
		_Init_MPU6500  		CODE           	0FB5	0000	76
		_Read_Offset   		CODE           	0689	0000	101
		_Mpu6500GyroAngle		CODE           	0247	0000	223
		_Com_Lock_IIC_Stop		CODE           	0AFB	0000	17
		_Com_Lock_MPU_RD_Reg		CODE           	0CFD	0000	47

src/mpu_iic.c estimated size: 692

src/interrupt_manager.c
		_Interrupt_Enable		CODE           	0A72	0000	4
		_INTERRUPT_InterruptManager		CODE           	0004	0000	64

src/interrupt_manager.c estimated size: 68

E:\Microchip\xc8\v2.00\pic\sources\c90\common\abs.c
		_abs           		CODE           	0AC1	0000	15

E:\Microchip\xc8\v2.00\pic\sources\c90\common\abs.c estimated size: 15

shared
		i1_Com_Lock_IIC_Stop		CODE           	0AEB	0000	17
		i1_TMR0_StartTimer		CODE           	0A78	0000	6
		i1_Com_Lock_IIC_Read_Data		CODE           	0EEA	0000	65
		i1___ftge      		CODE           	0DF9	0000	60
		i1_EUSART_Write		CODE           	0C84	0000	39
		i1_Com_Lock_IIC_Write_Data		CODE           	0EAC	0000	63
		i1_Com_Lock_MPU_RD_Reg		CODE           	0CAA	0000	41
		__initialization		CODE           	0045	0000	33
		i1_Get6500Data 		CODE           	0C1D	0000	34
		i1_Com_Lock_IIC_Start		CODE           	0B0B	0000	18

shared estimated size: 376

src/adc.c
		_ADC_Get_Vol   		CODE           	0D2B	0000	48
		_ADC_Initialize		CODE           	0ADD	0000	15
		_ADC_GetConversion		CODE           	0B6E	0000	26

src/adc.c estimated size: 89

src/filter.c
		_AngleCalcu    		CODE           	0751	0000	96
		_ClearAngle    		CODE           	0AA0	0000	11
		_CheckDoorOpened		CODE           	0D5A	0000	54
		_CheckDoorClosed		CODE           	0F2A	0000	66

src/filter.c estimated size: 227

E:\Microchip\xc8\v2.00\pic\sources\c90\common\ftmul.c
		___ftmul       		CODE           	0325	0000	180

E:\Microchip\xc8\v2.00\pic\sources\c90\common\ftmul.c estimated size: 180

E:\Microchip\xc8\v2.00\pic\sources\c90\common\ftdiv.c
		___ftdiv       		CODE           	03D8	0000	170

E:\Microchip\xc8\v2.00\pic\sources\c90\common\ftdiv.c estimated size: 170

src/mcc.c
		_PMD_Initialize		CODE           	0A8F	0000	9
		_OSCILLATOR_Initialize		CODE           	0AAA	0000	11
		_SYSTEM_Initialize		CODE           	0B56	0000	25

src/mcc.c estimated size: 45

E:\Microchip\xc8\v2.00\pic\sources\c90\common\lwdiv.c
		___lwdiv       		CODE           	0DC4	0000	54

E:\Microchip\xc8\v2.00\pic\sources\c90\common\lwdiv.c estimated size: 54

main.c
		_main          		CODE           	015F	0000	233

main.c estimated size: 233

E:\Microchip\xc8\v2.00\pic\sources\c90\common\ftge.c
		___ftge        		CODE           	0E34	0000	61

E:\Microchip\xc8\v2.00\pic\sources\c90\common\ftge.c estimated size: 61

E:\Microchip\xc8\v2.00\pic\sources\c90\common\aldiv.c
		___aldiv       		CODE           	0596	0000	131

E:\Microchip\xc8\v2.00\pic\sources\c90\common\aldiv.c estimated size: 131

