Microchip MPLAB XC8 Compiler V2.00 ()

Linker command line:

-W-3 --edf=E:\Microchip\xc8\v2.00\pic\dat\en_msgs.txt -cs \
  -h+dist/default/production\Common_Lock.X.production.sym \
  --cmf=dist/default/production\Common_Lock.X.production.cmf -z -Q16F15354 \
  -oC:\Users\yex\AppData\Local\Temp\s2p0.2 \
  -Mdist/default/production/Common_Lock.X.production.map -E1 -ver=XC8 \
  -ASTACK=02095h-021efh -pstack=STACK -ACODE=00h-07FFhx2 \
  -ASTRCODE=00h-0FFFh -ASTRING=00h-0FFhx16 -ACONST=00h-0FFhx16 \
  -AENTRY=00h-0FFhx16 -ACOMMON=070h-07Fh -ABANK0=020h-06Fh \
  -ABANK1=0A0h-0EFh -ABANK2=0120h-016Fh -ABANK3=01A0h-01EFh \
  -ABANK4=0220h-026Fh -ABANK5=02A0h-02EFh -ABANK6=0320h-032Fh \
  -ABIGRAM=02000h-021EFh \
  -ARAM=020h-06Fh,0A0h-0EFh,0120h-016Fh,01A0h-01EFh,0220h-026Fh,02A0h-02EFh,0320h-032Fh \
  -AABS1=020h-07Fh,0A0h-0EFh,0120h-016Fh,01A0h-01EFh,0220h-026Fh,02A0h-02EFh,0320h-032Fh \
  -ASFR0=00h-01Fh -ASFR1=080h-09Fh -ASFR2=0100h-011Fh -ASFR3=0180h-019Fh \
  -ASFR4=0200h-021Fh -ASFR5=0280h-029Fh -ASFR6=0300h-031Fh \
  -ASFR7=0380h-03EFh -ASFR8=0400h-046Fh -ASFR9=0480h-04EFh \
  -ASFR10=0500h-056Fh -ASFR11=0580h-05EFh -ASFR12=0600h-066Fh \
  -ASFR13=0680h-06EFh -ASFR14=0700h-076Fh -ASFR15=0780h-07EFh \
  -ASFR16=0800h-086Fh -ASFR17=0880h-08EFh -ASFR18=0900h-096Fh \
  -ASFR19=0980h-09EFh -ASFR20=0A00h-0A6Fh -ASFR21=0A80h-0AEFh \
  -ASFR22=0B00h-0B6Fh -ASFR23=0B80h-0BEFh -ASFR24=0C00h-0C6Fh \
  -ASFR25=0C80h-0CEFh -ASFR26=0D00h-0D6Fh -ASFR27=0D80h-0DEFh \
  -ASFR28=0E00h-0E6Fh -ASFR29=0E80h-0EEFh -ASFR30=0F00h-0F6Fh \
  -ASFR31=0F80h-0FEFh -ASFR32=01000h-0106Fh -ASFR33=01080h-010EFh \
  -ASFR34=01100h-0116Fh -ASFR35=01180h-011EFh -ASFR36=01200h-0126Fh \
  -ASFR37=01280h-012EFh -ASFR38=01300h-0136Fh -ASFR39=01380h-013EFh \
  -ASFR40=01400h-0146Fh -ASFR41=01480h-014EFh -ASFR42=01500h-0156Fh \
  -ASFR43=01580h-015EFh -ASFR44=01600h-0166Fh -ASFR45=01680h-016EFh \
  -ASFR46=01700h-0176Fh -ASFR47=01780h-017EFh -ASFR48=01800h-0186Fh \
  -ASFR49=01880h-018EFh -ASFR50=01900h-0196Fh -ASFR51=01980h-019EFh \
  -ASFR52=01A00h-01A6Fh -ASFR53=01A80h-01AEFh -ASFR54=01B00h-01B6Fh \
  -ASFR55=01B80h-01BEFh -ASFR56=01C00h-01C6Fh -ASFR57=01C80h-01CEFh \
  -ASFR58=01D00h-01D6Fh -ASFR59=01D80h-01DEFh -ASFR60=01E00h-01E6Fh \
  -ASFR61=01E80h-01EEFh -ASFR62=01F00h-01F6Fh -ASFR63=01F80h-01FEFh \
  -preset_vec=00h,intentry=04h,init,end_init -ppowerup=CODE -pcinit=CODE \
  -pfunctab=ENTRY -ACONFIG=08007h-0800Bh -pconfig=CONFIG -DCONFIG=2 \
  -AIDLOC=08000h-08003h -pidloc=IDLOC -DIDLOC=2 -DCODE=2 -DSTRCODE=2 \
  -DSTRING=2 -DCONST=2 -DENTRY=2 -k \
  C:\Users\yex\AppData\Local\Temp\s2p0.obj \
  dist/default/production\Common_Lock.X.production.obj 

Object code version is 3.11

Machine type is 16F15354



                Name                               Link     Load   Length Selector   Space Scale
C:\Users\yex\AppData\Local\Temp\s2p0.obj
                end_init                             3C       3C        2        8       0
                reset_vec                             0        0        2        0       0
                config                             8007     8007        5    1000E       0
dist/default/production\Common_Lock.X.production.obj
                cinit                                3E       3E       1C        8       0
                intentry                              4        4       38        8       0
                text51                              D79      D79       22     1AF2       0
                text50                              D1B      D1B       1D     1A36       0
                text49                              650      650       64        8       0
                text48                               5A       5A       F6        8       0
                text47                              2F9      2F9       B3        8       0
                text46                              ECA      ECA       3B     1D94       0
                text45                              6B4      6B4       5F        8       0
                text44                              D38      D38       20     1A70       0
                text43                              3AC      3AC       A9        8       0
                text42                              C40      C40        9     1880       0
                text41                              C60      C60        E     18C0       0
                text40                              DBD      DBD       26     1B7A       0
                text39                              F7F      F7F       40     1EFE       0
                text38                              C9C      C9C       11     1938       0
                text37                              C7C      C7C       10     18F8       0
                text36                              F41      F41       3E     1E82       0
                text35                              DE3      DE3       28     1BC6       0
                text34                              D58      D58       21     1AB0       0
                text33                              150      150       DE        8       0
                text32                              4E4      4E4       86        8       0
                text31                              455      455       8F        8       0
                text30                              CD3      CD3       16     19A6       0
                text29                              C1C      C1C        3     1838       0
                text27                              F05      F05       3C     1E0A       0
                text26                              FBF      FBF       41     1F7E       0
                text25                              E95      E95       35     1D2A       0
                text24                              C49      C49        A     1892       0
                text23                              C1F      C1F        3     183E       0
                text22                              C31      C31        7     1862       0
                text21                              C6E      C6E        E     18DC       0
                text20                              CFF      CFF       1C     19FE       0
                text19                              CAD      CAD       11     195A       0
                text18                              C8C      C8C       10     1918       0
                text17                              7AA      7AA       4A        8       0
                text16                              CE9      CE9       16     19D2       0
                text15                              E0B      E0B       2B     1C16       0
                text14                              713      713       4C        8       0
                text13                              E36      E36       2E     1C6C       0
                text12                              D9B      D9B       22     1B36       0
                text11                              56A      56A       82        8       0
                text10                              5EC      5EC       64        8       0
                text9                               75F      75F       4B        8       0
                text8                               C22      C22        3     1844       0
                text7                               7F4      7F4        A        8       0
                text6                               E64      E64       31     1CC8       0
                text5                               C38      C38        8     1870       0
                text4                               C53      C53        D     18A6       0
                text3                               CBE      CBE       15     197C       0
                text2                               C25      C25        3     184A       0
                text1                               C28      C28        3     1850       0
                maintext                            22E      22E       CB        8       0
                cstackBANK0                          20       20       36       20       1
                cstackCOMMON                         70       70        E       70       1
                cstackBANK1                          C6       C6       1E       A0       1
                clrtext                             C2B      C2B        6     1856       0
                dataBANK1                            E4       E4        1       A0       1
                bssBANK1                             A0       A0       26       A0       1
                dataBANK0                            6D       6D        1       20       1
                bssBANK0                             56       56       16       20       1
                nvBANK0                              6C       6C        1       20       1
                idataBANK1                          7FF      7FF        1        8       0
                idataBANK0                          7FE      7FE        1        8       0

TOTAL           Name                               Link     Load   Length     Space
        CLASS   STACK          

        CLASS   CODE           
                end_init                             3C       3C        2         0
                cinit                                3E       3E       1C         0
                intentry                              4        4       38         0
                reset_vec                             0        0        2         0
                text51                              D79      D79       22         0
                text50                              D1B      D1B       1D         0
                text49                              650      650       64         0
                text48                               5A       5A       F6         0
                text47                              2F9      2F9       B3         0
                text46                              ECA      ECA       3B         0
                text45                              6B4      6B4       5F         0
                text44                              D38      D38       20         0
                text43                              3AC      3AC       A9         0
                text42                              C40      C40        9         0
                text41                              C60      C60        E         0
                text40                              DBD      DBD       26         0
                text39                              F7F      F7F       40         0
                text38                              C9C      C9C       11         0
                text37                              C7C      C7C       10         0
                text36                              F41      F41       3E         0
                text35                              DE3      DE3       28         0
                text34                              D58      D58       21         0
                text33                              150      150       DE         0
                text32                              4E4      4E4       86         0
                text31                              455      455       8F         0
                text30                              CD3      CD3       16         0
                text29                              C1C      C1C        3         0
                text27                              F05      F05       3C         0
                text26                              FBF      FBF       41         0
                text25                              E95      E95       35         0
                text24                              C49      C49        A         0
                text23                              C1F      C1F        3         0
                text22                              C31      C31        7         0
                text21                              C6E      C6E        E         0
                text20                              CFF      CFF       1C         0
                text19                              CAD      CAD       11         0
                text18                              C8C      C8C       10         0
                text17                              7AA      7AA       4A         0
                text16                              CE9      CE9       16         0
                text15                              E0B      E0B       2B         0
                text14                              713      713       4C         0
                text13                              E36      E36       2E         0
                text12                              D9B      D9B       22         0
                text11                              56A      56A       82         0
                text10                              5EC      5EC       64         0
                text9                               75F      75F       4B         0
                text8                               C22      C22        3         0
                text7                               7F4      7F4        A         0
                text6                               E64      E64       31         0
                text5                               C38      C38        8         0
                text4                               C53      C53        D         0
                text3                               CBE      CBE       15         0
                text2                               C25      C25        3         0
                text1                               C28      C28        3         0
                maintext                            22E      22E       CB         0
                clrtext                             C2B      C2B        6         0
                idataBANK1                          7FF      7FF        1         0
                idataBANK0                          7FE      7FE        1         0

        CLASS   STRCODE        

        CLASS   STRING         

        CLASS   CONST          

        CLASS   ENTRY          

        CLASS   COMMON         
                cstackCOMMON                         70       70        E         1

        CLASS   BANK0          
                cstackBANK0                          20       20       36         1
                dataBANK0                            6D       6D        1         1
                bssBANK0                             56       56       16         1
                nvBANK0                              6C       6C        1         1

        CLASS   BANK1          
                cstackBANK1                          C6       C6       1E         1
                dataBANK1                            E4       E4        1         1
                bssBANK1                             A0       A0       26         1

        CLASS   BANK2          

        CLASS   BANK3          

        CLASS   BANK4          

        CLASS   BANK5          

        CLASS   BANK6          

        CLASS   BIGRAM         

        CLASS   RAM            

        CLASS   ABS1           
                abs_s1                               7E       7E        2         1

        CLASS   SFR0           

        CLASS   SFR1           

        CLASS   SFR2           

        CLASS   SFR3           

        CLASS   SFR4           

        CLASS   SFR5           

        CLASS   SFR6           

        CLASS   SFR7           

        CLASS   SFR8           

        CLASS   SFR9           

        CLASS   SFR10          

        CLASS   SFR11          

        CLASS   SFR12          

        CLASS   SFR13          

        CLASS   SFR14          

        CLASS   SFR15          

        CLASS   SFR16          

        CLASS   SFR17          

        CLASS   SFR18          

        CLASS   SFR19          

        CLASS   SFR20          

        CLASS   SFR21          

        CLASS   SFR22          

        CLASS   SFR23          

        CLASS   SFR24          

        CLASS   SFR25          

        CLASS   SFR26          

        CLASS   SFR27          

        CLASS   SFR28          

        CLASS   SFR29          

        CLASS   SFR30          

        CLASS   SFR31          

        CLASS   SFR32          

        CLASS   SFR33          

        CLASS   SFR34          

        CLASS   SFR35          

        CLASS   SFR36          

        CLASS   SFR37          

        CLASS   SFR38          

        CLASS   SFR39          

        CLASS   SFR40          

        CLASS   SFR41          

        CLASS   SFR42          

        CLASS   SFR43          

        CLASS   SFR44          

        CLASS   SFR45          

        CLASS   SFR46          

        CLASS   SFR47          

        CLASS   SFR48          

        CLASS   SFR49          

        CLASS   SFR50          

        CLASS   SFR51          

        CLASS   SFR52          

        CLASS   SFR53          

        CLASS   SFR54          

        CLASS   SFR55          

        CLASS   SFR56          

        CLASS   SFR57          

        CLASS   SFR58          

        CLASS   SFR59          

        CLASS   SFR60          

        CLASS   SFR61          

        CLASS   SFR62          

        CLASS   SFR63          

        CLASS   CONFIG         
                config                             8007     8007        5         0

        CLASS   IDLOC          

        CLASS   BANK63         

        CLASS   BANK62         

        CLASS   BANK61         

        CLASS   BANK60         

        CLASS   BANK59         

        CLASS   BANK58         

        CLASS   BANK57         

        CLASS   BANK56         

        CLASS   BANK55         

        CLASS   BANK54         

        CLASS   BANK53         

        CLASS   BANK52         

        CLASS   BANK51         

        CLASS   BANK50         

        CLASS   BANK49         

        CLASS   BANK48         

        CLASS   BANK47         

        CLASS   BANK46         

        CLASS   BANK45         

        CLASS   BANK44         

        CLASS   BANK43         

        CLASS   BANK42         

        CLASS   BANK41         

        CLASS   BANK40         

        CLASS   BANK39         

        CLASS   BANK38         

        CLASS   BANK37         

        CLASS   BANK36         

        CLASS   BANK35         

        CLASS   BANK34         

        CLASS   BANK33         

        CLASS   BANK32         

        CLASS   BANK31         

        CLASS   BANK30         

        CLASS   BANK29         

        CLASS   BANK28         

        CLASS   BANK27         

        CLASS   BANK26         

        CLASS   BANK25         

        CLASS   BANK24         

        CLASS   BANK23         

        CLASS   BANK22         

        CLASS   BANK21         

        CLASS   BANK20         

        CLASS   BANK19         

        CLASS   BANK18         

        CLASS   BANK17         

        CLASS   BANK16         

        CLASS   BANK15         

        CLASS   BANK14         

        CLASS   BANK13         

        CLASS   BANK12         

        CLASS   BANK11         

        CLASS   BANK10         

        CLASS   BANK9          

        CLASS   BANK8          

        CLASS   BANK7          

        CLASS   EEDATA         



SEGMENTS        Name                           Load    Length   Top    Selector   Space  Class     Delta

                reset_vec                      000000  000002  000002         0       0  CODE        2
                intentry                       000004  0007FC  000800         8       0  CODE        2
                cstackBANK0                    000020  00004E  00006E        20       1  BANK0       1
                cstackCOMMON                   000070  00000E  00007E        70       1  COMMON      1
                bssBANK1                       0000A0  000045  0000E5        A0       1  BANK1       1
                text29                         000C1C  000003  000C1F      1838       0  CODE        2
                text23                         000C1F  000003  000C22      183E       0  CODE        2
                text8                          000C22  000003  000C25      1844       0  CODE        2
                text2                          000C25  000003  000C28      184A       0  CODE        2
                text1                          000C28  000003  000C2B      1850       0  CODE        2
                clrtext                        000C2B  000006  000C31      1856       0  CODE        2
                text22                         000C31  000007  000C38      1862       0  CODE        2
                text5                          000C38  000008  000C40      1870       0  CODE        2
                text42                         000C40  000009  000C49      1880       0  CODE        2
                text24                         000C49  00000A  000C53      1892       0  CODE        2
                text4                          000C53  00000D  000C60      18A6       0  CODE        2
                text41                         000C60  00000E  000C6E      18C0       0  CODE        2
                text21                         000C6E  00000E  000C7C      18DC       0  CODE        2
                text37                         000C7C  000010  000C8C      18F8       0  CODE        2
                text18                         000C8C  000010  000C9C      1918       0  CODE        2
                text38                         000C9C  000011  000CAD      1938       0  CODE        2
                text19                         000CAD  000011  000CBE      195A       0  CODE        2
                text3                          000CBE  000015  000CD3      197C       0  CODE        2
                text30                         000CD3  000016  000CE9      19A6       0  CODE        2
                text16                         000CE9  000016  000CFF      19D2       0  CODE        2
                text20                         000CFF  00001C  000D1B      19FE       0  CODE        2
                text50                         000D1B  00001D  000D38      1A36       0  CODE        2
                text44                         000D38  000020  000D58      1A70       0  CODE        2
                text34                         000D58  000021  000D79      1AB0       0  CODE        2
                text51                         000D79  000022  000D9B      1AF2       0  CODE        2
                text12                         000D9B  000022  000DBD      1B36       0  CODE        2
                text40                         000DBD  000026  000DE3      1B7A       0  CODE        2
                text35                         000DE3  000028  000E0B      1BC6       0  CODE        2
                text15                         000E0B  00002B  000E36      1C16       0  CODE        2
                text13                         000E36  00002E  000E64      1C6C       0  CODE        2
                text6                          000E64  000031  000E95      1CC8       0  CODE        2
                text25                         000E95  000035  000ECA      1D2A       0  CODE        2
                text46                         000ECA  00003B  000F05      1D94       0  CODE        2
                text27                         000F05  00003C  000F41      1E0A       0  CODE        2
                text36                         000F41  00003E  000F7F      1E82       0  CODE        2
                text39                         000F7F  000040  000FBF      1EFE       0  CODE        2
                text26                         000FBF  000041  001000      1F7E       0  CODE        2
                config                         008007  000005  00800C     1000E       0  CONFIG      2


UNUSED ADDRESS RANGES

        Name                Unused          Largest block    Delta
        BANK0            0006E-0006F               2           1
        BANK1            000E5-000EF               B           1
        BANK2            00120-0016F              50           1
        BANK3            001A0-001EF              50           1
        BANK4            00220-0026F              50           1
        BANK5            002A0-002EF              50           1
        BANK6            00320-0032F              10           1
        BIGRAM           02000-021EF             1F0           1
        CODE             00002-00003               2           2
                         00800-00C1B             41C
        CONST            00002-00003               2           2
                         00800-00C1B             100
        ENTRY            00002-00003               2           2
                         00800-00C1B             100
        IDLOC            08000-08003               4           2
        RAM              0006E-0006F               2           1
                         000E5-000EF               B
                         00120-0016F              50
                         001A0-001EF              50
                         00220-0026F              50
                         002A0-002EF              50
                         00320-0032F              10
        SFR0             00000-0001F              20           1
        SFR1             00080-0009F              20           1
        SFR10            00500-0056F              70           1
        SFR11            00580-005EF              70           1
        SFR12            00600-0066F              70           1
        SFR13            00680-006EF              70           1
        SFR14            00700-0076F              70           1
        SFR15            00780-007EF              70           1
        SFR16            00800-0086F              70           1
        SFR17            00880-008EF              70           1
        SFR18            00900-0096F              70           1
        SFR19            00980-009EF              70           1
        SFR2             00100-0011F              20           1
        SFR20            00A00-00A6F              70           1
        SFR21            00A80-00AEF              70           1
        SFR22            00B00-00B6F              70           1
        SFR23            00B80-00BEF              70           1
        SFR24            00C00-00C6F              70           1
        SFR25            00C80-00CEF              70           1
        SFR26            00D00-00D6F              70           1
        SFR27            00D80-00DEF              70           1
        SFR28            00E00-00E6F              70           1
        SFR29            00E80-00EEF              70           1
        SFR3             00180-0019F              20           1
        SFR30            00F00-00F6F              70           1
        SFR31            00F80-00FEF              70           1
        SFR32            01000-0106F              70           1
        SFR33            01080-010EF              70           1
        SFR34            01100-0116F              70           1
        SFR35            01180-011EF              70           1
        SFR36            01200-0126F              70           1
        SFR37            01280-012EF              70           1
        SFR38            01300-0136F              70           1
        SFR39            01380-013EF              70           1
        SFR4             00200-0021F              20           1
        SFR40            01400-0146F              70           1
        SFR41            01480-014EF              70           1
        SFR42            01500-0156F              70           1
        SFR43            01580-015EF              70           1
        SFR44            01600-0166F              70           1
        SFR45            01680-016EF              70           1
        SFR46            01700-0176F              70           1
        SFR47            01780-017EF              70           1
        SFR48            01800-0186F              70           1
        SFR49            01880-018EF              70           1
        SFR5             00280-0029F              20           1
        SFR50            01900-0196F              70           1
        SFR51            01980-019EF              70           1
        SFR52            01A00-01A6F              70           1
        SFR53            01A80-01AEF              70           1
        SFR54            01B00-01B6F              70           1
        SFR55            01B80-01BEF              70           1
        SFR56            01C00-01C6F              70           1
        SFR57            01C80-01CEF              70           1
        SFR58            01D00-01D6F              70           1
        SFR59            01D80-01DEF              70           1
        SFR6             00300-0031F              20           1
        SFR60            01E00-01E6F              70           1
        SFR61            01E80-01EEF              70           1
        SFR62            01F00-01F6F              70           1
        SFR63            01F80-01FEF              70           1
        SFR7             00380-003EF              70           1
        SFR8             00400-0046F              70           1
        SFR9             00480-004EF              70           1
        STACK            02095-021EF             15B           1
        STRCODE          00002-00003               2           2
                         00800-00C1B             41C
        STRING           00002-00003               2           2
                         00800-00C1B             100

                                  Symbol Table

?_Get6500Data                        cstackBANK1  000CE
?_Mpu6500GyroAngle                   cstackBANK0  00047
?___aldiv                            cstackBANK1  000C6
?___awtoft                           cstackCOMMON 00078
?___ftadd                            cstackBANK0  0002A
?___ftdiv                            cstackBANK0  00037
?___ftmul                            cstackCOMMON 00078
?___ftneg                            cstackBANK0  00020
?___ftpack                           cstackCOMMON 00070
?___fttol                            cstackCOMMON 00070
?_abs                                cstackCOMMON 00070
?i1_Get6500Data                      cstackCOMMON 00078
AngleCalcu@angle_m                   cstackBANK0  00037
AngleCalcu@gyro_m                    cstackBANK0  0003A
AngleCalcu@p                         cstackBANK0  0003D
Com_Lock_IIC_Read_Data@ack           cstackBANK1  000C7
Com_Lock_IIC_Read_Data@i             cstackBANK1  000C9
Com_Lock_IIC_Read_Data@retVal        cstackBANK1  000C8
Com_Lock_IIC_Write_Data@dat          cstackBANK1  000C7
Com_Lock_IIC_Write_Data@i            cstackBANK1  000C9
Com_Lock_IIC_Write_Data@retVal       cstackBANK1  000C8
Com_Lock_MPU_RD_Reg@addr             cstackBANK1  000CC
Com_Lock_MPU_RD_Reg@temp             cstackBANK1  000CD
Com_Lock_MPU_Write_Command@data      cstackBANK1  000CB
Com_Lock_MPU_Write_Command@reg       cstackBANK1  000CC
EUSART_Receive_ISR@dumread           cstackCOMMON 00071
EUSART_Write@txData                  cstackBANK1  000C7
Get6500Data@H                        cstackBANK1  000D5
Get6500Data@L                        cstackBANK1  000D6
Get6500Data@REG_Address              cstackBANK1  000D7
Mpu6500GyroAngle@dir                 cstackBANK0  0004D
Mpu6500GyroAngle@gyro_angle          cstackBANK0  0004E
Read_Offset@G_Temp_X                 cstackBANK1  000DC
Read_Offset@cnt                      cstackBANK1  000E0
_ADACT                               (abs)        0009F
_ADCON0                              (abs)        0009D
_ADCON0bits                          (abs)        0009D
_ADCON1                              (abs)        0009E
_ADRESH                              (abs)        0009C
_ADRESL                              (abs)        0009B
_ANSELA                              (abs)        01F38
_ANSELB                              (abs)        01F43
_ANSELC                              (abs)        01F4E
_AngleCalcu                          text45       006B4
_Angle_t                             bssBANK0     0005E
_BAUD1CON                            (abs)        0011F
_CheckDoorClosed                     text26       00FBF
_CheckDoorOpened                     text25       00E95
_ClearAngle                          text24       00C49
_Com_Lock_IIC_Read_Data              text14       00713
_Com_Lock_IIC_Start                  text19       00CAD
_Com_Lock_IIC_Stop                   text18       00C8C
_Com_Lock_IIC_Write_Data             text17       007AA
_Com_Lock_MPU_RD_Reg                 text13       00E36
_Com_Lock_MPU_Write_Command          text16       00CE9
_EUSART_Enable_WakeUp                text23       00C1F
_EUSART_Initialize                   text20       00CFF
_EUSART_Receive_ISR                  text51       00D79
_EUSART_Transmit_ISR                 text50       00D1B
_EUSART_Write                        text15       00E0B
_FVRCON                              (abs)        0090C
_Frist_gyro                          bssBANK0     00061
_G_Offset_X                          bssBANK1     000B7
_Get6500Data                         text12       00D9B
_INTCONbits                          (abs)        0000B
_INTERRUPT_InterruptManager          intentry     00004
_IOCBFbits                           (abs)        01F4A
_IOCBNbits                           (abs)        01F49
_IOCCFbits                           (abs)        01F55
_IOCCNbits                           (abs)        01F54
_Init_MPU6500                        text9        0075F
_Interrupt_Enable                    text8        00C22
_LATA                                (abs)        00018
_LATB                                (abs)        00019
_LATC                                (abs)        0001A
_Mpu6500GyroAngle                    text33       00150
_New_gyro                            bssBANK0     00063
_ODCONA                              (abs)        01F3A
_ODCONB                              (abs)        01F45
_ODCONC                              (abs)        01F50
_OSCCON1                             (abs)        0088D
_OSCCON3                             (abs)        0088F
_OSCEN                               (abs)        00891
_OSCFRQ                              (abs)        00893
_OSCILLATOR_Initialize               text7        007F4
_OSCSTAT                             (abs)        00890
_OSCTUNE                             (abs)        00892
_Old_gyro                            bssBANK1     000B9
_PIE0bits                            (abs)        00716
_PIE3bits                            (abs)        00719
_PIN_MANAGER_Initialize              text6        00E64
_PIR0bits                            (abs)        0070C
_PIR3bits                            (abs)        0070F
_PMD0                                (abs)        00796
_PMD1                                (abs)        00797
_PMD2                                (abs)        00798
_PMD3                                (abs)        00799
_PMD4                                (abs)        0079A
_PMD5                                (abs)        0079B
_PMD_Initialize                      text5        00C38
_PORTA                               (abs)        0000C
_PORTBbits                           (abs)        0000D
_PORTC                               (abs)        0000E
_PORTCbits                           (abs)        0000E
_RC1REG                              (abs)        00119
_RC1STA                              (abs)        0011D
_RC1STAbits                          (abs)        0011D
_RC6PPS                              (abs)        01F26
_RX1DTPPSbits                        (abs)        01ECB
_ReadRstPIN                          text22       00C31
_ReadTouchKeyPIN                     text21       00C6E
_Read_Offset                         text10       005EC
_SP1BRGH                             (abs)        0011C
_SP1BRGL                             (abs)        0011B
_SYSTEM_Initialize                   text3        00CBE
_Sam_cnt                             bssBANK0     00065
_T0CON0                              (abs)        0059E
_T0CON0bits                          (abs)        0059E
_T0CON1                              (abs)        0059F
_TMR0H                               (abs)        0059D
_TMR0L                               (abs)        0059C
_TMR0_ISR                            text30       00CD3
_TMR0_Initialize                     text4        00C53
_TMR0_StartTimer                     text2        00C25
_TMR0_StopTimer                      text1        00C28
_TMR0_Task                           text31       00455
_TRISA                               (abs)        00012
_TRISB                               (abs)        00013
_TRISC                               (abs)        00014
_TX1REG                              (abs)        0011A
_TX1STA                              (abs)        0011E
_WPUA                                (abs)        01F39
_WPUB                                (abs)        01F44
_WPUC                                (abs)        01F4F
_WPUE                                (abs)        01F65
__CFG_BBEN$OFF                       (abs)        00000
__CFG_BBSIZE$BB512                   (abs)        00000
__CFG_BOREN$ON                       (abs)        00000
__CFG_BORV$LO                        (abs)        00000
__CFG_CLKOUTEN$OFF                   (abs)        00000
__CFG_CP$OFF                         (abs)        00000
__CFG_CSWEN$ON                       (abs)        00000
__CFG_FCMEN$ON                       (abs)        00000
__CFG_FEXTOSC$OFF                    (abs)        00000
__CFG_LPBOREN$OFF                    (abs)        00000
__CFG_LVP$ON                         (abs)        00000
__CFG_MCLRE$ON                       (abs)        00000
__CFG_PPS1WAY$OFF                    (abs)        00000
__CFG_PWRTE$OFF                      (abs)        00000
__CFG_RSTOSC$HFINT1                  (abs)        00000
__CFG_SAFEN$OFF                      (abs)        00000
__CFG_STVREN$ON                      (abs)        00000
__CFG_WDTCCS$LFINTOSC                (abs)        00000
__CFG_WDTCPS$WDTCPS_13               (abs)        00000
__CFG_WDTCWS$WDTCWS_7                (abs)        00000
__CFG_WDTE$SWDTEN                    (abs)        00000
__CFG_WRTAPP$OFF                     (abs)        00000
__CFG_WRTB$OFF                       (abs)        00000
__CFG_WRTC$OFF                       (abs)        00000
__CFG_WRTSAF$OFF                     (abs)        00000
__CFG_ZCD$OFF                        (abs)        00000
__Habs1                              abs1         00000
__Hbank0                             bank0        00000
__Hbank1                             bank1        00000
__Hbank10                            bank10       00000
__Hbank11                            bank11       00000
__Hbank12                            bank12       00000
__Hbank13                            bank13       00000
__Hbank14                            bank14       00000
__Hbank15                            bank15       00000
__Hbank16                            bank16       00000
__Hbank17                            bank17       00000
__Hbank18                            bank18       00000
__Hbank19                            bank19       00000
__Hbank2                             bank2        00000
__Hbank20                            bank20       00000
__Hbank21                            bank21       00000
__Hbank22                            bank22       00000
__Hbank23                            bank23       00000
__Hbank24                            bank24       00000
__Hbank25                            bank25       00000
__Hbank26                            bank26       00000
__Hbank27                            bank27       00000
__Hbank28                            bank28       00000
__Hbank29                            bank29       00000
__Hbank3                             bank3        00000
__Hbank30                            bank30       00000
__Hbank31                            bank31       00000
__Hbank32                            bank32       00000
__Hbank33                            bank33       00000
__Hbank34                            bank34       00000
__Hbank35                            bank35       00000
__Hbank36                            bank36       00000
__Hbank37                            bank37       00000
__Hbank38                            bank38       00000
__Hbank39                            bank39       00000
__Hbank4                             bank4        00000
__Hbank40                            bank40       00000
__Hbank41                            bank41       00000
__Hbank42                            bank42       00000
__Hbank43                            bank43       00000
__Hbank44                            bank44       00000
__Hbank45                            bank45       00000
__Hbank46                            bank46       00000
__Hbank47                            bank47       00000
__Hbank48                            bank48       00000
__Hbank49                            bank49       00000
__Hbank5                             bank5        00000
__Hbank50                            bank50       00000
__Hbank51                            bank51       00000
__Hbank52                            bank52       00000
__Hbank53                            bank53       00000
__Hbank54                            bank54       00000
__Hbank55                            bank55       00000
__Hbank56                            bank56       00000
__Hbank57                            bank57       00000
__Hbank58                            bank58       00000
__Hbank59                            bank59       00000
__Hbank6                             bank6        00000
__Hbank60                            bank60       00000
__Hbank61                            bank61       00000
__Hbank62                            bank62       00000
__Hbank63                            bank63       00000
__Hbank7                             bank7        00000
__Hbank8                             bank8        00000
__Hbank9                             bank9        00000
__Hbigram                            bigram       00000
__HbssBANK0                          bssBANK0     00000
__HbssBANK1                          bssBANK1     00000
__Hcinit                             cinit        0005A
__Hclrtext                           clrtext      00000
__Hcode                              code         00000
__Hcommon                            common       00000
__Hconfig                            config       0800C
__HcstackBANK0                       cstackBANK0  00000
__HcstackBANK1                       cstackBANK1  00000
__HcstackCOMMON                      cstackCOMMON 00000
__HdataBANK0                         dataBANK0    00000
__HdataBANK1                         dataBANK1    00000
__Heeprom_data                       eeprom_data  00000
__Hend_init                          end_init     0003E
__Hfunctab                           functab      00000
__HidataBANK0                        idataBANK0   00000
__HidataBANK1                        idataBANK1   00000
__Hidloc                             idloc        00000
__Hinit                              init         0003C
__Hintentry                          intentry     0003C
__Hmaintext                          maintext     00000
__HnvBANK0                           nvBANK0      00000
__Hpowerup                           powerup      00000
__Hram                               ram          00000
__Hreset_vec                         reset_vec    00002
__Hsfr0                              sfr0         00000
__Hsfr1                              sfr1         00000
__Hsfr10                             sfr10        00000
__Hsfr11                             sfr11        00000
__Hsfr12                             sfr12        00000
__Hsfr13                             sfr13        00000
__Hsfr14                             sfr14        00000
__Hsfr15                             sfr15        00000
__Hsfr16                             sfr16        00000
__Hsfr17                             sfr17        00000
__Hsfr18                             sfr18        00000
__Hsfr19                             sfr19        00000
__Hsfr2                              sfr2         00000
__Hsfr20                             sfr20        00000
__Hsfr21                             sfr21        00000
__Hsfr22                             sfr22        00000
__Hsfr23                             sfr23        00000
__Hsfr24                             sfr24        00000
__Hsfr25                             sfr25        00000
__Hsfr26                             sfr26        00000
__Hsfr27                             sfr27        00000
__Hsfr28                             sfr28        00000
__Hsfr29                             sfr29        00000
__Hsfr3                              sfr3         00000
__Hsfr30                             sfr30        00000
__Hsfr31                             sfr31        00000
__Hsfr32                             sfr32        00000
__Hsfr33                             sfr33        00000
__Hsfr34                             sfr34        00000
__Hsfr35                             sfr35        00000
__Hsfr36                             sfr36        00000
__Hsfr37                             sfr37        00000
__Hsfr38                             sfr38        00000
__Hsfr39                             sfr39        00000
__Hsfr4                              sfr4         00000
__Hsfr40                             sfr40        00000
__Hsfr41                             sfr41        00000
__Hsfr42                             sfr42        00000
__Hsfr43                             sfr43        00000
__Hsfr44                             sfr44        00000
__Hsfr45                             sfr45        00000
__Hsfr46                             sfr46        00000
__Hsfr47                             sfr47        00000
__Hsfr48                             sfr48        00000
__Hsfr49                             sfr49        00000
__Hsfr5                              sfr5         00000
__Hsfr50                             sfr50        00000
__Hsfr51                             sfr51        00000
__Hsfr52                             sfr52        00000
__Hsfr53                             sfr53        00000
__Hsfr54                             sfr54        00000
__Hsfr55                             sfr55        00000
__Hsfr56                             sfr56        00000
__Hsfr57                             sfr57        00000
__Hsfr58                             sfr58        00000
__Hsfr59                             sfr59        00000
__Hsfr6                              sfr6         00000
__Hsfr60                             sfr60        00000
__Hsfr61                             sfr61        00000
__Hsfr62                             sfr62        00000
__Hsfr63                             sfr63        00000
__Hsfr7                              sfr7         00000
__Hsfr8                              sfr8         00000
__Hsfr9                              sfr9         00000
__Hspace_0                           (abs)        0800C
__Hspace_1                           (abs)        000E5
__Hspace_2                           (abs)        00000
__Hspace_3                           (abs)        00000
__Hstack                             stack        00000
__Hstrings                           strings      00000
__Htext                              text         00000
__Labs1                              abs1         00000
__Lbank0                             bank0        00000
__Lbank1                             bank1        00000
__Lbank10                            bank10       00000
__Lbank11                            bank11       00000
__Lbank12                            bank12       00000
__Lbank13                            bank13       00000
__Lbank14                            bank14       00000
__Lbank15                            bank15       00000
__Lbank16                            bank16       00000
__Lbank17                            bank17       00000
__Lbank18                            bank18       00000
__Lbank19                            bank19       00000
__Lbank2                             bank2        00000
__Lbank20                            bank20       00000
__Lbank21                            bank21       00000
__Lbank22                            bank22       00000
__Lbank23                            bank23       00000
__Lbank24                            bank24       00000
__Lbank25                            bank25       00000
__Lbank26                            bank26       00000
__Lbank27                            bank27       00000
__Lbank28                            bank28       00000
__Lbank29                            bank29       00000
__Lbank3                             bank3        00000
__Lbank30                            bank30       00000
__Lbank31                            bank31       00000
__Lbank32                            bank32       00000
__Lbank33                            bank33       00000
__Lbank34                            bank34       00000
__Lbank35                            bank35       00000
__Lbank36                            bank36       00000
__Lbank37                            bank37       00000
__Lbank38                            bank38       00000
__Lbank39                            bank39       00000
__Lbank4                             bank4        00000
__Lbank40                            bank40       00000
__Lbank41                            bank41       00000
__Lbank42                            bank42       00000
__Lbank43                            bank43       00000
__Lbank44                            bank44       00000
__Lbank45                            bank45       00000
__Lbank46                            bank46       00000
__Lbank47                            bank47       00000
__Lbank48                            bank48       00000
__Lbank49                            bank49       00000
__Lbank5                             bank5        00000
__Lbank50                            bank50       00000
__Lbank51                            bank51       00000
__Lbank52                            bank52       00000
__Lbank53                            bank53       00000
__Lbank54                            bank54       00000
__Lbank55                            bank55       00000
__Lbank56                            bank56       00000
__Lbank57                            bank57       00000
__Lbank58                            bank58       00000
__Lbank59                            bank59       00000
__Lbank6                             bank6        00000
__Lbank60                            bank60       00000
__Lbank61                            bank61       00000
__Lbank62                            bank62       00000
__Lbank63                            bank63       00000
__Lbank7                             bank7        00000
__Lbank8                             bank8        00000
__Lbank9                             bank9        00000
__Lbigram                            bigram       00000
__LbssBANK0                          bssBANK0     00000
__LbssBANK1                          bssBANK1     00000
__Lcinit                             cinit        0003E
__Lclrtext                           clrtext      00000
__Lcode                              code         00000
__Lcommon                            common       00000
__Lconfig                            config       08007
__LcstackBANK0                       cstackBANK0  00000
__LcstackBANK1                       cstackBANK1  00000
__LcstackCOMMON                      cstackCOMMON 00000
__LdataBANK0                         dataBANK0    00000
__LdataBANK1                         dataBANK1    00000
__Leeprom_data                       eeprom_data  00000
__Lend_init                          end_init     0003C
__Lfunctab                           functab      00000
__LidataBANK0                        idataBANK0   00000
__LidataBANK1                        idataBANK1   00000
__Lidloc                             idloc        00000
__Linit                              init         0003C
__Lintentry                          intentry     00004
__Lmaintext                          maintext     00000
__LnvBANK0                           nvBANK0      00000
__Lpowerup                           powerup      00000
__Lram                               ram          00000
__Lreset_vec                         reset_vec    00000
__Lsfr0                              sfr0         00000
__Lsfr1                              sfr1         00000
__Lsfr10                             sfr10        00000
__Lsfr11                             sfr11        00000
__Lsfr12                             sfr12        00000
__Lsfr13                             sfr13        00000
__Lsfr14                             sfr14        00000
__Lsfr15                             sfr15        00000
__Lsfr16                             sfr16        00000
__Lsfr17                             sfr17        00000
__Lsfr18                             sfr18        00000
__Lsfr19                             sfr19        00000
__Lsfr2                              sfr2         00000
__Lsfr20                             sfr20        00000
__Lsfr21                             sfr21        00000
__Lsfr22                             sfr22        00000
__Lsfr23                             sfr23        00000
__Lsfr24                             sfr24        00000
__Lsfr25                             sfr25        00000
__Lsfr26                             sfr26        00000
__Lsfr27                             sfr27        00000
__Lsfr28                             sfr28        00000
__Lsfr29                             sfr29        00000
__Lsfr3                              sfr3         00000
__Lsfr30                             sfr30        00000
__Lsfr31                             sfr31        00000
__Lsfr32                             sfr32        00000
__Lsfr33                             sfr33        00000
__Lsfr34                             sfr34        00000
__Lsfr35                             sfr35        00000
__Lsfr36                             sfr36        00000
__Lsfr37                             sfr37        00000
__Lsfr38                             sfr38        00000
__Lsfr39                             sfr39        00000
__Lsfr4                              sfr4         00000
__Lsfr40                             sfr40        00000
__Lsfr41                             sfr41        00000
__Lsfr42                             sfr42        00000
__Lsfr43                             sfr43        00000
__Lsfr44                             sfr44        00000
__Lsfr45                             sfr45        00000
__Lsfr46                             sfr46        00000
__Lsfr47                             sfr47        00000
__Lsfr48                             sfr48        00000
__Lsfr49                             sfr49        00000
__Lsfr5                              sfr5         00000
__Lsfr50                             sfr50        00000
__Lsfr51                             sfr51        00000
__Lsfr52                             sfr52        00000
__Lsfr53                             sfr53        00000
__Lsfr54                             sfr54        00000
__Lsfr55                             sfr55        00000
__Lsfr56                             sfr56        00000
__Lsfr57                             sfr57        00000
__Lsfr58                             sfr58        00000
__Lsfr59                             sfr59        00000
__Lsfr6                              sfr6         00000
__Lsfr60                             sfr60        00000
__Lsfr61                             sfr61        00000
__Lsfr62                             sfr62        00000
__Lsfr63                             sfr63        00000
__Lsfr7                              sfr7         00000
__Lsfr8                              sfr8         00000
__Lsfr9                              sfr9         00000
__Lspace_0                           (abs)        00000
__Lspace_1                           (abs)        00000
__Lspace_2                           (abs)        00000
__Lspace_3                           (abs)        00000
__Lstack                             stack        00000
__Lstrings                           strings      00000
__Ltext                              text         00000
__S0                                 (abs)        0800C
__S1                                 (abs)        000E5
__S2                                 (abs)        00000
___aldiv                             text11       0056A
___aldiv@counter                     cstackBANK1  000CF
___aldiv@dividend                    cstackBANK1  000CA
___aldiv@divisor                     cstackBANK1  000C6
___aldiv@quotient                    cstackBANK1  000D1
___aldiv@sign                        cstackBANK1  000D0
___awtoft                            text44       00D38
___awtoft@c                          cstackCOMMON 00078
___awtoft@sign                       cstackCOMMON 0007D
___ftadd                             text48       0005A
___ftadd@exp1                        cstackBANK0  00036
___ftadd@exp2                        cstackBANK0  00035
___ftadd@f1                          cstackBANK0  0002A
___ftadd@f2                          cstackBANK0  0002D
___ftadd@sign                        cstackBANK0  00034
___ftdiv                             text43       003AC
___ftdiv@cntr                        cstackBANK0  00041
___ftdiv@exp                         cstackBANK0  00045
___ftdiv@f1                          cstackBANK0  0003A
___ftdiv@f2                          cstackBANK0  00037
___ftdiv@f3                          cstackBANK0  00042
___ftdiv@sign                        cstackBANK0  00046
___ftge                              text27       00F05
___ftge@ff1                          cstackBANK1  000C6
___ftge@ff2                          cstackBANK1  000C9
___ftmul                             text47       002F9
___ftmul@cntr                        cstackBANK0  00028
___ftmul@exp                         cstackBANK0  00024
___ftmul@f1                          cstackCOMMON 00078
___ftmul@f2                          cstackCOMMON 0007B
___ftmul@f3_as_product               cstackBANK0  00025
___ftmul@sign                        cstackBANK0  00029
___ftneg                             text42       00C40
___ftneg@f1                          cstackBANK0  00020
___ftpack                            text49       00650
___ftpack@arg                        cstackCOMMON 00070
___ftpack@exp                        cstackCOMMON 00073
___ftpack@sign                       cstackCOMMON 00074
___fttol                             text32       004E4
___fttol@exp1                        cstackCOMMON 0007D
___fttol@f1                          cstackCOMMON 00070
___fttol@lval                        cstackCOMMON 00079
___fttol@sign1                       cstackCOMMON 00078
___int_sp                            stack        00000
___latbits                           (abs)        00001
___sp                                stack        00000
__end_of_AngleCalcu                  text45       00713
__end_of_CheckDoorClosed             text26       01000
__end_of_CheckDoorOpened             text25       00ECA
__end_of_ClearAngle                  text24       00C53
__end_of_Com_Lock_IIC_Read_Data      text14       0075F
__end_of_Com_Lock_IIC_Start          text19       00CBE
__end_of_Com_Lock_IIC_Stop           text18       00C9C
__end_of_Com_Lock_IIC_Write_Data     text17       007F4
__end_of_Com_Lock_MPU_RD_Reg         text13       00E64
__end_of_Com_Lock_MPU_Write_Command  text16       00CFF
__end_of_EUSART_Enable_WakeUp        text23       00C22
__end_of_EUSART_Initialize           text20       00D1B
__end_of_EUSART_Receive_ISR          text51       00D9B
__end_of_EUSART_Transmit_ISR         text50       00D38
__end_of_EUSART_Write                text15       00E36
__end_of_Get6500Data                 text12       00DBD
__end_of_INTERRUPT_InterruptManager  intentry     0003C
__end_of_Init_MPU6500                text9        007AA
__end_of_Interrupt_Enable            text8        00C25
__end_of_Mpu6500GyroAngle            text33       0022E
__end_of_OSCILLATOR_Initialize       text7        007FE
__end_of_PIN_MANAGER_Initialize      text6        00E95
__end_of_PMD_Initialize              text5        00C40
__end_of_ReadRstPIN                  text22       00C38
__end_of_ReadTouchKeyPIN             text21       00C7C
__end_of_Read_Offset                 text10       00650
__end_of_SYSTEM_Initialize           text3        00CD3
__end_of_TMR0_ISR                    text30       00CE9
__end_of_TMR0_Initialize             text4        00C60
__end_of_TMR0_StartTimer             text2        00C28
__end_of_TMR0_StopTimer              text1        00C2B
__end_of_TMR0_Task                   text31       004E4
__end_of___aldiv                     text11       005EC
__end_of___awtoft                    text44       00D58
__end_of___ftadd                     text48       00150
__end_of___ftdiv                     text43       00455
__end_of___ftge                      text27       00F41
__end_of___ftmul                     text47       003AC
__end_of___ftneg                     text42       00C49
__end_of___ftpack                    text49       006B4
__end_of___fttol                     text32       0056A
__end_of__initialization             cinit        00056
__end_of_abs                         text41       00C6E
__end_of_main                        maintext     002F9
__end_ofi1_Com_Lock_IIC_Read_Data    text39       00FBF
__end_ofi1_Com_Lock_IIC_Start        text38       00CAD
__end_ofi1_Com_Lock_IIC_Stop         text37       00C8C
__end_ofi1_Com_Lock_IIC_Write_Data   text36       00F7F
__end_ofi1_Com_Lock_MPU_RD_Reg       text35       00E0B
__end_ofi1_EUSART_Write              text40       00DE3
__end_ofi1_Get6500Data               text34       00D79
__end_ofi1_TMR0_StartTimer           text29       00C1F
__end_ofi1___ftge                    text46       00F05
__initialization                     cinit        0003E
__pbssBANK0                          bssBANK0     00056
__pbssBANK1                          bssBANK1     000A0
__pcstackBANK0                       cstackBANK0  00020
__pcstackBANK1                       cstackBANK1  000C6
__pcstackCOMMON                      cstackCOMMON 00070
__pdataBANK0                         dataBANK0    0006D
__pdataBANK1                         dataBANK1    000E4
__pidataBANK0                        idataBANK0   007FE
__pidataBANK1                        idataBANK1   007FF
__pintentry                          intentry     00004
__pmaintext                          maintext     0022E
__pnvBANK0                           nvBANK0      0006C
__ptext1                             text1        00C28
__ptext10                            text10       005EC
__ptext11                            text11       0056A
__ptext12                            text12       00D9B
__ptext13                            text13       00E36
__ptext14                            text14       00713
__ptext15                            text15       00E0B
__ptext16                            text16       00CE9
__ptext17                            text17       007AA
__ptext18                            text18       00C8C
__ptext19                            text19       00CAD
__ptext2                             text2        00C25
__ptext20                            text20       00CFF
__ptext21                            text21       00C6E
__ptext22                            text22       00C31
__ptext23                            text23       00C1F
__ptext24                            text24       00C49
__ptext25                            text25       00E95
__ptext26                            text26       00FBF
__ptext27                            text27       00F05
__ptext29                            text29       00C1C
__ptext3                             text3        00CBE
__ptext30                            text30       00CD3
__ptext31                            text31       00455
__ptext32                            text32       004E4
__ptext33                            text33       00150
__ptext34                            text34       00D58
__ptext35                            text35       00DE3
__ptext36                            text36       00F41
__ptext37                            text37       00C7C
__ptext38                            text38       00C9C
__ptext39                            text39       00F7F
__ptext4                             text4        00C53
__ptext40                            text40       00DBD
__ptext41                            text41       00C60
__ptext42                            text42       00C40
__ptext43                            text43       003AC
__ptext44                            text44       00D38
__ptext45                            text45       006B4
__ptext46                            text46       00ECA
__ptext47                            text47       002F9
__ptext48                            text48       0005A
__ptext49                            text49       00650
__ptext5                             text5        00C38
__ptext50                            text50       00D1B
__ptext51                            text51       00D79
__ptext6                             text6        00E64
__ptext7                             text7        007F4
__ptext8                             text8        00C22
__ptext9                             text9        0075F
__size_of_AngleCalcu                 (abs)        00000
__size_of_CheckDoorClosed            (abs)        00000
__size_of_CheckDoorOpened            (abs)        00000
__size_of_ClearAngle                 (abs)        00000
__size_of_Com_Lock_IIC_Read_Data     (abs)        00000
__size_of_Com_Lock_IIC_Start         (abs)        00000
__size_of_Com_Lock_IIC_Stop          (abs)        00000
__size_of_Com_Lock_IIC_Write_Data    (abs)        00000
__size_of_Com_Lock_MPU_RD_Reg        (abs)        00000
__size_of_Com_Lock_MPU_Write_Command (abs)        00000
__size_of_EUSART_Enable_WakeUp       (abs)        00000
__size_of_EUSART_Initialize          (abs)        00000
__size_of_EUSART_Receive_ISR         (abs)        00000
__size_of_EUSART_Transmit_ISR        (abs)        00000
__size_of_EUSART_Write               (abs)        00000
__size_of_Get6500Data                (abs)        00000
__size_of_INTERRUPT_InterruptManager (abs)        00000
__size_of_Init_MPU6500               (abs)        00000
__size_of_Interrupt_Enable           (abs)        00000
__size_of_Mpu6500GyroAngle           (abs)        00000
__size_of_OSCILLATOR_Initialize      (abs)        00000
__size_of_PIN_MANAGER_Initialize     (abs)        00000
__size_of_PMD_Initialize             (abs)        00000
__size_of_ReadRstPIN                 (abs)        00000
__size_of_ReadTouchKeyPIN            (abs)        00000
__size_of_Read_Offset                (abs)        00000
__size_of_SYSTEM_Initialize          (abs)        00000
__size_of_TMR0_ISR                   (abs)        00000
__size_of_TMR0_Initialize            (abs)        00000
__size_of_TMR0_StartTimer            (abs)        00000
__size_of_TMR0_StopTimer             (abs)        00000
__size_of_TMR0_Task                  (abs)        00000
__size_of___aldiv                    (abs)        00000
__size_of___awtoft                   (abs)        00000
__size_of___ftadd                    (abs)        00000
__size_of___ftdiv                    (abs)        00000
__size_of___ftge                     (abs)        00000
__size_of___ftmul                    (abs)        00000
__size_of___ftneg                    (abs)        00000
__size_of___ftpack                   (abs)        00000
__size_of___fttol                    (abs)        00000
__size_of_abs                        (abs)        00000
__size_of_main                       (abs)        00000
__size_ofi1_Com_Lock_IIC_Read_Data   (abs)        00000
__size_ofi1_Com_Lock_IIC_Start       (abs)        00000
__size_ofi1_Com_Lock_IIC_Stop        (abs)        00000
__size_ofi1_Com_Lock_IIC_Write_Data  (abs)        00000
__size_ofi1_Com_Lock_MPU_RD_Reg      (abs)        00000
__size_ofi1_EUSART_Write             (abs)        00000
__size_ofi1_Get6500Data              (abs)        00000
__size_ofi1_TMR0_StartTimer          (abs)        00000
__size_ofi1___ftge                   (abs)        00000
_abs                                 text41       00C60
_eusartRxBuffer                      bssBANK1     000A0
_eusartRxCount                       bssBANK0     00067
_eusartRxHead                        bssBANK0     00069
_eusartRxTail                        bssBANK0     00068
_eusartTxBuffer                      bssBANK1     000A8
_eusartTxBufferRemaining             nvBANK0      0006C
_eusartTxHead                        bssBANK0     0006B
_eusartTxTail                        bssBANK0     0006A
_filter_result                       bssBANK1     000C0
_gu16OpenTimCnt                      bssBANK1     000B5
_gu16RstTimCnt                       bssBANK1     000BB
_gu8ClosedCnt                        bssBANK1     000BD
_gu8DoorClosed                       bssBANK1     000BE
_gu8DoorOpened                       bssBANK1     000BF
_gu8DoorState                        dataBANK0    0006D
_gu8OldDoorState                     dataBANK1    000E4
_gu8OperationState                   bssBANK0     00066
_main                                maintext     0022E
_result_gyro                         bssBANK1     000B0
_sum                                 bssBANK0     0005A
_sum_                                bssBANK0     00056
abs@a                                cstackCOMMON 00070
btemp                                (abs)        0007E
clear_ram0                           clrtext      00C2B
end_of_initialization                cinit        00056
i1Com_Lock_IIC_Read_Data@ack         cstackCOMMON 00071
i1Com_Lock_IIC_Read_Data@i           cstackCOMMON 00073
i1Com_Lock_IIC_Read_Data@retVal      cstackCOMMON 00072
i1Com_Lock_IIC_Write_Data@dat        cstackCOMMON 00071
i1Com_Lock_IIC_Write_Data@i          cstackCOMMON 00073
i1Com_Lock_IIC_Write_Data@retVal     cstackCOMMON 00072
i1Com_Lock_MPU_RD_Reg@addr           cstackCOMMON 00076
i1Com_Lock_MPU_RD_Reg@temp           cstackCOMMON 00077
i1EUSART_Write@txData                cstackCOMMON 00071
i1Get6500Data@H                      cstackCOMMON 0007A
i1Get6500Data@L                      cstackCOMMON 0007B
i1Get6500Data@REG_Address            cstackCOMMON 0007C
i1_Com_Lock_IIC_Read_Data            text39       00F7F
i1_Com_Lock_IIC_Start                text38       00C9C
i1_Com_Lock_IIC_Stop                 text37       00C7C
i1_Com_Lock_IIC_Write_Data           text36       00F41
i1_Com_Lock_MPU_RD_Reg               text35       00DE3
i1_EUSART_Write                      text40       00DBD
i1_Get6500Data                       text34       00D58
i1_TMR0_StartTimer                   text29       00C1C
i1___ftge                            text46       00ECA
i1___ftge@ff1                        cstackCOMMON 00070
i1___ftge@ff2                        cstackCOMMON 00073
int$flags                            (abs)        0007E
intlevel0                            functab      00000
intlevel1                            functab      00000
intlevel2                            functab      00000
intlevel3                            functab      00000
intlevel4                            functab      00000
intlevel5                            functab      00000
reset_vec                            reset_vec    00000
stackhi                              (abs)        021EF
stacklo                              (abs)        02095
start                                init         0003C
start_initialization                 cinit        0003E
wtemp0                               (abs)        0007E


FUNCTION INFORMATION:

 *************** function _main *****************
 Defined at:
		line 64 in file "main.c"
 Parameters:    Size  Location     Type
		None
 Auto vars:     Size  Location     Type
		None
 Return value:  Size  Location     Type
                  1    wreg      void 
 Registers used:
		wreg, fsr0l, fsr0h, fsr1l, fsr1h, status,2, status,0, pclath, cstack
 Tracked objects:
		On entry : 
		On exit  : 
		Unchanged: 
 Data sizes:     COMMON   BANK0   BANK1   BANK2   BANK3   BANK4   BANK5   BANK6
      Params:         0       0       0       0       0       0       0       0
      Locals:         0       0       0       0       0       0       0       0
      Temps:          0       0       1       0       0       0       0       0
      Totals:         0       0       1       0       0       0       0       0
Total ram usage:        1 bytes
 Hardware stack levels required when called:   13
 This function calls:
		_CheckDoorClosed
		_CheckDoorOpened
		_ClearAngle
		_EUSART_Enable_WakeUp
		_EUSART_Write
		_ReadRstPIN
		_ReadTouchKeyPIN
		_SYSTEM_Initialize
		_TMR0_StartTimer
		_TMR0_StopTimer
 This function is called by:
		Startup code after reset
 This function uses a non-reentrant model


 *************** function _TMR0_StopTimer *****************
 Defined at:
		line 99 in file "src/tmr0.c"
 Parameters:    Size  Location     Type
		None
 Auto vars:     Size  Location     Type
		None
 Return value:  Size  Location     Type
                  1    wreg      void 
 Registers used:
		None
 Tracked objects:
		On entry : 
		On exit  : 
		Unchanged: 
 Data sizes:     COMMON   BANK0   BANK1   BANK2   BANK3   BANK4   BANK5   BANK6
      Params:         0       0       0       0       0       0       0       0
      Locals:         0       0       0       0       0       0       0       0
      Temps:          0       0       0       0       0       0       0       0
      Totals:         0       0       0       0       0       0       0       0
Total ram usage:        0 bytes
 Hardware stack levels used:    1
 Hardware stack levels required when called:    7
 This function calls:
		Nothing
 This function is called by:
		_main
 This function uses a non-reentrant model


 *************** function _TMR0_StartTimer *****************
 Defined at:
		line 93 in file "src/tmr0.c"
 Parameters:    Size  Location     Type
		None
 Auto vars:     Size  Location     Type
		None
 Return value:  Size  Location     Type
                  1    wreg      void 
 Registers used:
		None
 Tracked objects:
		On entry : 
		On exit  : 
		Unchanged: 
 Data sizes:     COMMON   BANK0   BANK1   BANK2   BANK3   BANK4   BANK5   BANK6
      Params:         0       0       0       0       0       0       0       0
      Locals:         0       0       0       0       0       0       0       0
      Temps:          0       0       0       0       0       0       0       0
      Totals:         0       0       0       0       0       0       0       0
Total ram usage:        0 bytes
 Hardware stack levels used:    1
 Hardware stack levels required when called:    7
 This function calls:
		Nothing
 This function is called by:
		_main
 This function uses a non-reentrant model


 *************** function _SYSTEM_Initialize *****************
 Defined at:
		line 93 in file "src/mcc.c"
 Parameters:    Size  Location     Type
		None
 Auto vars:     Size  Location     Type
		None
 Return value:  Size  Location     Type
                  1    wreg      void 
 Registers used:
		wreg, fsr1l, fsr1h, status,2, status,0, pclath, cstack
 Tracked objects:
		On entry : 
		On exit  : 
		Unchanged: 
 Data sizes:     COMMON   BANK0   BANK1   BANK2   BANK3   BANK4   BANK5   BANK6
      Params:         0       0       0       0       0       0       0       0
      Locals:         0       0       0       0       0       0       0       0
      Temps:          0       0       0       0       0       0       0       0
      Totals:         0       0       0       0       0       0       0       0
Total ram usage:        0 bytes
 Hardware stack levels used:    1
 Hardware stack levels required when called:   12
 This function calls:
		_EUSART_Initialize
		_Init_MPU6500
		_Interrupt_Enable
		_OSCILLATOR_Initialize
		_PIN_MANAGER_Initialize
		_PMD_Initialize
		_TMR0_Initialize
 This function is called by:
		_main
 This function uses a non-reentrant model


 *************** function _TMR0_Initialize *****************
 Defined at:
		line 69 in file "src/tmr0.c"
 Parameters:    Size  Location     Type
		None
 Auto vars:     Size  Location     Type
		None
 Return value:  Size  Location     Type
                  1    wreg      void 
 Registers used:
		wreg, status,2
 Tracked objects:
		On entry : 
		On exit  : 
		Unchanged: 
 Data sizes:     COMMON   BANK0   BANK1   BANK2   BANK3   BANK4   BANK5   BANK6
      Params:         0       0       0       0       0       0       0       0
      Locals:         0       0       0       0       0       0       0       0
      Temps:          0       0       0       0       0       0       0       0
      Totals:         0       0       0       0       0       0       0       0
Total ram usage:        0 bytes
 Hardware stack levels used:    1
 Hardware stack levels required when called:    7
 This function calls:
		Nothing
 This function is called by:
		_SYSTEM_Initialize
 This function uses a non-reentrant model


 *************** function _PMD_Initialize *****************
 Defined at:
		line 128 in file "src/mcc.c"
 Parameters:    Size  Location     Type
		None
 Auto vars:     Size  Location     Type
		None
 Return value:  Size  Location     Type
                  1    wreg      void 
 Registers used:
		status,2
 Tracked objects:
		On entry : 
		On exit  : 
		Unchanged: 
 Data sizes:     COMMON   BANK0   BANK1   BANK2   BANK3   BANK4   BANK5   BANK6
      Params:         0       0       0       0       0       0       0       0
      Locals:         0       0       0       0       0       0       0       0
      Temps:          0       0       0       0       0       0       0       0
      Totals:         0       0       0       0       0       0       0       0
Total ram usage:        0 bytes
 Hardware stack levels used:    1
 Hardware stack levels required when called:    7
 This function calls:
		Nothing
 This function is called by:
		_SYSTEM_Initialize
 This function uses a non-reentrant model


 *************** function _PIN_MANAGER_Initialize *****************
 Defined at:
		line 50 in file "src/gpio.c"
 Parameters:    Size  Location     Type
		None
 Auto vars:     Size  Location     Type
		None
 Return value:  Size  Location     Type
                  1    wreg      void 
 Registers used:
		wreg, status,2, status,0
 Tracked objects:
		On entry : 
		On exit  : 
		Unchanged: 
 Data sizes:     COMMON   BANK0   BANK1   BANK2   BANK3   BANK4   BANK5   BANK6
      Params:         0       0       0       0       0       0       0       0
      Locals:         0       0       0       0       0       0       0       0
      Temps:          0       0       1       0       0       0       0       0
      Totals:         0       0       1       0       0       0       0       0
Total ram usage:        1 bytes
 Hardware stack levels used:    1
[...]
		On entry : 
		On exit  : 
		Unchanged: 
 Data sizes:     COMMON   BANK0   BANK1   BANK2   BANK3   BANK4   BANK5   BANK6
      Params:         0       0       0       0       0       0       0       0
      Locals:         0       0       0       0       0       0       0       0
      Temps:          0       0       0       0       0       0       0       0
      Totals:         0       0       0       0       0       0       0       0
Total ram usage:        0 bytes
 Hardware stack levels used:    1
 This function calls:
		Nothing
 This function is called by:
		i1_Com_Lock_MPU_RD_Reg
 This function uses a non-reentrant model


 *************** function i1_Com_Lock_IIC_Read_Data *****************
 Defined at:
		line 137 in file "src/mpu_iic.c"
 Parameters:    Size  Location     Type
  ack             1    wreg     unsigned char 
 Auto vars:     Size  Location     Type
  ack             1    1[COMMON] unsigned char 
  Com_Lock_IIC    2    3[COMMON] int 
  Com_Lock_IIC    1    2[COMMON] unsigned char 
 Return value:  Size  Location     Type
                  1    wreg      unsigned char 
 Registers used:
		wreg, status,2, status,0
 Tracked objects:
		On entry : 
		On exit  : 
		Unchanged: 
 Data sizes:     COMMON   BANK0   BANK1   BANK2   BANK3   BANK4   BANK5   BANK6
      Params:         0       0       0       0       0       0       0       0
      Locals:         4       0       0       0       0       0       0       0
      Temps:          1       0       0       0       0       0       0       0
      Totals:         5       0       0       0       0       0       0       0
Total ram usage:        5 bytes
 Hardware stack levels used:    1
 This function calls:
		Nothing
 This function is called by:
		i1_Com_Lock_MPU_RD_Reg
 This function uses a non-reentrant model


 *************** function i1_EUSART_Write *****************
 Defined at:
		line 144 in file "src/eusart.c"
 Parameters:    Size  Location     Type
  txData          1    wreg     unsigned char 
 Auto vars:     Size  Location     Type
  txData          1    1[COMMON] unsigned char 
 Return value:  Size  Location     Type
                  1    wreg      void 
 Registers used:
		wreg, fsr1l, fsr1h, status,2, status,0
 Tracked objects:
		On entry : 
		On exit  : 
		Unchanged: 
 Data sizes:     COMMON   BANK0   BANK1   BANK2   BANK3   BANK4   BANK5   BANK6
      Params:         0       0       0       0       0       0       0       0
      Locals:         1       0       0       0       0       0       0       0
      Temps:          1       0       0       0       0       0       0       0
      Totals:         2       0       0       0       0       0       0       0
Total ram usage:        2 bytes
 Hardware stack levels used:    1
 This function calls:
		Nothing
 This function is called by:
		_Mpu6500GyroAngle
		_TMR0_Task
 This function uses a non-reentrant model


 *************** function _abs *****************
 Defined at:
		line 4 in file "E:\Microchip\xc8\v2.00\pic\sources\c90\common\abs.c"
 Parameters:    Size  Location     Type
  a               2    0[COMMON] int 
 Auto vars:     Size  Location     Type
		None
 Return value:  Size  Location     Type
                  2    0[COMMON] int 
 Registers used:
		wreg, status,2, status,0
 Tracked objects:
		On entry : 
		On exit  : 
		Unchanged: 
 Data sizes:     COMMON   BANK0   BANK1   BANK2   BANK3   BANK4   BANK5   BANK6
      Params:         2       0       0       0       0       0       0       0
      Locals:         0       0       0       0       0       0       0       0
      Temps:          2       0       0       0       0       0       0       0
      Totals:         4       0       0       0       0       0       0       0
Total ram usage:        4 bytes
 Hardware stack levels used:    1
 This function calls:
		Nothing
 This function is called by:
		_Mpu6500GyroAngle
 This function uses a non-reentrant model


 *************** function ___ftneg *****************
 Defined at:
		line 15 in file "E:\Microchip\xc8\v2.00\pic\sources\c90\common\ftneg.c"
 Parameters:    Size  Location     Type
  f1              3    0[BANK0 ] float 
 Auto vars:     Size  Location     Type
		None
 Return value:  Size  Location     Type
                  3    0[BANK0 ] float 
 Registers used:
		wreg
 Tracked objects:
		On entry : 
		On exit  : 
		Unchanged: 
 Data sizes:     COMMON   BANK0   BANK1   BANK2   BANK3   BANK4   BANK5   BANK6
      Params:         0       3       0       0       0       0       0       0
      Locals:         0       0       0       0       0       0       0       0
      Temps:          0       0       0       0       0       0       0       0
      Totals:         0       3       0       0       0       0       0       0
Total ram usage:        3 bytes
 Hardware stack levels used:    1
 This function calls:
		Nothing
 This function is called by:
		_Mpu6500GyroAngle
 This function uses a non-reentrant model


 *************** function ___ftdiv *****************
 Defined at:
		line 56 in file "E:\Microchip\xc8\v2.00\pic\sources\c90\common\ftdiv.c"
 Parameters:    Size  Location     Type
  f2              3   23[BANK0 ] float 
  f1              3   26[BANK0 ] float 
 Auto vars:     Size  Location     Type
  f3              3   34[BANK0 ] float 
  sign            1   38[BANK0 ] unsigned char 
  exp             1   37[BANK0 ] unsigned char 
  cntr            1   33[BANK0 ] unsigned char 
 Return value:  Size  Location     Type
                  3   23[BANK0 ] float 
 Registers used:
		wreg, status,2, status,0, pclath, cstack
 Tracked objects:
		On entry : 
		On exit  : 
		Unchanged: 
 Data sizes:     COMMON   BANK0   BANK1   BANK2   BANK3   BANK4   BANK5   BANK6
      Params:         0       6       0       0       0       0       0       0
      Locals:         0       6       0       0       0       0       0       0
      Temps:          0       4       0       0       0       0       0       0
      Totals:         0      16       0       0       0       0       0       0
Total ram usage:       16 bytes
 Hardware stack levels used:    1
 Hardware stack levels required when called:    1
 This function calls:
		___ftpack
 This function is called by:
		_Mpu6500GyroAngle
 This function uses a non-reentrant model


 *************** function ___awtoft *****************
 Defined at:
		line 32 in file "E:\Microchip\xc8\v2.00\pic\sources\c90\common\awtoft.c"
 Parameters:    Size  Location     Type
  c               2    8[COMMON] int 
 Auto vars:     Size  Location     Type
  sign            1   13[COMMON] unsigned char 
 Return value:  Size  Location     Type
                  3    8[COMMON] float 
 Registers used:
		wreg, status,2, status,0, pclath, cstack
 Tracked objects:
		On entry : 
		On exit  : 
		Unchanged: 
 Data sizes:     COMMON   BANK0   BANK1   BANK2   BANK3   BANK4   BANK5   BANK6
      Params:         3       0       0       0       0       0       0       0
      Locals:         1       0       0       0       0       0       0       0
      Temps:          2       0       0       0       0       0       0       0
      Totals:         6       0       0       0       0       0       0       0
Total ram usage:        6 bytes
 Hardware stack levels used:    1
 Hardware stack levels required when called:    1
 This function calls:
		___ftpack
 This function is called by:
		_Mpu6500GyroAngle
 This function uses a non-reentrant model


 *************** function _AngleCalcu *****************
 Defined at:
		line 91 in file "src/filter.c"
 Parameters:    Size  Location     Type
  angle_m         3   23[BANK0 ] float 
  gyro_m          3   26[BANK0 ] float 
  p               1   29[BANK0 ] PTR float 
		 -> filter_result(6), 
 Auto vars:     Size  Location     Type
		None
 Return value:  Size  Location     Type
                  1    wreg      void 
 Registers used:
		wreg, fsr1l, fsr1h, status,2, status,0, pclath, cstack
 Tracked objects:
		On entry : 
		On exit  : 
		Unchanged: 
 Data sizes:     COMMON   BANK0   BANK1   BANK2   BANK3   BANK4   BANK5   BANK6
      Params:         0       7       0       0       0       0       0       0
      Locals:         0       0       0       0       0       0       0       0
      Temps:          0       0       0       0       0       0       0       0
      Totals:         0       7       0       0       0       0       0       0
Total ram usage:        7 bytes
 Hardware stack levels used:    1
 Hardware stack levels required when called:    2
 This function calls:
		___ftadd
		___ftmul
		i1___ftge
 This function is called by:
		_TMR0_Task
 This function uses a non-reentrant model


 *************** function i1___ftge *****************
 Defined at:
		line 4 in file "E:\Microchip\xc8\v2.00\pic\sources\c90\common\ftge.c"
 Parameters:    Size  Location     Type
  ff1             3    0[COMMON] float 
  ff2             3    3[COMMON] float 
 Auto vars:     Size  Location     Type
		None
 Return value:  Size  Location     Type
		None               void
 Registers used:
		wreg, status,2, status,0
 Tracked objects:
		On entry : 
		On exit  : 
		Unchanged: 
 Data sizes:     COMMON   BANK0   BANK1   BANK2   BANK3   BANK4   BANK5   BANK6
      Params:         6       0       0       0       0       0       0       0
      Locals:         0       0       0       0       0       0       0       0
      Temps:          3       0       0       0       0       0       0       0
      Totals:         9       0       0       0       0       0       0       0
Total ram usage:        9 bytes
 Hardware stack levels used:    1
 This function calls:
		Nothing
 This function is called by:
		_AngleCalcu
 This function uses a non-reentrant model


 *************** function ___ftmul *****************
 Defined at:
		line 62 in file "E:\Microchip\xc8\v2.00\pic\sources\c90\common\ftmul.c"
 Parameters:    Size  Location     Type
  f1              3    8[COMMON] float 
  f2              3   11[COMMON] float 
 Auto vars:     Size  Location     Type
  f3_as_produc    3    5[BANK0 ] unsigned um
  sign            1    9[BANK0 ] unsigned char 
  cntr            1    8[BANK0 ] unsigned char 
  exp             1    4[BANK0 ] unsigned char 
 Return value:  Size  Location     Type
                  3    8[COMMON] float 
 Registers used:
		wreg, status,2, status,0, pclath, cstack
 Tracked objects:
		On entry : 
		On exit  : 
		Unchanged: 
 Data sizes:     COMMON   BANK0   BANK1   BANK2   BANK3   BANK4   BANK5   BANK6
      Params:         6       0       0       0       0       0       0       0
      Locals:         0       6       0       0       0       0       0       0
      Temps:          0       4       0       0       0       0       0       0
      Totals:         6      10       0       0       0       0       0       0
Total ram usage:       16 bytes
 Hardware stack levels used:    1
 Hardware stack levels required when called:    1
 This function calls:
		___ftpack
 This function is called by:
		_AngleCalcu
 This function uses a non-reentrant model


 *************** function ___ftadd *****************
 Defined at:
		line 86 in file "E:\Microchip\xc8\v2.00\pic\sources\c90\common\ftadd.c"
 Parameters:    Size  Location     Type
  f1              3   10[BANK0 ] float 
  f2              3   13[BANK0 ] float 
 Auto vars:     Size  Location     Type
  exp1            1   22[BANK0 ] unsigned char 
  exp2            1   21[BANK0 ] unsigned char 
  sign            1   20[BANK0 ] unsigned char 
 Return value:  Size  Location     Type
                  3   10[BANK0 ] float 
 Registers used:
		wreg, status,2, status,0, pclath, cstack
 Tracked objects:
		On entry : 
		On exit  : 
		Unchanged: 
 Data sizes:     COMMON   BANK0   BANK1   BANK2   BANK3   BANK4   BANK5   BANK6
      Params:         0       6       0       0       0       0       0       0
      Locals:         0       3       0       0       0       0       0       0
      Temps:          0       4       0       0       0       0       0       0
      Totals:         0      13       0       0       0       0       0       0
Total ram usage:       13 bytes
 Hardware stack levels used:    1
 Hardware stack levels required when called:    1
 This function calls:
		___ftpack
 This function is called by:
		_Mpu6500GyroAngle
		_AngleCalcu
 This function uses a non-reentrant model


 *************** function ___ftpack *****************
 Defined at:
		line 62 in file "E:\Microchip\xc8\v2.00\pic\sources\c90\common\float.c"
 Parameters:    Size  Location     Type
  arg             3    0[COMMON] unsigned um
  exp             1    3[COMMON] unsigned char 
  sign            1    4[COMMON] unsigned char 
 Auto vars:     Size  Location     Type
		None
 Return value:  Size  Location     Type
                  3    0[COMMON] float 
 Registers used:
		wreg, status,2, status,0
 Tracked objects:
		On entry : 
		On exit  : 
		Unchanged: 
 Data sizes:     COMMON   BANK0   BANK1   BANK2   BANK3   BANK4   BANK5   BANK6
      Params:         5       0       0       0       0       0       0       0
      Locals:         0       0       0       0       0       0       0       0
      Temps:          3       0       0       0       0       0       0       0
      Totals:         8       0       0       0       0       0       0       0
Total ram usage:        8 bytes
 Hardware stack levels used:    1
 This function calls:
		Nothing
 This function is called by:
		___awtoft
		___ftadd
		___ftdiv
		___ftmul
 This function uses a non-reentrant model


 *************** function _EUSART_Transmit_ISR *****************
 Defined at:
		line 171 in file "src/eusart.c"
 Parameters:    Size  Location     Type
		None
 Auto vars:     Size  Location     Type
		None
 Return value:  Size  Location     Type
                  1    wreg      void 
 Registers used:
		wreg, fsr1l, fsr1h, status,2, status,0
 Tracked objects:
		On entry : 
		On exit  : 
		Unchanged: 
 Data sizes:     COMMON   BANK0   BANK1   BANK2   BANK3   BANK4   BANK5   BANK6
      Params:         0       0       0       0       0       0       0       0
      Locals:         0       0       0       0       0       0       0       0
      Temps:          1       0       0       0       0       0       0       0
      Totals:         1       0       0       0       0       0       0       0
Total ram usage:        1 bytes
 Hardware stack levels used:    1
 This function calls:
		Nothing
 This function is called by:
		_INTERRUPT_InterruptManager
 This function uses a non-reentrant model


 *************** function _EUSART_Receive_ISR *****************
 Defined at:
		line 190 in file "src/eusart.c"
 Parameters:    Size  Location     Type
		None
 Auto vars:     Size  Location     Type
  dumread         1    1[COMMON] unsigned char 
 Return value:  Size  Location     Type
                  1    wreg      void 
 Registers used:
		wreg, fsr1l, fsr1h, status,2, status,0
 Tracked objects:
		On entry : 
		On exit  : 
		Unchanged: 
 Data sizes:     COMMON   BANK0   BANK1   BANK2   BANK3   BANK4   BANK5   BANK6
      Params:         0       0       0       0       0       0       0       0
      Locals:         1       0       0       0       0       0       0       0
      Temps:          1       0       0       0       0       0       0       0
      Totals:         2       0       0       0       0       0       0       0
Total ram usage:        2 bytes
 Hardware stack levels used:    1
 This function calls:
		Nothing
 This function is called by:
		_INTERRUPT_InterruptManager
 This function uses a non-reentrant model



MODULE INFORMATION

Module		Function		Class		Link	Load	Size
E:\Microchip\xc8\v2.00\pic\sources\c90\common\fttol.c
		___fttol       		CODE           	04E4	0000	135

E:\Microchip\xc8\v2.00\pic\sources\c90\common\fttol.c estimated size: 135

E:\Microchip\xc8\v2.00\pic\sources\c90\common\ftadd.c
		___ftadd       		CODE           	005A	0000	247

E:\Microchip\xc8\v2.00\pic\sources\c90\common\ftadd.c estimated size: 247

src/tmr0.c
		_TMR0_Task     		CODE           	0455	0000	144
		_TMR0_StopTimer		CODE           	0C28	0000	4
		_TMR0_StartTimer		CODE           	0C25	0000	4
		_TMR0_ISR      		CODE           	0CD3	0000	23
		_TMR0_Initialize		CODE           	0C53	0000	14

src/tmr0.c estimated size: 189

src/eusart.c
		_EUSART_Write  		CODE           	0E0B	0000	44
		_EUSART_Transmit_ISR		CODE           	0D1B	0000	30
		_EUSART_Initialize		CODE           	0CFF	0000	29
		_EUSART_Receive_ISR		CODE           	0D79	0000	35
		_EUSART_Enable_WakeUp		CODE           	0C1F	0000	4

src/eusart.c estimated size: 142

E:\Microchip\xc8\v2.00\pic\sources\c90\common\ftneg.c
		___ftneg       		CODE           	0C40	0000	10

E:\Microchip\xc8\v2.00\pic\sources\c90\common\ftneg.c estimated size: 10

src/gpio.c
		_PIN_MANAGER_Initialize		CODE           	0E64	0000	50
		_ReadRstPIN    		CODE           	0C31	0000	8
		_ReadTouchKeyPIN		CODE           	0C6E	0000	15

src/gpio.c estimated size: 73

E:\Microchip\xc8\v2.00\pic\sources\c90\common\awtoft.c
		___awtoft      		CODE           	0D38	0000	33

E:\Microchip\xc8\v2.00\pic\sources\c90\common\awtoft.c estimated size: 33

E:\Microchip\xc8\v2.00\pic\sources\c90\common\float.c
		___ftpack      		CODE           	0650	0000	101

E:\Microchip\xc8\v2.00\pic\sources\c90\common\float.c estimated size: 101

src/mpu_iic.c
		_Com_Lock_IIC_Read_Data		CODE           	0713	0000	77
		_Com_Lock_IIC_Write_Data		CODE           	07AA	0000	75
		_Com_Lock_IIC_Start		CODE           	0CAD	0000	18
		_Get6500Data   		CODE           	0D9B	0000	35
		_Com_Lock_MPU_Write_Command		CODE           	0CE9	0000	23
		_Init_MPU6500  		CODE           	075F	0000	76
		_Read_Offset   		CODE           	05EC	0000	101
		_Mpu6500GyroAngle		CODE           	0150	0000	223
		_Com_Lock_IIC_Stop		CODE           	0C8C	0000	17
		_Com_Lock_MPU_RD_Reg		CODE           	0E36	0000	47

src/mpu_iic.c estimated size: 692

src/interrupt_manager.c
		_Interrupt_Enable		CODE           	0C22	0000	4
		_INTERRUPT_InterruptManager		CODE           	0004	0000	57

src/interrupt_manager.c estimated size: 61

E:\Microchip\xc8\v2.00\pic\sources\c90\common\abs.c
		_abs           		CODE           	0C60	0000	15

E:\Microchip\xc8\v2.00\pic\sources\c90\common\abs.c estimated size: 15

shared
		i1_Com_Lock_IIC_Stop		CODE           	0C7C	0000	17
		i1_TMR0_StartTimer		CODE           	0C1C	0000	4
		i1_Com_Lock_IIC_Read_Data		CODE           	0F7F	0000	65
		i1___ftge      		CODE           	0ECA	0000	60
		i1_EUSART_Write		CODE           	0DBD	0000	39
		i1_Com_Lock_IIC_Write_Data		CODE           	0F41	0000	63
		i1_Com_Lock_MPU_RD_Reg		CODE           	0DE3	0000	41
		__initialization		CODE           	003E	0000	25
		i1_Get6500Data 		CODE           	0D58	0000	34
		i1_Com_Lock_IIC_Start		CODE           	0C9C	0000	18

shared estimated size: 366

src/filter.c
		_AngleCalcu    		CODE           	06B4	0000	96
		_ClearAngle    		CODE           	0C49	0000	11
		_CheckDoorOpened		CODE           	0E95	0000	54
		_CheckDoorClosed		CODE           	0FBF	0000	66

src/filter.c estimated size: 227

E:\Microchip\xc8\v2.00\pic\sources\c90\common\ftmul.c
		___ftmul       		CODE           	02F9	0000	180

E:\Microchip\xc8\v2.00\pic\sources\c90\common\ftmul.c estimated size: 180

E:\Microchip\xc8\v2.00\pic\sources\c90\common\ftdiv.c
		___ftdiv       		CODE           	03AC	0000	170

E:\Microchip\xc8\v2.00\pic\sources\c90\common\ftdiv.c estimated size: 170

src/mcc.c
		_PMD_Initialize		CODE           	0C38	0000	9
		_OSCILLATOR_Initialize		CODE           	07F4	0000	11
		_SYSTEM_Initialize		CODE           	0CBE	0000	22

src/mcc.c estimated size: 42

main.c
		_main          		CODE           	022E	0000	204

main.c estimated size: 204

E:\Microchip\xc8\v2.00\pic\sources\c90\common\ftge.c
		___ftge        		CODE           	0F05	0000	61

E:\Microchip\xc8\v2.00\pic\sources\c90\common\ftge.c estimated size: 61

E:\Microchip\xc8\v2.00\pic\sources\c90\common\aldiv.c
		___aldiv       		CODE           	056A	0000	131

E:\Microchip\xc8\v2.00\pic\sources\c90\common\aldiv.c estimated size: 131

