


ARM Macro Assembler    Page 1 


    1 00000000                 PRESERVE8
    2 00000000                 THUMB
    3 00000000                 AREA             |RWIP_ASSERT_ASM|, CODE, READON
LY
    4 00000000                 FRAME            UNWIND ON
    5 00000000         rwip_assert_asm
                               PROC
    6 00000000                 EXPORT           rwip_assert_asm
    7 00000000                 IMPORT           rwip_assert_c
    8 00000000 B500            PUSH             {LR}
    9 00000002                 FRAME            PUSH {LR}
   10 00000002 4673            MOV              R3,LR
   11 00000004 F7FF FFFE       BL               rwip_assert_c
   12 00000008 BD00            POP              {PC}
   13 0000000A                 ENDP
   14 0000000A         
   15 0000000A 00 00           ALIGN
   16 0000000C                 AREA             |BX_DELAY_ASM|, CODE, READONLY
   17 00000000                 FRAME            UNWIND ON
   18 00000000         bx_delay_asm
                               PROC
   19 00000000                 EXPORT           bx_delay_asm
   20 00000000 1E40            SUBS             R0,R0,#1
   21 00000002 2800            CMP              R0,#0
   22 00000004 D1FE            BNE              bx_delay_asm
   23 00000006 4770            BX               LR
   24 00000008                 ENDP
   25 00000008                 ALIGN
   26 00000008                 AREA             |HARDFAULT_CODE|, CODE, READONL
Y
   27 00000000                 FRAME            UNWIND ON
   29 00000000         hardfault_env_save
                               PROC
   30 00000000                 EXPORT           hardfault_env_save
   31 00000000 6001            STR              R1,[R0,#0]
   32 00000002 F3EF 8309       MRS              R3,PSP
   33 00000006 6043            STR              R3,[R0,#4]
   34 00000008 6082            STR              R2,[R0,#8]
   35 0000000A 60C4            STR              R4,[R0,#12]
   36 0000000C 6105            STR              R5,[R0,#16]
   37 0000000E 6146            STR              R6,[R0,#20]
   38 00000010 6187            STR              R7,[R0,#24]
   39 00000012 4770            BX               LR
   40 00000014                 ENDP
   41 00000014         
   42 00000014         
   43 00000014                 END
Command Line: --debug --xref --diag_suppress=9931 --cpu=Cortex-M0+ --apcs=inter
work --depend=.\objects\bx_dbg_asm.d -o.\objects\bx_dbg_asm.o -INone -I.\RTE\_B
LE -ID:\Keil_v5\ARM\PACK\ARM\CMSIS\5.4.0\Device\ARM\ARMCM0plus\Include -ID:\Kei
l_v5\ARM\CMSIS\Include --predefine="__MICROLIB SETA 1" --predefine="__UVISION_V
ERSION SETA 526" --predefine="ARMCM0P SETA 1" --list=.\listings\bx_dbg_asm.lst 
..\..\..\..\..\..\plf\bx_debug\armcc\bx_dbg_asm.s



ARM Macro Assembler    Page 1 Alphabetic symbol ordering
Relocatable symbols

RWIP_ASSERT_ASM 00000000

Symbol: RWIP_ASSERT_ASM
   Definitions
      At line 3 in file ..\..\..\..\..\..\plf\bx_debug\armcc\bx_dbg_asm.s
   Uses
      None
Comment: RWIP_ASSERT_ASM unused
rwip_assert_asm 00000000

Symbol: rwip_assert_asm
   Definitions
      At line 5 in file ..\..\..\..\..\..\plf\bx_debug\armcc\bx_dbg_asm.s
   Uses
      At line 6 in file ..\..\..\..\..\..\plf\bx_debug\armcc\bx_dbg_asm.s
Comment: rwip_assert_asm used once
2 symbols



ARM Macro Assembler    Page 1 Alphabetic symbol ordering
Relocatable symbols

BX_DELAY_ASM 00000000

Symbol: BX_DELAY_ASM
   Definitions
      At line 16 in file ..\..\..\..\..\..\plf\bx_debug\armcc\bx_dbg_asm.s
   Uses
      None
Comment: BX_DELAY_ASM unused
bx_delay_asm 00000000

Symbol: bx_delay_asm
   Definitions
      At line 18 in file ..\..\..\..\..\..\plf\bx_debug\armcc\bx_dbg_asm.s
   Uses
      At line 19 in file ..\..\..\..\..\..\plf\bx_debug\armcc\bx_dbg_asm.s
      At line 22 in file ..\..\..\..\..\..\plf\bx_debug\armcc\bx_dbg_asm.s

2 symbols



ARM Macro Assembler    Page 1 Alphabetic symbol ordering
Relocatable symbols

HARDFAULT_CODE 00000000

Symbol: HARDFAULT_CODE
   Definitions
      At line 26 in file ..\..\..\..\..\..\plf\bx_debug\armcc\bx_dbg_asm.s
   Uses
      None
Comment: HARDFAULT_CODE unused
hardfault_env_save 00000000

Symbol: hardfault_env_save
   Definitions
      At line 29 in file ..\..\..\..\..\..\plf\bx_debug\armcc\bx_dbg_asm.s
   Uses
      At line 30 in file ..\..\..\..\..\..\plf\bx_debug\armcc\bx_dbg_asm.s
Comment: hardfault_env_save used once
2 symbols



ARM Macro Assembler    Page 1 Alphabetic symbol ordering
External symbols

rwip_assert_c 00000000

Symbol: rwip_assert_c
   Definitions
      At line 7 in file ..\..\..\..\..\..\plf\bx_debug\armcc\bx_dbg_asm.s
   Uses
      At line 11 in file ..\..\..\..\..\..\plf\bx_debug\armcc\bx_dbg_asm.s
Comment: rwip_assert_c used once
1 symbol
340 symbols in table
