Component: ARM Compiler 5.06 update 6 (build 750) Tool: armlink [4d35ed]

==============================================================================

Section Cross References

    osapp_uart_server.o(i.add_svc_callback) refers to osapp_uart_server.o(i.osapp_start_advertising) for osapp_start_advertising
    osapp_uart_server.o(i.osapp_default_msg_handler) refers to bx_dbg.o(i.rtt_log) for rtt_log
    osapp_uart_server.o(i.osapp_device_ready_ind_handler) refers to osapp_task.o(i.ahi_msg_alloc) for ahi_msg_alloc
    osapp_uart_server.o(i.osapp_device_ready_ind_handler) refers to osapp_task.o(i.osapp_ahi_msg_send) for osapp_ahi_msg_send
    osapp_uart_server.o(i.osapp_gapc_conn_req_ind_handler) refers to osapp_task.o(i.ahi_msg_alloc) for ahi_msg_alloc
    osapp_uart_server.o(i.osapp_gapc_conn_req_ind_handler) refers to osapp_task.o(i.osapp_ahi_msg_send) for osapp_ahi_msg_send
    osapp_uart_server.o(i.osapp_gapc_conn_req_ind_handler) refers to osapp_uart_server.o(.data) for .data
    osapp_uart_server.o(i.osapp_gapc_disconnect_ind_handler) refers to bx_dbg.o(i.rtt_log) for rtt_log
    osapp_uart_server.o(i.osapp_gapc_disconnect_ind_handler) refers to osapp_uart_server.o(i.osapp_start_advertising) for osapp_start_advertising
    osapp_uart_server.o(i.osapp_gapc_get_dev_info_req_ind_handler) refers to osapp_task.o(i.ahi_msg_alloc) for ahi_msg_alloc
    osapp_uart_server.o(i.osapp_gapc_get_dev_info_req_ind_handler) refers to osapp_task.o(i.osapp_ahi_msg_send) for osapp_ahi_msg_send
    osapp_uart_server.o(i.osapp_gapc_param_update_req_handler) refers to bx_dbg.o(i.rtt_log) for rtt_log
    osapp_uart_server.o(i.osapp_gapc_param_update_req_handler) refers to osapp_task.o(i.ahi_msg_alloc) for ahi_msg_alloc
    osapp_uart_server.o(i.osapp_gapc_param_update_req_handler) refers to osapp_task.o(i.osapp_msg_build_send) for osapp_msg_build_send
    osapp_uart_server.o(i.osapp_gapm_cmp_evt_handler) refers to osapp_task.o(i.ahi_msg_alloc) for ahi_msg_alloc
    osapp_uart_server.o(i.osapp_gapm_cmp_evt_handler) refers to osapp_task.o(i.osapp_ahi_msg_send) for osapp_ahi_msg_send
    osapp_uart_server.o(i.osapp_gapm_cmp_evt_handler) refers to bx_dbg.o(i.__aeabi_assert) for __aeabi_assert
    osapp_uart_server.o(i.osapp_gapm_cmp_evt_handler) refers to osapp_utils.o(i.osapp_add_svc_req_helper) for osapp_add_svc_req_helper
    osapp_uart_server.o(i.osapp_gapm_cmp_evt_handler) refers to bx_dbg.o(i.rtt_log) for rtt_log
    osapp_uart_server.o(i.osapp_gapm_cmp_evt_handler) refers to osapp_uart_server.o(i.add_svc_callback) for add_svc_callback
    osapp_uart_server.o(i.osapp_gapm_cmp_evt_handler) refers to osapp_uart_server.o(.data) for .data
    osapp_uart_server.o(i.osapp_gattc_cmp_evt_handler) refers to bx_dbg.o(i.rtt_log) for rtt_log
    osapp_uart_server.o(i.osapp_gattc_cmp_evt_handler) refers to osapp_uart_server.o(i.uart0_rx_callback) for uart0_rx_callback
    osapp_uart_server.o(i.osapp_gattc_cmp_evt_handler) refers to task_init.o(.data) for ble_transmit_counter
    osapp_uart_server.o(i.osapp_gattc_cmp_evt_handler) refers to sensor_sal.o(.data) for whole_bmpfile_size
    osapp_uart_server.o(i.osapp_gattc_cmp_evt_handler) refers to osapp_uart_server.o(.data) for .data
    osapp_uart_server.o(i.osapp_send_notification_isr) refers to osapp_task.o(i.ahi_msg_alloc) for ahi_msg_alloc
    osapp_uart_server.o(i.osapp_send_notification_isr) refers to osapp_utils.o(i.osapp_get_att_handle_helper) for osapp_get_att_handle_helper
    osapp_uart_server.o(i.osapp_send_notification_isr) refers to osapp_task.o(i.osapp_ahi_msg_send_isr) for osapp_ahi_msg_send_isr
    osapp_uart_server.o(i.osapp_send_notification_isr) refers to osapp_uart_server.o(.data) for .data
    osapp_uart_server.o(i.osapp_start_advertising) refers to osapp_task.o(i.ahi_msg_alloc) for ahi_msg_alloc
    osapp_uart_server.o(i.osapp_start_advertising) refers to osapp_utils.o(i.adv_data_pack) for adv_data_pack
    osapp_uart_server.o(i.osapp_start_advertising) refers to osapp_task.o(i.osapp_ahi_msg_send) for osapp_ahi_msg_send
    osapp_uart_server.o(i.uart0_rx_callback) refers to osapp_task.o(i.ahi_msg_alloc) for ahi_msg_alloc
    osapp_uart_server.o(i.uart0_rx_callback) refers to osapp_utils.o(i.osapp_get_att_handle_helper) for osapp_get_att_handle_helper
    osapp_uart_server.o(i.uart0_rx_callback) refers to osapp_task.o(i.osapp_ahi_msg_send) for osapp_ahi_msg_send
    osapp_uart_server.o(i.uart0_rx_callback) refers to osapp_uart_server.o(.data) for .data
    osapp_uart_server.o(i.uart_server_read_req_ind) refers to bx_dbg.o(i.rtt_log) for rtt_log
    osapp_uart_server.o(i.uart_server_read_req_ind) refers to osapp_task.o(i.ahi_msg_alloc) for ahi_msg_alloc
    osapp_uart_server.o(i.uart_server_read_req_ind) refers to osapp_utils.o(i.osapp_get_att_handle_helper) for osapp_get_att_handle_helper
    osapp_uart_server.o(i.uart_server_read_req_ind) refers to osapp_task.o(i.osapp_ahi_msg_send) for osapp_ahi_msg_send
[...]
    sameFlag                                 0x0010c5f2   Data           1  common_lock_bs81x.o(.data)
    readdata                                 0x0010c5f4   Data           2  common_lock_bs81x.o(.data)
    readdata_l                               0x0010c5f6   Data           2  common_lock_bs81x.o(.data)
    Touchcnt                                 0x0010c60a   Data           1  common_lock_sensor3403.o(.data)
    img_file                                 0x0010c614   Data           4  sensor_sal.o(.data)
    whole_bmpfile_size                       0x0010c618   Data           4  sensor_sal.o(.data)
    bmp_src_ptr                              0x0010c61c   Data           4  sensor_sal.o(.data)
    prf_env                                  0x001107a8   Data         240  prf.o(.bss)
    g_hardware_input                         0x00110f70   Data          24  hardware.o(.bss)
    g_hardware_output                        0x00110f88   Data        1036  hardware.o(.bss)
    gtTimeout_M                              0x00111394   Data          16  hardware.o(.bss)
    g_user_config                            0x001113a4   Data          52  user.o(.bss)
    g_front_param                            0x001113d8   Data         272  front.o(.bss)
    nvds_env                                 0x001114e8   Data         152  nvds_in_ram.o(.bss)
    hardfault_env                            0x00111580   Data          28  bx_dbg.o(.bss)
    vco_calibration                          0x001119ac   Data          10  modem.o(.bss)
    periph_domain_recovery_buf               0x001119b8   Data          32  periph_mngt.o(.bss)
    cpu_domain_recovery_buf                  0x001119d8   Data          40  periph_mngt.o(.bss)
    dmac_ch_env                              0x00111a14   Data          72  dmac_integration.o(.bss)
    _ecc_q_buf                               0x00111a5c   Data          84  hwecc_integration.o(.bss)
    uart_tag                                 0x00111bb0   Data         262  m_uart.o(.bss)
    uart_tag0                                0x00111cb6   Data         262  m_uart.o(.bss)
    read                                     0x00111dbc   Data          25  common_lock_bs81x.o(.bss)
    bmp_file_buffer                          0x00111dd5   Data       16384  sensor_sal.o(.bss)
    _SEGGER_RTT                              0x00115dd8   Data         120  segger_rtt.o(SECTION_RTT)
    __initial_sp                             0x00116e50   Data           0  startup_apollo_00.o(STACK)
    rwip_rf                                  0x00129dd8   Data          52  rwip.o(.bss)
    rwip_heap_env                            0x00129e0c   Data        1500  rwip.o(.bss)
    rwip_heap_db                             0x0012a3e8   Data        3084  rwip.o(.bss)
    rwip_heap_msg                            0x0012aff4   Data        8460  rwip.o(.bss)
    rwip_heap_non_ret                        0x0012d100   Data        9228  rwip.o(.bss)
    current_flash_offset                     0x0012f50c   Data           4  arch_init.o(boot_tunnel)
    nvds_base                                0x0012f510   Data           4  arch_init.o(boot_tunnel)
    flash_op_mode                            0x0012f514   Data           4  arch_init.o(boot_tunnel)
    Image$$RAM_UNLOADED$$Base                0x0012f518   Number         0  anon$$obj.o ABSOLUTE
    ke_env                                   0x0012f71c   Data           0  rom_syms_armcc.txt ABSOLUTE
    llm_state                                0x0012f768   Data           0  rom_syms_armcc.txt ABSOLUTE
    llm_le_env                               0x0012f76c   Data           0  rom_syms_armcc.txt ABSOLUTE
    llc_state                                0x0012f834   Data           0  rom_syms_armcc.txt ABSOLUTE
    llc_env                                  0x0012f840   Data           0  rom_syms_armcc.txt ABSOLUTE
    lld_evt_env                              0x0012f868   Data           0  rom_syms_armcc.txt ABSOLUTE
    em_buf_env                               0x0012f894   Data           0  rom_syms_armcc.txt ABSOLUTE
    l2cm_env                                 0x0012fe48   Data           0  rom_syms_armcc.txt ABSOLUTE
    l2cc_env                                 0x0012fe54   Data           0  rom_syms_armcc.txt ABSOLUTE
    l2cc_state                               0x0012fe7c   Data           0  rom_syms_armcc.txt ABSOLUTE
    gattc_env                                0x0012fe88   Data           0  rom_syms_armcc.txt ABSOLUTE
    gattc_state                              0x0012feb0   Data           0  rom_syms_armcc.txt ABSOLUTE
    gattm_env                                0x0012febc   Data           0  rom_syms_armcc.txt ABSOLUTE
    gattm_state                              0x0012fedc   Data           0  rom_syms_armcc.txt ABSOLUTE
    gapc_env                                 0x0012fee0   Data           0  rom_syms_armcc.txt ABSOLUTE
    gapc_state                               0x0012ff08   Data           0  rom_syms_armcc.txt ABSOLUTE
    gapm_env                                 0x0012ff14   Data           0  rom_syms_armcc.txt ABSOLUTE
    gapm_state                               0x0012ff94   Data           0  rom_syms_armcc.txt ABSOLUTE
    hci_env                                  0x0012ff95   Data           0  rom_syms_armcc.txt ABSOLUTE
    hci_fc_env                               0x0012ffc4   Data           0  rom_syms_armcc.txt ABSOLUTE
    ahi_env                                  0x0012ffd0   Data           0  rom_syms_armcc.txt ABSOLUTE
    ahi_state                                0x0012ffdc   Data           0  rom_syms_armcc.txt ABSOLUTE
    flash_func                               0x00801081   Thumb Code     2  bx_dbg.o(flash_section)
    nvds_data                                0xb0000000   Data         299  nvds_tag.o(nvds_area)



==============================================================================

Memory Map of the image

  Image Entry point : 0x00100101

  Load Region LR_FLASH1 (Base: 0x00801080, Size: 0x00000004, Max: 0xffffffff, ABSOLUTE)

    Execution Region FLASH_CODE (Exec base: 0x00801080, Load base: 0x00801080, Size: 0x00000004, Max: 0xffffffff, ABSOLUTE)

    Exec Addr    Load Addr    Size         Type   Attr      Idx    E Section Name        Object

    0x00801080   0x00801080   0x00000002   Code   RO         4431    flash_section       bx_dbg.o



  Load Region LR_RAM1 (Base: 0x00100000, Size: 0x0000c620, Max: 0xffffffff, ABSOLUTE)

    Execution Region RAM_CODE (Exec base: 0x00100000, Load base: 0x00100000, Size: 0x00000100, Max: 0xffffffff, ABSOLUTE)

    Exec Addr    Load Addr    Size         Type   Attr      Idx    E Section Name        Object

    0x00100000   0x00100000   0x0000008c   Data   RO         1175    RESET               startup_apollo_00.o
    0x0010008c   0x0010008c   0x00000074   Data   RO         3930    jump_table_area     jump_table.o


    Execution Region RAM_CODE_2 (Exec base: 0x00100100, Load base: 0x00100100, Size: 0x0000c520, Max: 0xffffffff, ABSOLUTE)

    Exec Addr    Load Addr    Size         Type   Attr      Idx    E Section Name        Object

    0x00100100   0x00100100   0x00000000   Code   RO        10684  * .ARM.Collect$$$$00000000  mc_p.l(entry.o)
    0x00100100   0x00100100   0x00000004   Code   RO        10958    .ARM.Collect$$$$00000001  mc_p.l(entry2.o)
    0x00100104   0x00100104   0x00000004   Code   RO        10961    .ARM.Collect$$$$00000004  mc_p.l(entry5.o)
    0x00100108   0x00100108   0x00000000   Code   RO        10963    .ARM.Collect$$$$00000008  mc_p.l(entry7b.o)
    0x00100108   0x00100108   0x00000000   Code   RO        10965    .ARM.Collect$$$$0000000A  mc_p.l(entry8b.o)
    0x00100108   0x00100108   0x00000008   Code   RO        10966    .ARM.Collect$$$$0000000B  mc_p.l(entry9a.o)
    0x00100110   0x00100110   0x00000000   Code   RO        10968    .ARM.Collect$$$$0000000D  mc_p.l(entry10a.o)
    0x00100110   0x00100110   0x00000000   Code   RO        10970    .ARM.Collect$$$$0000000F  mc_p.l(entry11a.o)
    0x00100110   0x00100110   0x00000004   Code   RO        10959    .ARM.Collect$$$$00002712  mc_p.l(entry2.o)
    0x00100114   0x00100114   0x00000078   Code   RO         1099    .emb_text           port.o
    0x0010018c   0x0010018c   0x00000010   Code   RO         1176    .text               startup_apollo_00.o
    0x0010019c   0x0010019c   0x00000014   Code   RO        10952    .text               mc_p.l(uread4.o)
    0x001001b0   0x001001b0   0x00000000   Code   RO        10984    .text               mc_p.l(iusefp.o)
    0x001001b0   0x001001b0   0x00000164   Code   RO        10985    .text               mf_p.l(dadd.o)
    0x00100314   0x00100314   0x000000d0   Code   RO        10987    .text               mf_p.l(dmul.o)
    0x001003e4   0x001003e4   0x000000f0   Code   RO        10989    .text               mf_p.l(ddiv.o)
    0x001004d4   0x001004d4   0x00000040   Code   RO        10991    .text               mf_p.l(dfixul.o)
    0x00100514   0x00100514   0x00000028   Code   RO        10993    .text               mf_p.l(cdrcmple.o)
    0x0010053c   0x0010053c   0x00000024   Code   RO        10995    .text               mc_p.l(init.o)
    0x00100560   0x00100560   0x00000026   Code   RO        10998    .text               mc_p.l(llsshr.o)
    0x00100586   0x00100586   0x000000be   Code   RO        11031    .text               mf_p.l(depilogue.o)
    0x00100644   0x00100644   0x00000004   Code   RO         1177    .text.Default_Handler  startup_apollo_00.o
    0x00100648   0x00100648   0x00000008   Code   RO         4705    BX_DELAY_ASM        bx_dbg_asm.o
    0x00100650   0x00100650   0x00000254   Code   RO         4430    HARDFAULT_CODE      bx_dbg.o
    0x001008a4   0x001008a4   0x00000014   Code   RO         4706    HARDFAULT_CODE      bx_dbg_asm.o
    0x001008b8   0x001008b8   0x0000000c   Code   RO         4704    RWIP_ASSERT_ASM     bx_dbg_asm.o
    0x001008c4   0x001008c4   0x0000006c   Code   RO         2266    i.AdminSaveConfig   user.o
    0x00100930   0x00100930   0x00000008   Code   RO         4073    i.BLE_LP_IRQHandler  sys_sleep.o
    0x00100938   0x00100938   0x00000018   Code   RO         1437    i.BLE_MAC_IRQHandler  bx_rwble.o
    0x00100950   0x00100950   0x00000040   Code   RO         2397    i.ChangeNumtoString  front.o
    0x00100990   0x00100990   0x00000040   Code   RO         8453    i.ChanneltoData     common_lock_bs81x.o
    0x001009d0   0x001009d0   0x0000003a   Code   RO         2398    i.CheckKey          front.o
    0x00100a0a   0x00100a0a   0x0000007c   Code   RO         8454    i.Com_Lock_IIC_Read_Data_BS81X  common_lock_bs81x.o
    0x00100a86   0x00100a86   0x0000002e   Code   RO         8455    i.Com_Lock_IIC_Start_BS81X  common_lock_bs81x.o
    0x00100ab4   0x00100ab4   0x00000022   Code   RO         8377    i.Com_Lock_IIC_Start_Condition  common_lock_led.o
    0x00100ad6   0x00100ad6   0x0000002e   Code   RO         8456    i.Com_Lock_IIC_Stop_BS81X  common_lock_bs81x.o
    0x00100b04   0x00100b04   0x00000028   Code   RO         8378    i.Com_Lock_IIC_Stop_Condition  common_lock_led.o
    0x00100b2c   0x00100b2c   0x0000007e   Code   RO         8379    i.Com_Lock_IIC_Write_Byte  common_lock_led.o
    0x00100baa   0x00100baa   0x00000084   Code   RO         8457    i.Com_Lock_IIC_Write_Data_BS81X  common_lock_bs81x.o
    0x00100c2e   0x00100c2e   0x00000084   Code   RO         8458    i.Com_Lock_IIC_Write_Data_BS81X_AddrRead  common_lock_bs81x.o
    0x00100cb2   0x00100cb2   0x00000002   PAD
    0x00100cb4   0x00100cb4   0x00000030   Code   RO         8380    i.Com_Lock_Init_LED  common_lock_led.o
    0x00100ce4   0x00100ce4   0x00000028   Code   RO         8149    i.Com_Lock_Init_Mfrc  common_lock_mfrc.o
    0x00100d0c   0x00100d0c   0x00000008   Code   RO         8518    i.Com_Lock_Init_Sensor  common_lock_sensor3403.o
    0x00100d14   0x00100d14   0x00000016   Code   RO         8101    i.Com_Lock_Init_Speaker  common_lock_speaker.o
    0x00100d2a   0x00100d2a   0x00000002   PAD
    0x00100d2c   0x00100d2c   0x000000cc   Code   RO         8459    i.Com_Lock_Init_bs81x  common_lock_bs81x.o
    0x00100df8   0x00100df8   0x00000060   Code   RO         8104    i.Com_Lock_Speaker_Send_Byte  common_lock_speaker.o
    0x00100e58   0x00100e58   0x00000038   Code   RO         8387    i.Com_Lock_Update_LED  common_lock_led.o
    0x00100e90   0x00100e90   0x00000010   Code   RO         5852    i.DMAC_IRQHandler   dmac_integration.o
    0x00100ea0   0x00100ea0   0x00000010   Code   RO         5967    i.ECC_IRQHandler    hwecc_integration.o
    0x00100eb0   0x00100eb0   0x00000044   Code   RO         5321    i.EXT_INTR_IRQHandler  io_ctrl.o
    0x00100ef4   0x00100ef4   0x00000018   Code   RO         2271    i.FlashReadAdminData  user.o
    0x00100f0c   0x00100f0c   0x00000020   Code   RO         2272    i.FlashReadRfid     user.o
    0x00100f2c   0x00100f2c   0x00000014   Code   RO         2273    i.FlashReadUserData  user.o
    0x00100f40   0x00100f40   0x00000018   Code   RO         2274    i.FlashWriteAdminData  user.o
    0x00100f58   0x00100f58   0x00000014   Code   RO         2276    i.FlashWriteUserData  user.o
    0x00100f6c   0x00100f6c   0x00000208   Code   RO         2399    i.FrontAddAdmin     front.o
    0x00101174   0x00101174   0x000000a4   Code   RO         2400    i.FrontAddNormalFingerUser  front.o
    0x00101218   0x00101218   0x00000210   Code   RO         2401    i.FrontAddNormalKeyUser  front.o
    0x00101428   0x00101428   0x000000a0   Code   RO         2402    i.FrontAddNormalRfidUser  front.o
    0x001014c8   0x001014c8   0x0000017c   Code   RO         2403    i.FrontAddNormalUser  front.o
    0x00101644   0x00101644   0x00000070   Code   RO         2404    i.FrontAlarm        front.o
    0x001016b4   0x001016b4   0x000001b0   Code   RO         2405    i.FrontAwake        front.o
    0x00101864   0x00101864   0x0000001c   Code   RO         2406    i.FrontCalcElapsed  front.o
    0x00101880   0x00101880   0x00000160   Code   RO         2407    i.FrontDeleteAllUser  front.o
    0x001019e0   0x001019e0   0x00000064   Code   RO         2408    i.FrontDeleteNormalUser  front.o
    0x00101a44   0x00101a44   0x0000000c   Code   RO         2135    i.FrontGetConfigKey  hardware.o
    0x00101a50   0x00101a50   0x0000000c   Code   RO         2136    i.FrontGetFingerTouch  hardware.o
    0x00101a5c   0x00101a5c   0x0000000c   Code   RO         2137    i.FrontGetKey       hardware.o
    0x00101a68   0x00101a68   0x0000000c   Code   RO         2138    i.FrontGetKeyTouch  hardware.o
    0x00101a74   0x00101a74   0x0000000c   Code   RO         2140    i.FrontGetRfid      hardware.o
    0x00101a80   0x00101a80   0x0000001c   Code   RO         2409    i.FrontInit         front.o
    0x00101a9c   0x00101a9c   0x000000fc   Code   RO         2410    i.FrontMenuAddUser  front.o
    0x00101b98   0x00101b98   0x00000104   Code   RO         2411    i.FrontMenuDeleteUser  front.o
    0x00101c9c   0x00101c9c   0x000000f8   Code   RO         2412    i.FrontMenuTop      front.o
    0x00101d94   0x00101d94   0x0000005c   Code   RO         2413    i.FrontSleep        front.o
    0x00101df0   0x00101df0   0x00000080   Code   RO         2414    i.FrontTask         front.o
    0x00101e70   0x00101e70   0x00000050   Code   RO         2415    i.FrontUnlock       front.o
    0x00101ec0   0x00101ec0   0x00000124   Code   RO         2416    i.FrontVerifyAdmin  front.o
    0x00101fe4   0x00101fe4   0x00000010   Code   RO         5913    i.GPIO_IRQHandler   gpio_integration.o
    0x00101ff4   0x00101ff4   0x00000028   Code   RO         2145    i.HardwareInputInit  hardware.o
    0x0010201c   0x0010201c   0x00000010   Code   RO         6023    i.IIC0_IRQHandler   iic_integration.o
    0x0010202c   0x0010202c   0x00000010   Code   RO         6024    i.IIC1_IRQHandler   iic_integration.o
    0x0010203c   0x0010203c   0x00000024   Code   RO         8461    i.Init_KeyTouch     common_lock_bs81x.o
    0x00102060   0x00102060   0x00000024   Code   RO         8525    i.Init_SensorTouch  common_lock_sensor3403.o
    0x00102084   0x00102084   0x00000098   Code   RO         8462    i.Key_Int_Callback  common_lock_bs81x.o
    0x0010211c   0x0010211c   0x00000008   Code   RO         1886    i.RTC_IRQHandler    task_init.o
    0x00102124   0x00102124   0x00000014   Code   RO         4508    i.SEGGER_RTT_Init   segger_rtt.o
    0x00102138   0x00102138   0x00000068   Code   RO         4513    i.SEGGER_RTT_SetTerminal  segger_rtt.o
    0x001021a0   0x001021a0   0x00000024   Code   RO         4516    i.SEGGER_RTT_Write  segger_rtt.o
    0x001021c4   0x001021c4   0x0000005c   Code   RO         4517    i.SEGGER_RTT_WriteNoLock  segger_rtt.o
    0x00102220   0x00102220   0x0000017e   Code   RO         4653    i.SEGGER_RTT_vprintf  segger_rtt_printf.o
    0x0010239e   0x0010239e   0x00000002   PAD
    0x001023a0   0x001023a0   0x00000028   Code   RO         1547    i.SFT_IRQHandler    os_bridge.o
    0x001023c8   0x001023c8   0x00000010   Code   RO         6243    i.SPIM0_IRQHandler  spi_integration.o
    0x001023d8   0x001023d8   0x00000010   Code   RO         6244    i.SPIM1_IRQHandler  spi_integration.o
    0x001023e8   0x001023e8   0x00000010   Code   RO         6245    i.SPIS_IRQHandler   spi_integration.o
    0x001023f8   0x001023f8   0x00000002   Code   RO         2147    i.ScreenClear       hardware.o
    0x001023fa   0x001023fa   0x00000002   Code   RO         2148    i.ScreenShowLogo    hardware.o
    0x001023fc   0x001023fc   0x0000005c   Code   RO         8532    i.Sensor_Int_Callback  common_lock_sensor3403.o
    0x00102458   0x00102458   0x00000068   Code   RO         2974    i.SystemInit        arch_init.o
    0x001024c0   0x001024c0   0x0000003c   Code   RO         6341    i.TIMER_IRQHandler  timer_integration.o
    0x001024fc   0x001024fc   0x00000010   Code   RO         6408    i.UART0_IRQHandler  uart_integration.o
    0x0010250c   0x0010250c   0x00000010   Code   RO         6409    i.UART1_IRQHandler  uart_integration.o
    0x0010251c   0x0010251c   0x00000018   Code   RO         2278    i.UserDeleteAllAdminUser  user.o
    0x00102534   0x00102534   0x00000018   Code   RO         2279    i.UserDeleteAllKeyUser  user.o
    0x0010254c   0x0010254c   0x0000005c   Code   RO         2281    i.UserFindAdmin     user.o
    0x001025a8   0x001025a8   0x0000005c   Code   RO         2282    i.UserFindKeyUser   user.o
    0x00102604   0x00102604   0x00000024   Code   RO         2283    i.UserFindRfid      user.o
    0x00102628   0x00102628   0x00000088   Code   RO         2284    i.UserInit          user.o
    0x001026b0   0x001026b0   0x0000006c   Code   RO         2285    i.UserSaveConfig    user.o
    0x0010271c   0x0010271c   0x0000000c   Code   RO         2149    i.VoicePlay         hardware.o
    0x00102728   0x00102728   0x0000006c   Code   RO         4520    i._DoInit           segger_rtt.o
    0x00102794   0x00102794   0x00000016   Code   RO         4521    i._GetAvailWriteSpace  segger_rtt.o
    0x001027aa   0x001027aa   0x000000c8   Code   RO         4654    i._PrintInt         segger_rtt_printf.o
    0x00102872   0x00102872   0x00000002   PAD
    0x00102874   0x00102874   0x000000d8   Code   RO         4655    i._PrintUnsigned    segger_rtt_printf.o
    0x0010294c   0x0010294c   0x0000003e   Code   RO         4656    i._StoreChar        segger_rtt_printf.o
    0x0010298a   0x0010298a   0x00000060   Code   RO         4523    i._WriteBlocking    segger_rtt.o
    0x001029ea   0x001029ea   0x0000003c   Code   RO         4524    i._WriteNoCheck     segger_rtt.o
    0x00102a26   0x00102a26   0x00000002   PAD
    0x00102a28   0x00102a28   0x00000024   Code   RO        10930    i.__0vsprintf       mc_p.l(printfa.o)
    0x00102a4c   0x00102a4c   0x0000002e   Code   RO        11033    i.__ARM_clz         mf_p.l(depilogue.o)
    0x00102a7a   0x00102a7a   0x00000002   PAD
    0x00102a7c   0x00102a7c   0x0000003c   Code   RO         4432    i.__aeabi_assert    bx_dbg.o
    0x00102ab8   0x00102ab8   0x0000000e   Code   RO        11039    i.__scatterload_copy  mc_p.l(handlers.o)
    0x00102ac6   0x00102ac6   0x00000002   Code   RO        11040    i.__scatterload_null  mc_p.l(handlers.o)
    0x00102ac8   0x00102ac8   0x0000000e   Code   RO        11041    i.__scatterload_zeroinit  mc_p.l(handlers.o)
    0x00102ad6   0x00102ad6   0x00000002   PAD
    0x00102ad8   0x00102ad8   0x00000174   Code   RO        10931    i._fp_digits        mc_p.l(printfa.o)
    0x00102c4c   0x00102c4c   0x000006ec   Code   RO        10932    i._printf_core      mc_p.l(printfa.o)
    0x00103338   0x00103338   0x00000020   Code   RO        10933    i._printf_post_padding  mc_p.l(printfa.o)
    0x00103358   0x00103358   0x0000002c   Code   RO        10934    i._printf_pre_padding  mc_p.l(printfa.o)
    0x00103384   0x00103384   0x0000000a   Code   RO        10936    i._sputc            mc_p.l(printfa.o)
    0x0010338e   0x0010338e   0x00000008   Code   RO            4    i.add_svc_callback  osapp_uart_server.o
    0x00103396   0x00103396   0x00000002   PAD
    0x00103398   0x00103398   0x00000048   Code   RO         1763    i.add_svc_req       osapp_utils.o
    0x001033e0   0x001033e0   0x0000003c   Code   RO         1764    i.adv_data_pack     osapp_utils.o
    0x0010341c   0x0010341c   0x00000064   Code   RO         1611    i.ahi_msg_alloc     osapp_task.o
    0x00103480   0x00103480   0x0000005c   Code   RO         6575    i.app_dmac_init     app_dmac.o
    0x001034dc   0x001034dc   0x00000010   Code   RO         6670    i.app_dmac_init_wrapper  app_dmac_wrapper.o
    0x001034ec   0x001034ec   0x000000a4   Code   RO         6576    i.app_dmac_isr      app_dmac.o
    0x00103590   0x00103590   0x00000120   Code   RO         6577    i.app_dmac_start    app_dmac.o
    0x001036b0   0x001036b0   0x00000010   Code   RO         6671    i.app_dmac_start_wrapper  app_dmac_wrapper.o
    0x001036c0   0x001036c0   0x0000006e   Code   RO         6579    i.app_dmac_transfer_wait  app_dmac.o
    0x0010372e   0x0010372e   0x00000002   PAD
    0x00103730   0x00103730   0x00000010   Code   RO         6673    i.app_dmac_transfer_wait_wrapper  app_dmac_wrapper.o
    0x00103740   0x00103740   0x0000003c   Code   RO         6720    i.app_gpio_init     app_gpio.o
    0x0010377c   0x0010377c   0x0000002c   Code   RO         6723    i.app_gpio_isr      app_gpio.o
    0x001037a8   0x001037a8   0x0000000a   Code   RO         6724    i.app_gpio_port_dir_input_set  app_gpio.o
    0x001037b2   0x001037b2   0x0000000a   Code   RO         6725    i.app_gpio_port_dir_output_set  app_gpio.o
    0x001037bc   0x001037bc   0x00000006   Code   RO         6726    i.app_gpio_port_dir_read  app_gpio.o
    0x001037c2   0x001037c2   0x00000006   Code   RO         6727    i.app_gpio_port_dir_write  app_gpio.o
    0x001037c8   0x001037c8   0x00000006   Code   RO         6728    i.app_gpio_port_in_read  app_gpio.o
    0x001037ce   0x001037ce   0x0000000a   Code   RO         6729    i.app_gpio_port_out_clr  app_gpio.o
    0x001037d8   0x001037d8   0x00000006   Code   RO         6730    i.app_gpio_port_out_read  app_gpio.o
    0x001037de   0x001037de   0x0000000a   Code   RO         6731    i.app_gpio_port_out_set  app_gpio.o
    0x001037e8   0x001037e8   0x0000000a   Code   RO         6732    i.app_gpio_port_out_toggle  app_gpio.o
    0x001037f2   0x001037f2   0x00000006   Code   RO         6733    i.app_gpio_port_out_write  app_gpio.o
    0x001037f8   0x001037f8   0x00000088   Code   RO         6833    i.app_hwecc_calculate  app_hwecc.o
    0x00103880   0x00103880   0x00000010   Code   RO         6892    i.app_hwecc_calculate_wrapper  app_hwecc_wrapper.o
    0x00103890   0x00103890   0x00000038   Code   RO         6834    i.app_hwecc_init    app_hwecc.o
    0x001038c8   0x001038c8   0x00000010   Code   RO         6893    i.app_hwecc_init_wrapper  app_hwecc_wrapper.o
    0x001038d8   0x001038d8   0x0000007c   Code   RO         6835    i.app_hwecc_isr     app_hwecc.o
    0x00103954   0x00103954   0x000000d0   Code   RO         6928    i.app_iic_isr       app_iic.o
    0x00103a24   0x00103a24   0x00000014   Code   RO         6933    i.app_iic_set_data_cmd_pack  app_iic.o
    0x00103a38   0x00103a38   0x00000054   Code   RO         7486    i.app_qspi_config_for_cache  app_qspi.o
    0x00103a8c   0x00103a8c   0x00000014   Code   RO         7573    i.app_qspi_config_for_cache_wrapper  app_qspi_wrapper.o
    0x00103aa0   0x00103aa0   0x00000018   Code   RO         7487    i.app_qspi_disable_for_cache  app_qspi.o
    0x00103ab8   0x00103ab8   0x00000010   Code   RO         7574    i.app_qspi_disable_for_cache_wrapper  app_qspi_wrapper.o
    0x00103ac8   0x00103ac8   0x00000006   Code   RO         7488    i.app_qspi_dr_reg_addr_for_cache  app_qspi.o
    0x00103ace   0x00103ace   0x00000002   PAD
    0x00103ad0   0x00103ad0   0x00000010   Code   RO         7575    i.app_qspi_dr_reg_addr_for_cache_wrapper  app_qspi_wrapper.o
    0x00103ae0   0x00103ae0   0x00000064   Code   RO         7489    i.app_qspi_flash_program  app_qspi.o
    0x00103b44   0x00103b44   0x0000002c   Code   RO         7576    i.app_qspi_flash_program_wrapper  app_qspi_wrapper.o
    0x00103b70   0x00103b70   0x00000090   Code   RO         7490    i.app_qspi_init     app_qspi.o
    0x00103c00   0x00103c00   0x00000050   Code   RO         7577    i.app_qspi_init_wrapper  app_qspi_wrapper.o
    0x00103c50   0x00103c50   0x00000198   Code   RO         7491    i.app_qspi_multi_read  app_qspi.o
    0x00103de8   0x00103de8   0x00000020   Code   RO         7578    i.app_qspi_multi_read_wrapper  app_qspi_wrapper.o
    0x00103e08   0x00103e08   0x000000a8   Code   RO         7492    i.app_qspi_std_read  app_qspi.o
    0x00103eb0   0x00103eb0   0x0000002c   Code   RO         7579    i.app_qspi_std_read_wrapper  app_qspi_wrapper.o
    0x00103edc   0x00103edc   0x0000004c   Code   RO         7493    i.app_qspi_std_write  app_qspi.o
    0x00103f28   0x00103f28   0x00000024   Code   RO         7580    i.app_qspi_std_write_wrapper  app_qspi_wrapper.o
    0x00103f4c   0x00103f4c   0x00000164   Code   RO         7654    i.app_spi_isr       app_spi.o
    0x001040b0   0x001040b0   0x0000002a   Code   RO         1887    i.app_task          task_init.o
    0x001040da   0x001040da   0x00000002   PAD
    0x001040dc   0x001040dc   0x00000010   Code   RO         7906    i.app_timer0_interrupt_callback  m_timer.o
    0x001040ec   0x001040ec   0x00000074   Code   RO         7099    i.app_timer_init    app_timer.o
    0x00104160   0x00104160   0x00000014   Code   RO         7100    i.app_timer_isr     app_timer.o
    0x00104174   0x00104174   0x00000020   Code   RO         7101    i.app_timer_start   app_timer.o
    0x00104194   0x00104194   0x00000034   Code   RO         7149    i.app_uart_flow_off  app_uart.o
    0x001041c8   0x001041c8   0x00000014   Code   RO         7150    i.app_uart_flow_on  app_uart.o
    0x001041dc   0x001041dc   0x000000c8   Code   RO         7151    i.app_uart_init     app_uart.o
    0x001042a4   0x001042a4   0x000000f8   Code   RO         7152    i.app_uart_isr      app_uart.o
    0x0010439c   0x0010439c   0x0000005c   Code   RO         7153    i.app_uart_read     app_uart.o
    0x001043f8   0x001043f8   0x00000080   Code   RO         7155    i.app_uart_read_dma  app_uart.o
    0x00104478   0x00104478   0x000000b0   Code   RO         7157    i.app_uart_write    app_uart.o
    0x00104528   0x00104528   0x00000014   Code   RO         1279    i.ble_extwkupdsb_setf  bx_lld_sleep.o
    0x0010453c   0x0010453c   0x0000000c   Code   RO         4074    i.ble_lp_intr_clr   sys_sleep.o
    0x00104548   0x00104548   0x0000000a   Code   RO         4076    i.ble_lp_irq_enable  sys_sleep.o
    0x00104552   0x00104552   0x00000002   PAD
    0x00104554   0x00104554   0x00000094   Code   RO         4077    i.ble_lp_isr_mp     sys_sleep.o
    0x001045e8   0x001045e8   0x00000018   Code   RO         4880    i.ble_mdm_vco_deviation_cal_start_setf  modem.o
    0x00104600   0x00104600   0x00000018   Code   RO         4881    i.ble_mdm_vco_stb_time_setf  modem.o
    0x00104618   0x00104618   0x00000018   Code   RO         4882    i.ble_mdm_vcocali_capdev_1_setf  modem.o
    0x00104630   0x00104630   0x00000018   Code   RO         4883    i.ble_mdm_vcocali_capdev_2_setf  modem.o
    0x00104648   0x00104648   0x00000018   Code   RO         4884    i.ble_mdm_vcocali_capdev_3_setf  modem.o
    0x00104660   0x00104660   0x00000018   Code   RO         4885    i.ble_mdm_vcocali_capdev_4_setf  modem.o
    0x00104678   0x00104678   0x0000004c   Code   RO         1494    i.ble_msg_2_app     ble_task.o
    0x001046c4   0x001046c4   0x000000a4   Code   RO         3844    i.ble_radiocntl1_pack  rf_apollo.o
    0x00104768   0x00104768   0x00000018   Code   RO         3845    i.ble_rxpwrup0_setf  rf_apollo.o
    0x00104780   0x00104780   0x00000028   Code   RO         4078    i.ble_schedule      sys_sleep.o
    0x001047a8   0x001047a8   0x00000044   Code   RO         4079    i.ble_soft_wakeup   sys_sleep.o
    0x001047ec   0x001047ec   0x00000040   Code   RO         1495    i.ble_stack_task    ble_task.o
    0x0010482c   0x0010482c   0x00000014   Code   RO         3846    i.ble_txpwrup0_setf  rf_apollo.o
    0x00104840   0x00104840   0x00000170   Code   RO         1888    i.bxSuppressTicksAndSleep  task_init.o
    0x001049b0   0x001049b0   0x00000024   Code   RO         3769    i.bx_dequeue        bx_ring_queue.o
    0x001049d4   0x001049d4   0x0000001a   Code   RO         3770    i.bx_enqueue        bx_ring_queue.o
    0x001049ee   0x001049ee   0x0000001a   Code   RO         3771    i.bx_enqueue_nocopy  bx_ring_queue.o
    0x00104a08   0x00104a08   0x0000000c   Code   RO         3772    i.bx_enqueue_position  bx_ring_queue.o
    0x00104a14   0x00104a14   0x0000000e   Code   RO         3774    i.bx_ring_queue_empty  bx_ring_queue.o
    0x00104a22   0x00104a22   0x00000010   Code   RO         3776    i.bx_ring_queue_full  bx_ring_queue.o
    0x00104a32   0x00104a32   0x00000020   Code   RO         3777    i.bx_ring_queue_glance  bx_ring_queue.o
    0x00104a52   0x00104a52   0x00000016   Code   RO         5697    i.cache_clk_gate    cache_integration.o
    0x00104a68   0x00104a68   0x00000010   Code   RO         2976    i.cache_config      arch_init.o
    0x00104a78   0x00104a78   0x00000008   Code   RO         2977    i.cache_disable     arch_init.o
    0x00104a80   0x00104a80   0x00000010   Code   RO         2978    i.cache_enable      arch_init.o
    0x00104a90   0x00104a90   0x00000018   Code   RO         5698    i.cache_sys_stat    cache_integration.o
    0x00104aa8   0x00104aa8   0x0000006c   Code   RO         4954    i.cal_patch_bl      patch.o
    0x00104b14   0x00104b14   0x00000040   Code   RO         4811    i.clk_gate_awo      clk_gate.o
    0x00104b54   0x00104b54   0x0000001c   Code   RO         4812    i.clk_gate_clr_all_clk  clk_gate.o
    0x00104b70   0x00104b70   0x00000040   Code   RO         4814    i.clk_gate_cpu_g1   clk_gate.o
    0x00104bb0   0x00104bb0   0x00000040   Code   RO         4815    i.clk_gate_per_g0   clk_gate.o
    0x00104bf0   0x00104bf0   0x00000040   Code   RO         4816    i.clk_gate_per_g1   clk_gate.o
    0x00104c30   0x00104c30   0x00000014   Code   RO         1889    i.clr_rtc_intr      task_init.o
    0x00104c44   0x00104c44   0x00000010   Code   RO         3245    i.co_write32p       ecc_p256.o
    0x00104c54   0x00104c54   0x00000010   Code   RO         5020    i.cpu_domain_busy   periph_mngt.o
    0x00104c64   0x00104c64   0x00000040   Code   RO         7973    i.debugPrint        m_uart.o
    0x00104ca4   0x00104ca4   0x000000c4   Code   RO         4354    i.deepsleep_prepare  sys_sleep_ram.o
    0x00104d68   0x00104d68   0x00000044   Code   RO         6581    i.dmac_block_ts_config  app_dmac.o
    0x00104dac   0x00104dac   0x00000084   Code   RO         6582    i.dmac_ch_alloc     app_dmac.o
    0x00104e30   0x00104e30   0x00000018   Code   RO         6583    i.dmac_ch_free      app_dmac.o
    0x00104e48   0x00104e48   0x00000012   Code   RO         5853    i.dmac_clk_gate     dmac_integration.o
    0x00104e5a   0x00104e5a   0x00000002   PAD
    0x00104e5c   0x00104e5c   0x00000090   Code   RO         6584    i.dmac_get_burst_transaction_size_enum  app_dmac.o
    0x00104eec   0x00104eec   0x00000044   Code   RO         5854    i.dmac_intr_op      dmac_integration.o
    0x00104f30   0x00104f30   0x00000044   Code   RO         6585    i.dmac_stat_clean_if_all_transfer_done  app_dmac.o
    0x00104f74   0x00104f74   0x0000000a   Code   RO         5855    i.dmac_sw_rst       dmac_integration.o
    0x00104f7e   0x00104f7e   0x00000002   PAD
    0x00104f80   0x00104f80   0x00000064   Code   RO         5856    i.dmac_sys_stat     dmac_integration.o
    0x00104fe4   0x00104fe4   0x00000046   Code   RO         6586    i.dmac_tfr_isr      app_dmac.o
    0x0010502a   0x0010502a   0x00000002   PAD
    0x0010502c   0x0010502c   0x00000014   Code   RO         7974    i.dummy_func0       m_uart.o
    0x00105040   0x00105040   0x00000030   Code   RO          672    i.eTaskConfirmSleepModeStatus  tasks.o
    0x00105070   0x00105070   0x00000018   Code   RO         3249    i.ecc_gen_new_public_key  ecc_p256.o
    0x00105088   0x00105088   0x000000b4   Code   RO         3251    i.ecc_gen_new_secret_key  ecc_p256.o
    0x0010513c   0x0010513c   0x00000040   Code   RO         3252    i.ecc_generate_key256  ecc_p256.o
    0x0010517c   0x0010517c   0x0000000c   Code   RO         3253    i.ecc_generate_key256_callback  ecc_p256.o
    0x00105188   0x00105188   0x00000002   Code   RO         3255    i.ecc_init          ecc_p256.o
    0x0010518a   0x0010518a   0x00000026   Code   RO         7776    i.eflash_page_erase  m_flash.o
    0x001051b0   0x001051b0   0x00000014   Code   RO         7778    i.eflash_write      m_flash.o
    0x001051c4   0x001051c4   0x00000024   Code   RO         4080    i.enable_32m_rc     sys_sleep.o
    0x001051e8   0x001051e8   0x00000050   Code   RO         5322    i.ext_int_idx_get   io_ctrl.o
    0x00105238   0x00105238   0x0000003c   Code   RO         7407    i.flash_cache_config  flash_cache.o
    0x00105274   0x00105274   0x00000024   Code   RO         7408    i.flash_cache_disable  flash_cache.o
    0x00105298   0x00105298   0x000000c0   Code   RO         7409    i.flash_cache_enable  flash_cache.o
    0x00105358   0x00105358   0x00000014   Code   RO         7411    i.flash_cache_flush_all  flash_cache.o
    0x0010536c   0x0010536c   0x00000012   Code   RO         7262    i.flash_deep_power_down  flash.o
    0x0010537e   0x0010537e   0x0000000c   Code   RO         7263    i.flash_dual_io_read  flash.o
    0x0010538a   0x0010538a   0x0000000c   Code   RO         7264    i.flash_dual_output_read  flash.o
    0x00105396   0x00105396   0x00000002   PAD
    0x00105398   0x00105398   0x000000a4   Code   RO         7265    i.flash_erase       flash.o
    0x0010543c   0x0010543c   0x0000000a   Code   RO         3486    i.flash_erase_wrapper  nvds_in_ram.o
    0x00105446   0x00105446   0x00000002   PAD
    0x00105448   0x00105448   0x00000088   Code   RO         7266    i.flash_multi_read  flash.o
    0x001054d0   0x001054d0   0x00000022   Code   RO         7267    i.flash_operation_wait  flash.o
    0x001054f2   0x001054f2   0x00000002   PAD
    0x001054f4   0x001054f4   0x000000bc   Code   RO         7268    i.flash_program     flash.o
    0x001055b0   0x001055b0   0x00000074   Code   RO         7269    i.flash_program_base  flash.o
    0x00105624   0x00105624   0x00000010   Code   RO         7582    i.flash_qspi_operation_enter  app_qspi_wrapper.o
    0x00105634   0x00105634   0x0000000c   Code   RO         7270    i.flash_quad_io_read  flash.o
    0x00105640   0x00105640   0x0000000c   Code   RO         7271    i.flash_quad_output_read  flash.o
    0x0010564c   0x0010564c   0x00000028   Code   RO         7272    i.flash_read        flash.o
    0x00105674   0x00105674   0x00000044   Code   RO         7274    i.flash_read_func_ptr_get  flash.o
    0x001056b8   0x001056b8   0x00000010   Code   RO         4355    i.flash_recovery    sys_sleep_ram.o
    0x001056c8   0x001056c8   0x00000012   Code   RO         7279    i.flash_wakeup      flash.o
    0x001056da   0x001056da   0x00000012   Code   RO         7280    i.flash_write_enable  flash.o
    0x001056ec   0x001056ec   0x00000048   Code   RO         5506    i.ftsv_calc         rf_reg_settings_apollo_00.o
    0x00105734   0x00105734   0x00000020   Code   RO         3928    i.func_ref_list     jump_table.o
    0x00105754   0x00105754   0x00000010   Code   RO         4356    i.get_real_rtc      sys_sleep_ram.o
    0x00105764   0x00105764   0x00000018   Code   RO         5914    i.gpio_clk_gate     gpio_integration.o
    0x0010577c   0x0010577c   0x0000006a   Code   RO         6735    i.gpio_int_cfg      app_gpio.o
    0x001057e6   0x001057e6   0x00000002   PAD
    0x001057e8   0x001057e8   0x00000044   Code   RO         5915    i.gpio_intr_op      gpio_integration.o
    0x0010582c   0x0010582c   0x0000000c   Code   RO         5916    i.gpio_sw_rst       gpio_integration.o
    0x00105838   0x00105838   0x0000004c   Code   RO         5917    i.gpio_sys_stat     gpio_integration.o
    0x00105884   0x00105884   0x00000016   Code   RO         1765    i.handle_in_svc     osapp_utils.o
    0x0010589a   0x0010589a   0x00000002   PAD
    0x0010589c   0x0010589c   0x00000010   Code   RO         7829    i.hardwareInit      sensor_operation_afs121n.o
    0x001058ac   0x001058ac   0x000000ac   Code   RO         6837    i.hwecc_calculate_start  app_hwecc.o
    0x00105958   0x00105958   0x00000016   Code   RO         5968    i.hwecc_clk_gate    hwecc_integration.o
    0x0010596e   0x0010596e   0x00000002   PAD
    0x00105970   0x00105970   0x00000044   Code   RO         5969    i.hwecc_intr_op     hwecc_integration.o
    0x001059b4   0x001059b4   0x0000000c   Code   RO         5970    i.hwecc_sw_rst      hwecc_integration.o
    0x001059c0   0x001059c0   0x00000064   Code   RO         5971    i.hwecc_sys_stat    hwecc_integration.o
    0x00105a24   0x00105a24   0x00000054   Code   RO         6938    i.iic_clear_all_irq  app_iic.o
    0x00105a78   0x00105a78   0x00000018   Code   RO         6025    i.iic_clk_gate      iic_integration.o
    0x00105a90   0x00105a90   0x00000100   Code   RO         6026    i.iic_clk_src_cfg   iic_integration.o
    0x00105b90   0x00105b90   0x0000005c   Code   RO         6027    i.iic_intr_op       iic_integration.o
    0x00105bec   0x00105bec   0x00000078   Code   RO         6028    i.iic_pin_cfg       iic_integration.o
    0x00105c64   0x00105c64   0x0000007c   Code   RO         6941    i.iic_rx_complete   app_iic.o
    0x00105ce0   0x00105ce0   0x00000018   Code   RO         6029    i.iic_sw_rst        iic_integration.o
    0x00105cf8   0x00105cf8   0x00000080   Code   RO         6030    i.iic_sys_stat      iic_integration.o
    0x00105d78   0x00105d78   0x00000080   Code   RO         6944    i.iic_tx_complete   app_iic.o
    0x00105df8   0x00105df8   0x0000006e   Code   RO         6945    i.iic_tx_empty_isr  app_iic.o
    0x00105e66   0x00105e66   0x00000002   PAD
    0x00105e68   0x00105e68   0x00000054   Code   RO         7976    i.init_uart0        m_uart.o
    0x00105ebc   0x00105ebc   0x00000020   Code   RO         5324    i.io_cfg_input      io_ctrl.o
    0x00105edc   0x00105edc   0x00000020   Code   RO         5325    i.io_cfg_output     io_ctrl.o
    0x00105efc   0x00105efc   0x00000010   Code   RO         5328    i.io_dir_read_all   io_ctrl.o
    0x00105f0c   0x00105f0c   0x00000010   Code   RO         5330    i.io_dir_write_all_noie  io_ctrl.o
    0x00105f1c   0x00105f1c   0x00000030   Code   RO         5331    i.io_ext_int_cfg    io_ctrl.o
    0x00105f4c   0x00105f4c   0x0000004c   Code   RO         5332    i.io_ext_int_en     io_ctrl.o
    0x00105f98   0x00105f98   0x00000020   Code   RO         5335    i.io_init           io_ctrl.o
    0x00105fb8   0x00105fb8   0x00000010   Code   RO         5336    i.io_out_read_all   io_ctrl.o
    0x00105fc8   0x00105fc8   0x00000014   Code   RO         5337    i.io_pin_clear      io_ctrl.o
    0x00105fdc   0x00105fdc   0x00000018   Code   RO         5342    i.io_pin_read       io_ctrl.o
    0x00105ff4   0x00105ff4   0x00000014   Code   RO         5343    i.io_pin_set        io_ctrl.o
    0x00106008   0x00106008   0x00000014   Code   RO         5344    i.io_pin_toggle     io_ctrl.o
    0x0010601c   0x0010601c   0x00000010   Code   RO         5347    i.io_write_all      io_ctrl.o
    0x0010602c   0x0010602c   0x00000078   Code   RO         1280    i.lld_sleep_compensate  bx_lld_sleep.o
    0x001060a4   0x001060a4   0x00000040   Code   RO         1281    i.lld_sleep_enter   bx_lld_sleep.o
    0x001060e4   0x001060e4   0x000000d4   Code   RO         1282    i.lld_sleep_init    bx_lld_sleep.o
    0x001061b8   0x001061b8   0x0000001c   Code   RO         1283    i.lld_sleep_wakeup  bx_lld_sleep.o
    0x001061d4   0x001061d4   0x00000014   Code   RO         1284    i.lld_sleep_wakeup_end  bx_lld_sleep.o
    0x001061e8   0x001061e8   0x00000008   Code   RO         4759    i.llm_end_evt_defer_patch  llm_end_evt_defer_patch.o
    0x001061f0   0x001061f0   0x0000006c   Code   RO         4037    i.llm_util_chk_tst_mode_patch  tx_test_end.o
    0x0010625c   0x0010625c   0x0000000a   Code   RO         2119    i.main              main.o
    0x00106266   0x00106266   0x00000002   PAD
    0x00106268   0x00106268   0x00000088   Code   RO         6838    i.mem_to_reg        app_hwecc.o
    0x001062f0   0x001062f0   0x0000000e   Code   RO         4886    i.modem_dev_calib_in_main  modem.o
    0x001062fe   0x001062fe   0x00000002   PAD
    0x00106300   0x00106300   0x000000c4   Code   RO         4887    i.modem_init        modem.o
    0x001063c4   0x001063c4   0x000000ec   Code   RO         4889    i.modem_vcocali_value_save  modem.o
    0x001064b0   0x001064b0   0x00000038   Code   RO         1496    i.msg2blestack_from_ISR  ble_task.o
    0x001064e8   0x001064e8   0x0000003c   Code   RO         1615    i.msg_send          osapp_task.o
    0x00106524   0x00106524   0x00000018   Code   RO         1617    i.msg_send_to_ble_task  osapp_task.o
    0x0010653c   0x0010653c   0x00000030   Code   RO         3487    i.nvds_data_ver_get  nvds_in_ram.o
    0x0010656c   0x0010656c   0x0000001e   Code   RO         3488    i.nvds_del          nvds_in_ram.o
    0x0010658a   0x0010658a   0x00000002   PAD
    0x0010658c   0x0010658c   0x00000040   Code   RO         3489    i.nvds_get          nvds_in_ram.o
    0x001065cc   0x001065cc   0x00000048   Code   RO         3490    i.nvds_get_available_idx  nvds_in_ram.o
    0x00106614   0x00106614   0x000000f4   Code   RO         3491    i.nvds_index_build  nvds_in_ram.o
    0x00106708   0x00106708   0x000000bc   Code   RO         3492    i.nvds_init         nvds_in_ram.o
    0x001067c4   0x001067c4   0x00000024   Code   RO         3493    i.nvds_invalid_item  nvds_in_ram.o
    0x001067e8   0x001067e8   0x000000a8   Code   RO         3494    i.nvds_move_to_another_blk  nvds_in_ram.o
    0x00106890   0x00106890   0x00000064   Code   RO         3495    i.nvds_put          nvds_in_ram.o
    0x001068f4   0x001068f4   0x00000050   Code   RO         3496    i.nvds_tag_search   nvds_in_ram.o
    0x00106944   0x00106944   0x0000004c   Code   RO         3497    i.nvds_write_new_item  nvds_in_ram.o
    0x00106990   0x00106990   0x00000008   Code   RO         1548    i.os_get_eif_api    os_bridge.o
    0x00106998   0x00106998   0x00000038   Code   RO         1766    i.osapp_add_svc_req_helper  osapp_utils.o
    0x001069d0   0x001069d0   0x00000030   Code   RO         1767    i.osapp_add_svc_rsp_helper  osapp_utils.o
    0x00106a00   0x00106a00   0x0000000a   Code   RO         1768    i.osapp_add_svc_rsp_helper_handler  osapp_utils.o
    0x00106a0a   0x00106a0a   0x00000002   PAD
    0x00106a0c   0x00106a0c   0x00000050   Code   RO         1619    i.osapp_ahi_msg_rx  osapp_task.o
    0x00106a5c   0x00106a5c   0x00000020   Code   RO         1620    i.osapp_ahi_msg_send  osapp_task.o
    0x00106a7c   0x00106a7c   0x00000050   Code   RO            5    i.osapp_default_msg_handler  osapp_uart_server.o
    0x00106acc   0x00106acc   0x0000001c   Code   RO            6    i.osapp_device_ready_ind_handler  osapp_uart_server.o
    0x00106ae8   0x00106ae8   0x00000034   Code   RO            7    i.osapp_gapc_conn_req_ind_handler  osapp_uart_server.o
    0x00106b1c   0x00106b1c   0x00000020   Code   RO            8    i.osapp_gapc_disconnect_ind_handler  osapp_uart_server.o
    0x00106b3c   0x00106b3c   0x00000088   Code   RO            9    i.osapp_gapc_get_dev_info_req_ind_handler  osapp_uart_server.o
    0x00106bc4   0x00106bc4   0x00000048   Code   RO           10    i.osapp_gapc_param_update_req_handler  osapp_uart_server.o
    0x00106c0c   0x00106c0c   0x00000104   Code   RO           11    i.osapp_gapm_cmp_evt_handler  osapp_uart_server.o
    0x00106d10   0x00106d10   0x00000088   Code   RO           12    i.osapp_gattc_cmp_evt_handler  osapp_uart_server.o
    0x00106d98   0x00106d98   0x0000000a   Code   RO         1769    i.osapp_get_att_handle_helper  osapp_utils.o
    0x00106da2   0x00106da2   0x00000002   PAD
    0x00106da4   0x00106da4   0x0000003c   Code   RO         1770    i.osapp_get_svc_helper_ptr  osapp_utils.o
    0x00106de0   0x00106de0   0x00000038   Code   RO         1626    i.osapp_mesh_queued_msg_handler  osapp_task.o
    0x00106e18   0x00106e18   0x0000000e   Code   RO         1627    i.osapp_msg_build_send  osapp_task.o
    0x00106e26   0x00106e26   0x00000002   PAD
    0x00106e28   0x00106e28   0x00000024   Code   RO         1549    i.osapp_msg_start_recv  os_bridge.o
    0x00106e4c   0x00106e4c   0x0000000e   Code   RO         1771    i.osapp_read_req_ind_helper_handler  osapp_utils.o
    0x00106e5a   0x00106e5a   0x00000042   Code   RO         1772    i.osapp_read_write_req_ind_helper  osapp_utils.o
    0x00106e9c   0x00106e9c   0x00000068   Code   RO           14    i.osapp_start_advertising  osapp_uart_server.o
    0x00106f04   0x00106f04   0x000000b4   Code   RO         1628    i.osapp_task        osapp_task.o
    0x00106fb8   0x00106fb8   0x00000030   Code   RO         1629    i.osapp_usr_msg_handler  osapp_task.o
    0x00106fe8   0x00106fe8   0x0000000e   Code   RO         1773    i.osapp_write_req_ind_helper_handler  osapp_utils.o
    0x00106ff6   0x00106ff6   0x00000002   PAD
    0x00106ff8   0x00106ff8   0x00000080   Code   RO         4187    i.patch_adv_int     adv_int.o
    0x00107078   0x00107078   0x00000028   Code   RO         4957    i.patch_alloc       patch.o
    0x001070a0   0x001070a0   0x0000004c   Code   RO         4959    i.patch_entrance_exit_addr  patch.o
    0x001070ec   0x001070ec   0x00000018   Code   RO         4960    i.patch_init        patch.o
    0x00107104   0x00107104   0x00000010   Code   RO         5021    i.periph_domain_busy  periph_mngt.o
    0x00107114   0x00107114   0x0000002a   Code   RO         7459    i.periph_recovery   periph_recovery.o
    0x0010713e   0x0010713e   0x00000002   PAD
    0x00107140   0x00107140   0x0000002c   Code   RO         2980    i.platform_reset    arch_init.o
    0x0010716c   0x0010716c   0x00000074   Code   RO         4357    i.post_deepsleep_processing_mp  sys_sleep_ram.o
    0x001071e0   0x001071e0   0x00000008   Code   RO         4358    i.pre_deepsleep_processing_mp  sys_sleep_ram.o
    0x001071e8   0x001071e8   0x00000004   Code   RO         1186    i.prf_add_profile   prf.o
    0x001071ec   0x001071ec   0x0000000c   Code   RO         1187    i.prf_cleanup       prf.o
    0x001071f8   0x001071f8   0x0000000c   Code   RO         1188    i.prf_create        prf.o
    0x00107204   0x00107204   0x00000034   Code   RO         1191    i.prf_get_id_from_task  prf.o
    0x00107238   0x00107238   0x00000034   Code   RO         1192    i.prf_get_task_from_id  prf.o
    0x0010726c   0x0010726c   0x00000060   Code   RO         1193    i.prf_init          prf.o
    0x001072cc   0x001072cc   0x00000058   Code   RO          674    i.prvAddCurrentTaskToDelayedList  tasks.o
    0x00107324   0x00107324   0x000000b8   Code   RO          675    i.prvAddNewTaskToReadyList  tasks.o
    0x001073dc   0x001073dc   0x00000048   Code   RO          980    i.prvCheckForValidListAndQueue  timers.o
    0x00107424   0x00107424   0x00000026   Code   RO          529    i.prvCopyDataFromQueue  queue.o
    0x0010744a   0x0010744a   0x0000005c   Code   RO          530    i.prvCopyDataToQueue  queue.o
    0x001074a6   0x001074a6   0x00000002   PAD
    0x001074a8   0x001074a8   0x0000007c   Code   RO          676    i.prvDeleteTCB      tasks.o
    0x00107524   0x00107524   0x00000034   Code   RO          677    i.prvGetExpectedIdleTime  tasks.o
    0x00107558   0x00107558   0x00000044   Code   RO          357    i.prvHeapInit       heap_4.o
    0x0010759c   0x0010759c   0x000000b8   Code   RO          678    i.prvIdleTask       tasks.o
    0x00107654   0x00107654   0x0000001c   Code   RO          531    i.prvInitialiseNewQueue  queue.o
    0x00107670   0x00107670   0x000000a8   Code   RO          679    i.prvInitialiseNewTask  tasks.o
    0x00107718   0x00107718   0x0000004c   Code   RO          358    i.prvInsertBlockIntoFreeList  heap_4.o
    0x00107764   0x00107764   0x00000038   Code   RO          982    i.prvInsertTimerInActiveList  timers.o
    0x0010779c   0x0010779c   0x0000001c   Code   RO          532    i.prvIsQueueEmpty   queue.o
    0x001077b8   0x001077b8   0x00000060   Code   RO          983    i.prvProcessExpiredTimer  timers.o
    0x00107818   0x00107818   0x0000010c   Code   RO          984    i.prvProcessReceivedCommands  timers.o
    0x00107924   0x00107924   0x00000060   Code   RO          985    i.prvProcessTimerOrBlockTask  timers.o
    0x00107984   0x00107984   0x00000020   Code   RO          680    i.prvResetNextTaskUnblockTime  tasks.o
    0x001079a4   0x001079a4   0x00000028   Code   RO          986    i.prvSampleTimeNow  timers.o
    0x001079cc   0x001079cc   0x00000090   Code   RO          987    i.prvSwitchTimerLists  timers.o
    0x00107a5c   0x00107a5c   0x00000068   Code   RO         1100    i.prvTaskExitError  port.o
    0x00107ac4   0x00107ac4   0x0000002c   Code   RO          988    i.prvTimerTask      timers.o
    0x00107af0   0x00107af0   0x00000070   Code   RO          533    i.prvUnlockQueue    queue.o
    0x00107b60   0x00107b60   0x000005d0   Code   RO         5057    i.pshare_funcio_set  pshare.o
    0x00108130   0x00108130   0x00000014   Code   RO         5059    i.pshare_reset_to_gpio  pshare.o
    0x00108144   0x00108144   0x00000188   Code   RO          359    i.pvPortMalloc      heap_4.o
    0x001082cc   0x001082cc   0x00000020   Code   RO         1101    i.pxPortInitialiseStack  port.o
    0x001082ec   0x001082ec   0x00000016   Code   RO         6158    i.qspi_clk_gate     qspi_integration.o
    0x00108302   0x00108302   0x00000004   Code   RO         6159    i.qspi_get_fifo_depth  qspi_integration.o
    0x00108306   0x00108306   0x00000002   PAD
    0x00108308   0x00108308   0x00000058   Code   RO         6160    i.qspi_pin_cfg      qspi_integration.o
    0x00108360   0x00108360   0x0000001c   Code   RO         7495    i.qspi_std_byte_write_dma_config  app_qspi.o
    0x0010837c   0x0010837c   0x0000005c   Code   RO         7496    i.qspi_std_byte_write_dma_start  app_qspi.o
    0x001083d8   0x001083d8   0x0000000c   Code   RO         6161    i.qspi_sw_rst       qspi_integration.o
    0x001083e4   0x001083e4   0x00000068   Code   RO         6162    i.qspi_sys_stat     qspi_integration.o
    0x0010844c   0x0010844c   0x00000058   Code   RO         5123    i.rc_calib_end      rc_calib.o
    0x001084a4   0x001084a4   0x00000018   Code   RO         5124    i.rc_calib_start    rc_calib.o
    0x001084bc   0x001084bc   0x0000006c   Code   RO         7460    i.recovery_list_add  periph_recovery.o
    0x00108528   0x00108528   0x00000064   Code   RO         7461    i.recovery_list_remove  periph_recovery.o
    0x0010858c   0x0010858c   0x00000034   Code   RO         5508    i.reg_pad_voltage_init  rf_reg_settings_apollo_00.o
    0x001085c0   0x001085c0   0x00000028   Code   RO         5509    i.reg_pll_enable    rf_reg_settings_apollo_00.o
    0x001085e8   0x001085e8   0x00000010   Code   RO         5510    i.reg_pll_lock      rf_reg_settings_apollo_00.o
    0x001085f8   0x001085f8   0x0000000e   Code   RO         6839    i.reg_set           app_hwecc.o
    0x00108606   0x00108606   0x00000002   PAD
    0x00108608   0x00108608   0x0000005c   Code   RO         5511    i.reg_set_pll       rf_reg_settings_apollo_00.o
    0x00108664   0x00108664   0x00000044   Code   RO         5512    i.reg_set_xtal_current  rf_reg_settings_apollo_00.o
    0x001086a8   0x001086a8   0x00000010   Code   RO         5513    i.reg_set_xtal_current_normal  rf_reg_settings_apollo_00.o
    0x001086b8   0x001086b8   0x00000010   Code   RO         5514    i.reg_set_xtal_current_startup  rf_reg_settings_apollo_00.o
    0x001086c8   0x001086c8   0x00000018   Code   RO         5515    i.reg_wait_pll_stable  rf_reg_settings_apollo_00.o
    0x001086e0   0x001086e0   0x00000002   Code   RO         3847    i.rf_force_agc_enable  rf_apollo.o
    0x001086e2   0x001086e2   0x00000002   PAD
    0x001086e4   0x001086e4   0x00000140   Code   RO         3848    i.rf_init           rf_apollo.o
    0x00108824   0x00108824   0x00000004   Code   RO         3850    i.rf_reg_rd         rf_apollo.o
    0x00108828   0x00108828   0x000004e4   Code   RO         5517    i.rf_reg_settings_init_mp  rf_reg_settings_apollo_00.o
    0x00108d0c   0x00108d0c   0x00000002   Code   RO         3851    i.rf_reg_wr         rf_apollo.o
    0x00108d0e   0x00108d0e   0x00000002   Code   RO         3852    i.rf_reset          rf_apollo.o
    0x00108d10   0x00108d10   0x00000010   Code   RO         3853    i.rf_rssi_convert   rf_apollo.o
    0x00108d20   0x00108d20   0x000000cc   Code   RO         5519    i.rf_setPA_0dbm     rf_reg_settings_apollo_00.o
    0x00108dec   0x00108dec   0x00000010   Code   RO         3854    i.rf_sleep          rf_apollo.o
    0x00108dfc   0x00108dfc   0x00000004   Code   RO         3855    i.rf_txpwr_dbm_get  rf_apollo.o
    0x00108e00   0x00108e00   0x00000024   Code   RO         6220    i.rtc_init          rtc_integration.o
    0x00108e24   0x00108e24   0x00000060   Code   RO         1890    i.rtos_task_init    task_init.o
    0x00108e84   0x00108e84   0x0000008c   Code   RO         1891    i.rtos_tasks_create  task_init.o
    0x00108f10   0x00108f10   0x00000030   Code   RO         4436    i.rtt_log           bx_dbg.o
    0x00108f40   0x00108f40   0x00000044   Code   RO         4437    i.rwip_assert_c     bx_dbg.o
    0x00108f84   0x00108f84   0x0000001e   Code   RO         2981    i.rwip_eif_get      arch_init.o
    0x00108fa2   0x00108fa2   0x00000002   PAD
    0x00108fa4   0x00108fa4   0x0000008c   Code   RO         3583    i.rwip_init         rwip.o
    0x00109030   0x00109030   0x0000001c   Code   RO         3584    i.rwip_prevent_sleep_clear  rwip.o
    0x0010904c   0x0010904c   0x0000001c   Code   RO         3585    i.rwip_prevent_sleep_set  rwip.o
    0x00109068   0x00109068   0x00000088   Code   RO         3586    i.rwip_reset        rwip.o
    0x001090f0   0x001090f0   0x00000014   Code   RO         3587    i.rwip_schedule     rwip.o
    0x00109104   0x00109104   0x00000120   Code   RO         3588    i.rwip_sleep        rwip.o
    0x00109224   0x00109224   0x0000003c   Code   RO         3591    i.rwip_sleep_lpcycles_2_us  rwip.o
    0x00109260   0x00109260   0x00000010   Code   RO         3592    i.rwip_us_2_lpcycles  rwip.o
    0x00109270   0x00109270   0x00000020   Code   RO         3594    i.rwip_wakeup       rwip.o
    0x00109290   0x00109290   0x00000010   Code   RO         3595    i.rwip_wakeup_delay_set  rwip.o
    0x001092a0   0x001092a0   0x00000034   Code   RO         3596    i.rwip_wakeup_end   rwip.o
    0x001092d4   0x001092d4   0x00000094   Code   RO         4761    i.set_llm_end_evt_defer_patch  llm_end_evt_defer_patch.o
    0x00109368   0x00109368   0x00000098   Code   RO         4081    i.sleep_prepare_and_check  sys_sleep.o
    0x00109400   0x00109400   0x0000004c   Code   RO         2983    i.soc_initialize    arch_init.o
    0x0010944c   0x0010944c   0x00000044   Code   RO         6246    i.spi_clk_gate      spi_integration.o
    0x00109490   0x00109490   0x00000008   Code   RO         6247    i.spi_get_fifo_depth  spi_integration.o
    0x00109498   0x00109498   0x0000006c   Code   RO         6248    i.spi_intr_op       spi_integration.o
    0x00109504   0x00109504   0x00000094   Code   RO         6249    i.spi_pin_cfg       spi_integration.o
    0x00109598   0x00109598   0x00000040   Code   RO         7666    i.spi_rx_done       app_spi.o
    0x001095d8   0x001095d8   0x00000064   Code   RO         7667    i.spi_rx_full_isr   app_spi.o
    0x0010963c   0x0010963c   0x00000026   Code   RO         6250    i.spi_sw_rst        spi_integration.o
    0x00109662   0x00109662   0x00000002   PAD
    0x00109664   0x00109664   0x00000094   Code   RO         6251    i.spi_sys_stat      spi_integration.o
    0x001096f8   0x001096f8   0x000000b8   Code   RO         7669    i.spi_tx_empty_isr  app_spi.o
    0x001097b0   0x001097b0   0x00000010   Code   RO         5155    i.srst_awo          rst_gen.o
    0x001097c0   0x001097c0   0x00000010   Code   RO         5156    i.srst_cpu          rst_gen.o
    0x001097d0   0x001097d0   0x00000010   Code   RO         5157    i.srst_per          rst_gen.o
    0x001097e0   0x001097e0   0x00000028   Code   RO         4082    i.switch_to_32m_xtal  sys_sleep.o
    0x00109808   0x00109808   0x00000034   Code   RO         4359    i.sync_with_ble_sleep  sys_sleep_ram.o
    0x0010983c   0x0010983c   0x00000068   Code   RO         2984    i.sys_setup         arch_init.o
    0x001098a4   0x001098a4   0x00000018   Code   RO         4083    i.sysc_awo_blelp_inrp_en_setf  sys_sleep.o
    0x001098bc   0x001098bc   0x00000018   Code   RO         5193    i.sysc_awo_clk_div_ble_mac_para0_m1_setf  sysctrl.o
    0x001098d4   0x001098d4   0x00000018   Code   RO         5194    i.sysc_awo_clk_sel_ble_mac_setf  sysctrl.o
    0x001098ec   0x001098ec   0x00000018   Code   RO         4360    i.sysc_awo_o_16m_xtal_en_setf  sys_sleep_ram.o
    0x00109904   0x00109904   0x00000018   Code   RO         5195    i.sysc_awo_o_clk_sel_hbus0_setf  sysctrl.o
    0x0010991c   0x0010991c   0x00000018   Code   RO         5196    i.sysc_awo_o_clk_sel_hbus1_setf  sysctrl.o
    0x00109934   0x00109934   0x00000018   Code   RO         4361    i.sysc_awo_pwm2_fc_h_setf  sys_sleep_ram.o
    0x0010994c   0x0010994c   0x00000010   Code   RO         5060    i.sysc_cpu_ble_mac_dbg_en_getf  pshare.o
    0x0010995c   0x0010995c   0x00000018   Code   RO         5061    i.sysc_cpu_func_io_en_r_setf  pshare.o
    0x00109974   0x00109974   0x00000018   Code   RO         6163    i.sysc_cpu_qspi_en_setf  qspi_integration.o
    0x0010998c   0x0010998c   0x00000010   Code   RO         5062    i.sysc_cpu_spim0_en_getf  pshare.o
    0x0010999c   0x0010999c   0x00000018   Code   RO         6252    i.sysc_cpu_spim0_en_setf  spi_integration.o
    0x001099b4   0x001099b4   0x00000010   Code   RO         5063    i.sysc_cpu_spim1_en_getf  pshare.o
    0x001099c4   0x001099c4   0x00000018   Code   RO         6253    i.sysc_cpu_spim1_en_setf  spi_integration.o
    0x001099dc   0x001099dc   0x00000010   Code   RO         5064    i.sysc_cpu_spis_en_getf  pshare.o
    0x001099ec   0x001099ec   0x00000018   Code   RO         6254    i.sysc_cpu_spis_en_setf  spi_integration.o
    0x00109a04   0x00109a04   0x00000040   Code   RO         5197    i.sysctrl_32k_clk_init  sysctrl.o
    0x00109a44   0x00109a44   0x00000054   Code   RO         5199    i.sysctrl_awo_init  sysctrl.o
    0x00109a98   0x00109a98   0x00000014   Code   RO         5200    i.sysctrl_awo_modem_clk_init  sysctrl.o
    0x00109aac   0x00109aac   0x00000064   Code   RO         5201    i.sysctrl_awo_pd_onoff_sw  sysctrl.o
    0x00109b10   0x00109b10   0x0000001c   Code   RO         5202    i.sysctrl_awo_power_domain_ctrl_init  sysctrl.o
    0x00109b2c   0x00109b2c   0x00000018   Code   RO         5203    i.sysctrl_awo_set_sram_retention_vdd  sysctrl.o
    0x00109b44   0x00109b44   0x0000001c   Code   RO         5204    i.sysctrl_close_32m_rc  sysctrl.o
    0x00109b60   0x00109b60   0x0000000e   Code   RO         5206    i.sysctrl_io_config  sysctrl.o
    0x00109b6e   0x00109b6e   0x00000002   PAD
    0x00109b70   0x00109b70   0x00000060   Code   RO         5207    i.sysctrl_io_config_mask  sysctrl.o
    0x00109bd0   0x00109bd0   0x0000000c   Code   RO         5209    i.sysctrl_pwr_pwm_2_sleep_en_get  sysctrl.o
    0x00109bdc   0x00109bdc   0x00000064   Code   RO         5210    i.sysctrl_set_ahb_apb_blemac_clk  sysctrl.o
    0x00109c40   0x00109c40   0x0000000c   Code   RO         7908    i.systemTick        m_timer.o
    0x00109c4c   0x00109c4c   0x00000028   Code   RO         4084    i.system_recovery   sys_sleep.o
    0x00109c74   0x00109c74   0x00000038   Code   RO         1893    i.system_tick_init  task_init.o
    0x00109cac   0x00109cac   0x00000084   Code   RO         1894    i.test_task         task_init.o
    0x00109d30   0x00109d30   0x00000038   Code   RO         7909    i.timerDelayMs      m_timer.o
    0x00109d68   0x00109d68   0x00000028   Code   RO         7911    i.timerInit         m_timer.o
    0x00109d90   0x00109d90   0x00000038   Code   RO         6342    i.timer_clk_gate    timer_integration.o
    0x00109dc8   0x00109dc8   0x0000002c   Code   RO         6343    i.timer_clk_src_cfg  timer_integration.o
    0x00109df4   0x00109df4   0x00000048   Code   RO         6344    i.timer_intr_op     timer_integration.o
    0x00109e3c   0x00109e3c   0x00000002   Code   RO         6345    i.timer_pin_cfg     timer_integration.o
    0x00109e3e   0x00109e3e   0x0000000c   Code   RO         6346    i.timer_sw_rst      timer_integration.o
    0x00109e4a   0x00109e4a   0x00000002   PAD
    0x00109e4c   0x00109e4c   0x0000007c   Code   RO         6347    i.timer_sys_stat    timer_integration.o
    0x00109ec8   0x00109ec8   0x0000005c   Code   RO         7977    i.uart00_rx_callback  m_uart.o
    0x00109f24   0x00109f24   0x00000050   Code   RO           15    i.uart0_rx_callback  osapp_uart_server.o
    0x00109f74   0x00109f74   0x0000005c   Code   RO         7982    i.uart1_rx_callback  m_uart.o
    0x00109fd0   0x00109fd0   0x00000054   Code   RO         7986    i.uartInit          m_uart.o
    0x0010a024   0x0010a024   0x0000002e   Code   RO         6410    i.uart_clk_gate     uart_integration.o
    0x0010a052   0x0010a052   0x00000002   PAD
    0x0010a054   0x0010a054   0x00000054   Code   RO         6411    i.uart_clk_src_cfg  uart_integration.o
    0x0010a0a8   0x0010a0a8   0x00000004   Code   RO         6412    i.uart_get_fifo_depth  uart_integration.o
    0x0010a0ac   0x0010a0ac   0x00000058   Code   RO         6413    i.uart_intr_op      uart_integration.o
    0x0010a104   0x0010a104   0x00000098   Code   RO         6414    i.uart_pin_cfg      uart_integration.o
    0x0010a19c   0x0010a19c   0x00000018   Code   RO         7158    i.uart_read_dma_callback  app_uart.o
    0x0010a1b4   0x0010a1b4   0x00000090   Code   RO         7159    i.uart_rx_complete  app_uart.o
    0x0010a244   0x0010a244   0x0000000a   Code   RO         7160    i.uart_rx_env_clr   app_uart.o
    0x0010a24e   0x0010a24e   0x00000002   PAD
    0x0010a250   0x0010a250   0x00000024   Code   RO         6415    i.uart_rx_stat_set  uart_integration.o
    0x0010a274   0x0010a274   0x00000054   Code   RO           16    i.uart_server_read_req_ind  osapp_uart_server.o
    0x0010a2c8   0x0010a2c8   0x0000007c   Code   RO           17    i.uart_server_write_req_ind  osapp_uart_server.o
    0x0010a344   0x0010a344   0x00000018   Code   RO         7161    i.uart_set_divisor  app_uart.o
    0x0010a35c   0x0010a35c   0x00000016   Code   RO         6416    i.uart_sw_rst       uart_integration.o
    0x0010a372   0x0010a372   0x00000002   PAD
    0x0010a374   0x0010a374   0x00000078   Code   RO         6417    i.uart_sys_stat     uart_integration.o
    0x0010a3ec   0x0010a3ec   0x00000014   Code   RO         7162    i.uart_transfer_sanity_check  app_uart.o
    0x0010a400   0x0010a400   0x00000088   Code   RO         7163    i.uart_tx_complete  app_uart.o
    0x0010a488   0x0010a488   0x00000028   Code   RO         6418    i.uart_tx_stat_set  uart_integration.o
    0x0010a4b0   0x0010a4b0   0x0000001e   Code   RO         7164    i.uart_write_dma_callback  app_uart.o
    0x0010a4ce   0x0010a4ce   0x00000026   Code   RO          493    i.uxListRemove      list.o
    0x0010a4f4   0x0010a4f4   0x00000014   Code   RO         1896    i.vApplicationGetIdleTaskMemory  task_init.o
    0x0010a508   0x0010a508   0x00000018   Code   RO         1897    i.vApplicationGetTimerTaskMemory  task_init.o
    0x0010a520   0x0010a520   0x00000020   Code   RO         1898    i.vApplicationMallocFailedHook  task_init.o
    0x0010a540   0x0010a540   0x00000020   Code   RO         1899    i.vApplicationStackOverflowHook  task_init.o
    0x0010a560   0x0010a560   0x00000016   Code   RO          494    i.vListInitialise   list.o
    0x0010a576   0x0010a576   0x00000006   Code   RO          495    i.vListInitialiseItem  list.o
    0x0010a57c   0x0010a57c   0x00000030   Code   RO          496    i.vListInsert       list.o
    0x0010a5ac   0x0010a5ac   0x00000018   Code   RO          497    i.vListInsertEnd    list.o
    0x0010a5c4   0x0010a5c4   0x00000018   Code   RO         1103    i.vPortEnterCritical  port.o
    0x0010a5dc   0x0010a5dc   0x00000068   Code   RO         1104    i.vPortExitCritical  port.o
    0x0010a644   0x0010a644   0x000000d0   Code   RO          360    i.vPortFree         heap_4.o
    0x0010a714   0x0010a714   0x00000060   Code   RO         1900    i.vPortOSTick_IRQ   task_init.o
    0x0010a774   0x0010a774   0x00000018   Code   RO         1106    i.vPortYield        port.o
    0x0010a78c   0x0010a78c   0x00000044   Code   RO          538    i.vQueueWaitForMessageRestricted  queue.o
    0x0010a7d0   0x0010a7d0   0x00000010   Code   RO          692    i.vTaskInternalSetTimeOutState  tasks.o
    0x0010a7e0   0x0010a7e0   0x0000000c   Code   RO          693    i.vTaskMissedYield  tasks.o
    0x0010a7ec   0x0010a7ec   0x00000050   Code   RO          695    i.vTaskPlaceOnEventList  tasks.o
    0x0010a83c   0x0010a83c   0x0000005c   Code   RO          696    i.vTaskPlaceOnEventListRestricted  tasks.o
    0x0010a898   0x0010a898   0x000000a0   Code   RO          702    i.vTaskStartScheduler  tasks.o
    0x0010a938   0x0010a938   0x00000078   Code   RO          703    i.vTaskStepTick     tasks.o
    0x0010a9b0   0x0010a9b0   0x00000010   Code   RO          705    i.vTaskSuspendAll   tasks.o
    0x0010a9c0   0x0010a9c0   0x000000b4   Code   RO          706    i.vTaskSwitchContext  tasks.o
    0x0010aa74   0x0010aa74   0x00000004   Code   RO         1550    i.virtual_port_flow_off  os_bridge.o
    0x0010aa78   0x0010aa78   0x00000002   Code   RO         1551    i.virtual_port_flow_on  os_bridge.o
    0x0010aa7a   0x0010aa7a   0x00000002   PAD
    0x0010aa7c   0x0010aa7c   0x0000004c   Code   RO         1552    i.virtual_port_read  os_bridge.o
    0x0010aac8   0x0010aac8   0x00000036   Code   RO         1553    i.virtual_port_write  os_bridge.o
    0x0010aafe   0x0010aafe   0x00000002   PAD
    0x0010ab00   0x0010ab00   0x00000010   Code   RO         4362    i.wait_rtc_until    sys_sleep_ram.o
    0x0010ab10   0x0010ab10   0x00000030   Code   RO         1107    i.xPortStartScheduler  port.o
    0x0010ab40   0x0010ab40   0x00000024   Code   RO         1108    i.xPortSysTickHandler  port.o
    0x0010ab64   0x0010ab64   0x00000080   Code   RO          539    i.xQueueGenericCreate  queue.o
    0x0010abe4   0x0010abe4   0x0000011c   Code   RO          540    i.xQueueGenericCreateStatic  queue.o
    0x0010ad00   0x0010ad00   0x00000094   Code   RO          541    i.xQueueGenericReset  queue.o
    0x0010ad94   0x0010ad94   0x00000168   Code   RO          542    i.xQueueGenericSend  queue.o
    0x0010aefc   0x0010aefc   0x000000cc   Code   RO          543    i.xQueueGenericSendFromISR  queue.o
    0x0010afc8   0x0010afc8   0x00000044   Code   RO          545    i.xQueueIsQueueEmptyFromISR  queue.o
    0x0010b00c   0x0010b00c   0x00000148   Code   RO          549    i.xQueueReceive     queue.o
    0x0010b154   0x0010b154   0x000000a0   Code   RO          707    i.xTaskCheckForTimeOut  tasks.o
    0x0010b1f4   0x0010b1f4   0x00000052   Code   RO          708    i.xTaskCreate       tasks.o
    0x0010b246   0x0010b246   0x00000002   PAD
    0x0010b248   0x0010b248   0x00000094   Code   RO          709    i.xTaskCreateStatic  tasks.o
    0x0010b2dc   0x0010b2dc   0x00000020   Code   RO          713    i.xTaskGetSchedulerState  tasks.o
    0x0010b2fc   0x0010b2fc   0x0000000c   Code   RO          714    i.xTaskGetTickCount  tasks.o
    0x0010b308   0x0010b308   0x000000e4   Code   RO          716    i.xTaskIncrementTick  tasks.o
    0x0010b3ec   0x0010b3ec   0x0000009c   Code   RO          719    i.xTaskRemoveFromEventList  tasks.o
    0x0010b488   0x0010b488   0x000000e4   Code   RO          720    i.xTaskResumeAll    tasks.o
    0x0010b56c   0x0010b56c   0x00000084   Code   RO          993    i.xTimerCreateTimerTask  timers.o
    0x0010b5f0   0x0010b5f0   0x0000007c   Code   RO          994    i.xTimerGenericCommand  timers.o
    0x0010b66c   0x0010b66c   0x00000016   Data   RO           19    .constdata          osapp_uart_server.o
    0x0010b682   0x0010b682   0x0000006e   Data   RO           20    .constdata          osapp_uart_server.o
    0x0010b6f0   0x0010b6f0   0x00000058   Data   RO           21    .constdata          osapp_uart_server.o
    0x0010b748   0x0010b748   0x00000008   Data   RO           22    .constdata          osapp_uart_server.o
    0x0010b750   0x0010b750   0x00000010   Data   RO         1555    .constdata          os_bridge.o
    0x0010b760   0x0010b760   0x00000030   Data   RO         1633    .constdata          osapp_task.o
    0x0010b790   0x0010b790   0x00000040   Data   RO         1902    .constdata          task_init.o
    0x0010b7d0   0x0010b7d0   0x000001f8   Data   RO         3262    .constdata          ecc_p256.o
    0x0010b9c8   0x0010b9c8   0x0000000c   Data   RO         3499    .constdata          nvds_in_ram.o
    0x0010b9d4   0x0010b9d4   0x0000000e   Data   RO         3598    .constdata          rwip.o
    0x0010b9e2   0x0010b9e2   0x00000005   Data   RO         3599    .constdata          rwip.o
    0x0010b9e7   0x0010b9e7   0x00000080   Data   RO         3856    .constdata          rf_apollo.o
    0x0010ba67   0x0010ba67   0x00000010   Data   RO         4657    .constdata          segger_rtt_printf.o
    0x0010ba77   0x0010ba77   0x00000001   PAD
    0x0010ba78   0x0010ba78   0x00000018   Data   RO         5918    .constdata          gpio_integration.o
    0x0010ba90   0x0010ba90   0x00000018   Data   RO         6031    .constdata          iic_integration.o
    0x0010baa8   0x0010baa8   0x00000018   Data   RO         6164    .constdata          qspi_integration.o
    0x0010bac0   0x0010bac0   0x00000018   Data   RO         6255    .constdata          spi_integration.o
    0x0010bad8   0x0010bad8   0x00000018   Data   RO         6348    .constdata          timer_integration.o
    0x0010baf0   0x0010baf0   0x00000018   Data   RO         6419    .constdata          uart_integration.o
    0x0010bb08   0x0010bb08   0x00000030   Data   RO         7165    .constdata          app_uart.o
    0x0010bb38   0x0010bb38   0x00000010   Data   RO         7281    .constdata          flash.o
    0x0010bb48   0x0010bb48   0x00000010   Data   RO         7412    .constdata          flash_cache.o
    0x0010bb58   0x0010bb58   0x00000048   Data   RO         7497    .constdata          app_qspi.o
    0x0010bba0   0x0010bba0   0x00000141   Data   RO          552    .conststring        queue.o
    0x0010bce1   0x0010bce1   0x00000003   PAD
    0x0010bce4   0x0010bce4   0x0000009b   Data   RO          723    .conststring        tasks.o
    0x0010bd7f   0x0010bd7f   0x00000001   PAD
    0x0010bd80   0x0010bd80   0x00000015   Data   RO         1903    .conststring        task_init.o
    0x0010bd95   0x0010bd95   0x00000003   PAD
    0x0010bd98   0x0010bd98   0x00000049   Data   RO         4762    .conststring        llm_end_evt_defer_patch.o
    0x0010bde1   0x0010bde1   0x00000003   PAD
    0x0010bde4   0x0010bde4   0x00000048   Data   RO         4817    .conststring        clk_gate.o
    0x0010be2c   0x0010be2c   0x00000042   Data   RO         4962    .conststring        patch.o
    0x0010be6e   0x0010be6e   0x00000002   PAD
    0x0010be70   0x0010be70   0x00000044   Data   RO         5065    .conststring        pshare.o
    0x0010beb4   0x0010beb4   0x00000046   Data   RO         5211    .conststring        sysctrl.o
    0x0010befa   0x0010befa   0x00000002   PAD
    0x0010befc   0x0010befc   0x00000058   Data   RO         5525    .conststring        rf_reg_settings_apollo_00.o
    0x0010bf54   0x0010bf54   0x00000053   Data   RO         5858    .conststring        dmac_integration.o
    0x0010bfa7   0x0010bfa7   0x00000001   PAD
    0x0010bfa8   0x0010bfa8   0x00000053   Data   RO         5919    .conststring        gpio_integration.o
    0x0010bffb   0x0010bffb   0x00000001   PAD
    0x0010bffc   0x0010bffc   0x00000055   Data   RO         5973    .conststring        hwecc_integration.o
    0x0010c051   0x0010c051   0x00000003   PAD
    0x0010c054   0x0010c054   0x00000051   Data   RO         6032    .conststring        iic_integration.o
    0x0010c0a5   0x0010c0a5   0x00000003   PAD
    0x0010c0a8   0x0010c0a8   0x00000053   Data   RO         6165    .conststring        qspi_integration.o
    0x0010c0fb   0x0010c0fb   0x00000001   PAD
    0x0010c0fc   0x0010c0fc   0x00000051   Data   RO         6256    .conststring        spi_integration.o
    0x0010c14d   0x0010c14d   0x00000003   PAD
    0x0010c150   0x0010c150   0x00000055   Data   RO         6349    .conststring        timer_integration.o
    0x0010c1a5   0x0010c1a5   0x00000003   PAD
    0x0010c1a8   0x0010c1a8   0x00000053   Data   RO         6420    .conststring        uart_integration.o
    0x0010c1fb   0x0010c1fb   0x00000001   PAD
    0x0010c1fc   0x0010c1fc   0x0000005b   Data   RO         7282    .conststring        flash.o
    0x0010c257   0x0010c257   0x00000001   PAD
    0x0010c258   0x0010c258   0x00000042   Data   RO         7462    .conststring        periph_recovery.o
    0x0010c29a   0x0010c29a   0x00000002   PAD
    0x0010c29c   0x0010c29c   0x00000020   Data   RO        11037    Region$$Table       anon$$obj.o
    0x0010c2bc   0x0010c2bc   0x00000020   Data   RW           24    .data               osapp_uart_server.o
    0x0010c2dc   0x0010c2dc   0x00000018   Data   RW          365    .data               heap_4.o
    0x0010c2f4   0x0010c2f4   0x0000003c   Data   RW          724    .data               tasks.o
    0x0010c330   0x0010c330   0x00000014   Data   RW         1000    .data               timers.o
    0x0010c344   0x0010c344   0x00000004   Data   RW         1109    .data               port.o
    0x0010c348   0x0010c348   0x00000004   Data   RW         1285    .data               bx_lld_sleep.o
    0x0010c34c   0x0010c34c   0x00000004   Data   RW         1497    .data               ble_task.o
    0x0010c350   0x0010c350   0x00000004   Data   RW         1498    .data               ble_task.o
    0x0010c354   0x0010c354   0x00000004   Data   RW         1634    .data               osapp_task.o
    0x0010c358   0x0010c358   0x00000004   Data   RW         1635    .data               osapp_task.o
    0x0010c35c   0x0010c35c   0x0000001c   Data   RW         1904    .data               task_init.o
    0x0010c378   0x0010c378   0x0000001c   Data   RW         2418    .data               front.o
    0x0010c394   0x0010c394   0x00000008   Data   RW         2985    .data               arch_init.o
    0x0010c39c   0x0010c39c   0x00000004   Data   RW         3929    .data               jump_table.o
    0x0010c3a0   0x0010c3a0   0x00000001   Data   RW         4085    .data               sys_sleep.o
    0x0010c3a1   0x0010c3a1   0x00000003   PAD
    0x0010c3a4   0x0010c3a4   0x00000008   Data   RW         4363    .data               sys_sleep_ram.o
    0x0010c3ac   0x0010c3ac   0x00000001   Data   RW         4439    .data               bx_dbg.o
    0x0010c3ad   0x0010c3ad   0x00000011   Data   RW         4526    .data               segger_rtt.o
    0x0010c3be   0x0010c3be   0x00000002   PAD
    0x0010c3c0   0x0010c3c0   0x0000000c   Data   RW         5024    .data               periph_mngt.o
    0x0010c3cc   0x0010c3cc   0x0000000c   Data   RW         5025    .data               periph_mngt.o
    0x0010c3d8   0x0010c3d8   0x00000008   Data   RW         5026    .data               periph_mngt.o
    0x0010c3e0   0x0010c3e0   0x00000008   Data   RW         5125    .data               rc_calib.o
    0x0010c3e8   0x0010c3e8   0x00000018   Data   RW         5212    .data               sysctrl.o
    0x0010c400   0x0010c400   0x00000018   Data   RW         5350    .data               io_ctrl.o
    0x0010c418   0x0010c418   0x00000004   Data   RW         5699    .data               cache_integration.o
    0x0010c41c   0x0010c41c   0x00000004   Data   RW         5700    .data               cache_integration.o
    0x0010c420   0x0010c420   0x00000018   Data   RW         5859    .data               dmac_integration.o
    0x0010c438   0x0010c438   0x00000004   Data   RW         5860    .data               dmac_integration.o
    0x0010c43c   0x0010c43c   0x00000004   Data   RW         5920    .data               gpio_integration.o
    0x0010c440   0x0010c440   0x00000010   Data   RW         5974    .data               hwecc_integration.o
    0x0010c450   0x0010c450   0x00000018   Data   RW         5975    .data               hwecc_integration.o
    0x0010c468   0x0010c468   0x00000004   Data   RW         5976    .data               hwecc_integration.o
    0x0010c46c   0x0010c46c   0x00000048   Data   RW         6033    .data               iic_integration.o
    0x0010c4b4   0x0010c4b4   0x0000000c   Data   RW         6257    .data               spi_integration.o
    0x0010c4c0   0x0010c4c0   0x00000010   Data   RW         6350    .data               timer_integration.o
    0x0010c4d0   0x0010c4d0   0x00000008   Data   RW         6421    .data               uart_integration.o
    0x0010c4d8   0x0010c4d8   0x00000014   Data   RW         6675    .data               app_dmac_wrapper.o
    0x0010c4ec   0x0010c4ec   0x00000010   Data   RW         6895    .data               app_hwecc_wrapper.o
    0x0010c4fc   0x0010c4fc   0x00000018   Data   RW         7583    .data               app_qspi_wrapper.o
    0x0010c514   0x0010c514   0x00000028   Data   RW         7913    .data               m_timer.o
    0x0010c53c   0x0010c53c   0x0000007c   Data   RW         7991    .data               m_uart.o
    0x0010c5b8   0x0010c5b8   0x00000038   Data   RW         8388    .data               common_lock_led.o
    0x0010c5f0   0x0010c5f0   0x00000015   Data   RW         8464    .data               common_lock_bs81x.o
    0x0010c605   0x0010c605   0x00000003   PAD
    0x0010c608   0x0010c608   0x0000000c   Data   RW         8537    .data               common_lock_sensor3403.o
    0x0010c614   0x0010c614   0x0000000c   Data   RW        10088    .data               sensor_sal.o



  Load Region LR_RAM2 (Base: 0x0010c620, Size: 0x00000000, Max: 0xffffffff, ABSOLUTE)

    Execution Region BSS (Exec base: 0x0010c620, Load base: 0x0010c620, Size: 0x00009830, Max: 0xffffffff, ABSOLUTE)

    Exec Addr    Load Addr    Size         Type   Attr      Idx    E Section Name        Object

    0x0010c620        -       0x00004000   Zero   RW          364    .bss                heap_4.o
    0x00110620        -       0x000000dc   Zero   RW          722    .bss                tasks.o
    0x001106fc        -       0x000000ac   Zero   RW          999    .bss                timers.o
    0x001107a8        -       0x000000f0   Zero   RW         1195    .bss                prf.o
    0x00110898        -       0x00000030   Zero   RW         1554    .bss                os_bridge.o
    0x001108c8        -       0x00000010   Zero   RW         1774    .bss                osapp_utils.o
    0x001108d8        -       0x00000698   Zero   RW         1901    .bss                task_init.o
    0x00110f70        -       0x00000434   Zero   RW         2150    .bss                hardware.o
    0x001113a4        -       0x00000034   Zero   RW         2286    .bss                user.o
    0x001113d8        -       0x00000110   Zero   RW         2417    .bss                front.o
    0x001114e8        -       0x00000098   Zero   RW         3498    .bss                nvds_in_ram.o
    0x00111580        -       0x0000001c   Zero   RW         4438    .bss                bx_dbg.o
    0x0011159c        -       0x00000410   Zero   RW         4525    .bss                segger_rtt.o
    0x001119ac        -       0x0000000a   Zero   RW         4890    .bss                modem.o
    0x001119b6   0x0010c620   0x00000002   PAD
    0x001119b8        -       0x00000020   Zero   RW         5022    .bss                periph_mngt.o
    0x001119d8        -       0x00000028   Zero   RW         5023    .bss                periph_mngt.o
    0x00111a00        -       0x00000014   Zero   RW         5348    .bss                io_ctrl.o
    0x00111a14        -       0x00000048   Zero   RW         5857    .bss                dmac_integration.o
    0x00111a5c        -       0x00000054   Zero   RW         5972    .bss                hwecc_integration.o
    0x00111ab0        -       0x0000030c   Zero   RW         7990    .bss                m_uart.o
    0x00111dbc        -       0x00000019   Zero   RW         8463    .bss                common_lock_bs81x.o
    0x00111dd5        -       0x00004000   Zero   RW        10084    .bss                sensor_sal.o
    0x00115dd5   0x0010c620   0x00000003   PAD
    0x00115dd8        -       0x00000078   Zero   RW         4527    SECTION_RTT         segger_rtt.o


    Execution Region HEAP_STACK (Exec base: 0x00115e50, Load base: 0x0010c620, Size: 0x00001000, Max: 0xffffffff, ABSOLUTE, UNINIT)

    Exec Addr    Load Addr    Size         Type   Attr      Idx    E Section Name        Object

    0x00115e50        -       0x00001000   Zero   RW         1173    STACK               startup_apollo_00.o


    Execution Region RWIP_ENV (Exec base: 0x00129dc8, Load base: 0x0010c620, Size: 0x00005744, Max: 0xffffffff, ABSOLUTE)

    Exec Addr    Load Addr    Size         Type   Attr      Idx    E Section Name        Object

    0x00129dc8        -       0x00005744   Zero   RW         3597    .bss                rwip.o


    Execution Region BOOT_PARAMS (Exec base: 0x0012f50c, Load base: 0x0010c620, Size: 0x0000000c, Max: 0xffffffff, ABSOLUTE, UNINIT)

    Exec Addr    Load Addr    Size         Type   Attr      Idx    E Section Name        Object

    0x0012f50c        -       0x0000000c   Zero   RW         2986    boot_tunnel         arch_init.o


    Execution Region RAM_UNLOADED (Exec base: 0x0012f518, Load base: 0x0010c620, Size: 0x0000000c, Max: 0x0000000c, ABSOLUTE)

    Exec Addr    Load Addr    Size         Type   Attr      Idx    E Section Name        Object

    0x0012f518        -       0x0000000c   Zero   RW            1    RAM_UNLOADED.bss    anon$$obj.o



  Load Region LR_FLASH2 (Base: 0xb0000000, Size: 0x0000012c, Max: 0xffffffff, ABSOLUTE)

    Execution Region NVDS_AREA (Exec base: 0xb0000000, Load base: 0xb0000000, Size: 0x0000012c, Max: 0xffffffff, ABSOLUTE)

    Exec Addr    Load Addr    Size         Type   Attr      Idx    E Section Name        Object

    0xb0000000   0xb0000000   0x0000012b   Data   RO         3757    nvds_area           nvds_tag.o


==============================================================================

Image component sizes


      Code (inc. data)   RO Data    RW Data    ZI Data      Debug   Object Name

       128         76          0          0          0        576   adv_int.o
         0          0          0          0          0      12936   app_adc.o
      1160        282          0          0          0      24805   app_dmac.o
        48         14          0         20          0       4046   app_dmac_wrapper.o
       290          4          0          0          0      10367   app_gpio.o
       638        162          0          0          0       5591   app_hwecc.o
        32         10          0         16          0       1924   app_hwecc_wrapper.o
       674        168          0          0          0      11595   app_iic.o
      1130        154         72          0          0      12826   app_qspi.o
       304         52          0         24          0       8914   app_qspi_wrapper.o
       704        204          0          0          0       3847   app_spi.o
       168         10          0          0          0       3094   app_timer.o
      1304        230         48          0          0      19366   app_uart.o
       398         78          0          8         12      17047   arch_init.o
       196         60          0          8          0       5370   ble_task.o
       774        436          0          1         28       6304   bx_dbg.o
        40          2          0          0          0       1336   bx_dbg_asm.o
       464         70          0          4          0     196954   bx_lld_sleep.o
       162          0          0          0          0       4916   bx_ring_queue.o
        24          6          0          0          0       7245   bx_rwble.o
        46          6          0          8          0      19586   cache_integration.o
       284         76         72          0          0      68420   clk_gate.o
       936         30          0         21         25       7821   common_lock_bs81x.o
       304         10          0         56          0       5223   common_lock_led.o
        40          0          0          0          0        597   common_lock_mfrc.o
       136         20          0         12          0       3592   common_lock_sensor3403.o
       118          0          0          0          0       2055   common_lock_speaker.o
       212         58         83         28         72      27536   dmac_integration.o
       298         16        504          0          0      18927   ecc_p256.o
       848        232        107          0          0      16308   flash.o
       308         40         16          0          0       9248   flash_cache.o
      4278       1706          0         28        272      16164   front.o
       196         58        107          4          0       8228   gpio_integration.o
       116         44          0          0       1076       7120   hardware.o
       744        340          0         24      16384      14311   heap_4.o
       218         60         85         44         84       8037   hwecc_integration.o
       676         98        105         72          0      38485   iic_integration.o
       516        130          0         24         20      55191   io_ctrl.o
        32         16        116          4          0       1794   jump_table.o
       138          0          0          0          0       3206   list.o
       156         22         73          0          0       2592   llm_end_evt_defer_patch.o
        58          0          0          0          0       2875   m_flash.o
       124         28          0         40          0       7398   m_timer.o
       436         82          0        124        780      17279   m_uart.o
         0          0          0          0          0       2168   mafp_sensor.o
        10          0          0          0          0        455   main.o
       590         72          0          0         10      28414   modem.o
      1116        274         12          0        152      13248   nvds_in_ram.o
         0          0        299          0          0       3268   nvds_tag.o
       220         32         16          0         48      23301   os_bridge.o
       594        260         48          8          0       7841   osapp_task.o
      1196        452        228         32          0     127724   osapp_uart_server.o
       432         22          0          0         16      13957   osapp_utils.o
       248         46         66          0          0      18281   patch.o
        32          8          0         32         72       5524   periph_mngt.o
       250         50         66          0          0       2809   periph_recovery.o
       492        192          0          4          0       6130   port.o
       228         14          0          0        240       6880   prf.o
      1596        738         68          0          0      23431   pshare.o
       254         62        107          0          0      28364   qspi_integration.o
      1886        470        321          0          0      13019   queue.o
       112         48          0          8          0      19595   rc_calib.o
       574         70        128          0          0     150670   rf_apollo.o
      1852         56         88          0          0      45911   rf_reg_settings_apollo_00.o
        48         18          0          0          0      29285   rst_gen.o
        36         10          0          0          0       7371   rtc_integration.o
       816         92         19          0      22340     121228   rwip.o
       538         58          0         17       1160       9995   segger_rtt.o
       860          6         16          0          0       5981   segger_rtt_printf.o
        16          6          0          0          0        583   sensor_operation_afs121n.o
         0          0          0         12      16384       3852   sensor_sal.o
       638        122        105         12          0      29474   spi_integration.o
        20         10        140          0       4096        964   startup_apollo_00.o
       578        210          0          1          0     161274   sys_sleep.o
       468         62          0          8          0     152398   sys_sleep_ram.o
       666        128         70         24          0      67309   sysctrl.o
      1066        408         85         28       1688      23035   task_init.o
      2602        826        155         60        220      21131   tasks.o
       370         74        109         16          0      28042   timer_integration.o
      1072        272          0         20        172       9039   timers.o
       108         24          0          0          0     140950   tx_test_end.o
       624         94        107          8          0      32022   uart_integration.o
       740        146          0          0         52      11411   user.o

    ----------------------------------------------------------------------
     42890      10522       3708        868      65420    2117386   Object Totals
         0          0         32          0         12          0   (incl. Generated)
        86          0         35          8          5          0   (incl. Padding)

    ----------------------------------------------------------------------

      Code (inc. data)   RO Data    RW Data    ZI Data      Debug   Library Member Name

         0          0          0          0          0          0   entry.o
         0          0          0          0          0          0   entry10a.o
         0          0          0          0          0          0   entry11a.o
         8          4          0          0          0          0   entry2.o
         4          0          0          0          0          0   entry5.o
         0          0          0          0          0          0   entry7b.o
         0          0          0          0          0          0   entry8b.o
         8          4          0          0          0          0   entry9a.o
        30          0          0          0          0          0   handlers.o
        36          8          0          0          0         68   init.o
         0          0          0          0          0          0   iusefp.o
        38          0          0          0          0         68   llsshr.o
      2266         96          0          0          0        460   printfa.o
        20          0          0          0          0         60   uread4.o
        40          2          0          0          0         68   cdrcmple.o
       356          4          0          0          0        140   dadd.o
       240          6          0          0          0         84   ddiv.o
       236          0          0          0          0        216   depilogue.o
        64         10          0          0          0         68   dfixul.o
       208          6          0          0          0         88   dmul.o

    ----------------------------------------------------------------------
      3558        140          0          0          0       1320   Library Totals
         4          0          0          0          0          0   (incl. Padding)

    ----------------------------------------------------------------------

      Code (inc. data)   RO Data    RW Data    ZI Data      Debug   Library Name

      2410        112          0          0          0        656   mc_p.l
      1144         28          0          0          0        664   mf_p.l

    ----------------------------------------------------------------------
      3558        140          0          0          0       1320   Library Totals

    ----------------------------------------------------------------------

==============================================================================


      Code (inc. data)   RO Data    RW Data    ZI Data      Debug   

     46448      10662       3708        868      65420    2094434   Grand Totals
     46448      10662       3708        868      65420    2094434   ELF Image Totals
     46448      10662       3708        868          0          0   ROM Totals

==============================================================================

    Total RO  Size (Code + RO Data)                50156 (  48.98kB)
    Total RW  Size (RW Data + ZI Data)             66288 (  64.73kB)
    Total ROM Size (Code + RO Data + RW Data)      51024 (  49.83kB)

==============================================================================

