<!doctype html public "-//w3c//dtd html 4.0 transitional//en">
<html><head>
<title>Static Call Graph - [.\Objects\osapp_dis_server.axf]</title></head>
<body><HR>
<H1>Static Call Graph for image .\Objects\osapp_dis_server.axf</H1><HR>
<BR><P>#&#060CALLGRAPH&#062# ARM Linker, 5060750: Last Updated: Tue Mar 05 14:16:49 2019
<BR><P>
<H3>Maximum Stack Usage =        600 bytes + Unknown(Cycles, Untraceable Function Pointers)</H3><H3>
Call chain for Maximum Stack Depth:</H3>
FrontAddAdmin &rArr; AdminSaveConfig &rArr; FlashWriteAdminData &rArr; eflash_write &rArr; flash_program &rArr; flash_program_base &rArr; app_qspi_flash_program_wrapper &rArr; app_qspi_flash_program &rArr; qspi_std_byte_write_dma_start &rArr; app_dmac_start_wrapper &rArr; app_dmac_start &rArr; dmac_ch_alloc &rArr; __aeabi_assert &rArr; rtt_log &rArr; SEGGER_RTT_vprintf &rArr; _PrintInt &rArr; _PrintUnsigned &rArr; _StoreChar &rArr; SEGGER_RTT_Write &rArr; SEGGER_RTT_WriteNoLock &rArr; _WriteBlocking
<P>
<H3>
Mutually Recursive functions
</H3> <LI><a href="#[1]">NMI_Handler</a>&nbsp;&nbsp;&nbsp;&rArr;&nbsp;&nbsp;&nbsp;<a href="#[1]">NMI_Handler</a><BR>
 <LI><a href="#[b6]">bx_delay_asm</a>&nbsp;&nbsp;&nbsp;&rArr;&nbsp;&nbsp;&nbsp;<a href="#[b6]">bx_delay_asm</a><BR>
</UL>
<P>
<H3>
Function Pointers
</H3><UL>
 <LI><a href="#[7]">BLE_LP_IRQHandler</a> from sys_sleep.o(i.BLE_LP_IRQHandler) referenced from startup_apollo_00.o(RESET)
 <LI><a href="#[8]">BLE_MAC_IRQHandler</a> from bx_rwble.o(i.BLE_MAC_IRQHandler) referenced from startup_apollo_00.o(RESET)
 <LI><a href="#[c]">DMAC_IRQHandler</a> from dmac_integration.o(i.DMAC_IRQHandler) referenced from startup_apollo_00.o(RESET)
 <LI><a href="#[b]">ECC_IRQHandler</a> from hwecc_integration.o(i.ECC_IRQHandler) referenced from startup_apollo_00.o(RESET)
 <LI><a href="#[a]">EXT_INTR_IRQHandler</a> from io_ctrl.o(i.EXT_INTR_IRQHandler) referenced from startup_apollo_00.o(RESET)
 <LI><a href="#[3e]">FrontAddAdmin</a> from front.o(i.FrontAddAdmin) referenced from front.o(i.FrontMenuAddUser)
 <LI><a href="#[36]">FrontAddNormalFingerUser</a> from front.o(i.FrontAddNormalFingerUser) referenced from front.o(i.FrontAddNormalUser)
 <LI><a href="#[35]">FrontAddNormalKeyUser</a> from front.o(i.FrontAddNormalKeyUser) referenced from front.o(i.FrontAddNormalUser)
 <LI><a href="#[37]">FrontAddNormalRfidUser</a> from front.o(i.FrontAddNormalRfidUser) referenced from front.o(i.FrontAddNormalUser)
 <LI><a href="#[34]">FrontAddNormalUser</a> from front.o(i.FrontAddNormalUser) referenced from front.o(i.FrontAddNormalFingerUser)
 <LI><a href="#[34]">FrontAddNormalUser</a> from front.o(i.FrontAddNormalUser) referenced from front.o(i.FrontAddNormalKeyUser)
 <LI><a href="#[34]">FrontAddNormalUser</a> from front.o(i.FrontAddNormalUser) referenced from front.o(i.FrontAddNormalRfidUser)
 <LI><a href="#[34]">FrontAddNormalUser</a> from front.o(i.FrontAddNormalUser) referenced from front.o(i.FrontMenuAddUser)
 <LI><a href="#[3a]">FrontAlarm</a> from front.o(i.FrontAlarm) referenced from front.o(i.FrontAwake)
 <LI><a href="#[3a]">FrontAlarm</a> from front.o(i.FrontAlarm) referenced from front.o(i.FrontVerifyAdmin)
 <LI><a href="#[38]">FrontAwake</a> from front.o(i.FrontAwake) referenced from front.o(i.FrontAlarm)
 <LI><a href="#[38]">FrontAwake</a> from front.o(i.FrontAwake) referenced from front.o(i.FrontMenuTop)
 <LI><a href="#[38]">FrontAwake</a> from front.o(i.FrontAwake) referenced from front.o(i.FrontSleep)
 <LI><a href="#[38]">FrontAwake</a> from front.o(i.FrontAwake) referenced from front.o(i.FrontTask)
 <LI><a href="#[38]">FrontAwake</a> from front.o(i.FrontAwake) referenced from front.o(i.FrontVerifyAdmin)
 <LI><a href="#[3f]">FrontDeleteAllUser</a> from front.o(i.FrontDeleteAllUser) referenced from front.o(i.FrontMenuDeleteUser)
 <LI><a href="#[40]">FrontDeleteNormalUser</a> from front.o(i.FrontDeleteNormalUser) referenced from front.o(i.FrontMenuDeleteUser)
 <LI><a href="#[33]">FrontMenuAddUser</a> from front.o(i.FrontMenuAddUser) referenced from front.o(i.FrontAddAdmin)
 <LI><a href="#[33]">FrontMenuAddUser</a> from front.o(i.FrontMenuAddUser) referenced from front.o(i.FrontAddNormalUser)
 <LI><a href="#[33]">FrontMenuAddUser</a> from front.o(i.FrontMenuAddUser) referenced from front.o(i.FrontMenuTop)
 <LI><a href="#[3d]">FrontMenuDeleteUser</a> from front.o(i.FrontMenuDeleteUser) referenced from front.o(i.FrontDeleteAllUser)
 <LI><a href="#[3d]">FrontMenuDeleteUser</a> from front.o(i.FrontMenuDeleteUser) referenced from front.o(i.FrontDeleteNormalUser)
 <LI><a href="#[3d]">FrontMenuDeleteUser</a> from front.o(i.FrontMenuDeleteUser) referenced from front.o(i.FrontMenuTop)
 <LI><a href="#[3c]">FrontMenuTop</a> from front.o(i.FrontMenuTop) referenced from front.o(i.FrontAwake)
 <LI><a href="#[3c]">FrontMenuTop</a> from front.o(i.FrontMenuTop) referenced from front.o(i.FrontMenuAddUser)
 <LI><a href="#[3c]">FrontMenuTop</a> from front.o(i.FrontMenuTop) referenced from front.o(i.FrontMenuDeleteUser)
 <LI><a href="#[3c]">FrontMenuTop</a> from front.o(i.FrontMenuTop) referenced from front.o(i.FrontVerifyAdmin)
 <LI><a href="#[32]">FrontSleep</a> from front.o(i.FrontSleep) referenced from front.o(i.FrontAddAdmin)
 <LI><a href="#[32]">FrontSleep</a> from front.o(i.FrontSleep) referenced from front.o(i.FrontAddNormalKeyUser)
 <LI><a href="#[32]">FrontSleep</a> from front.o(i.FrontSleep) referenced from front.o(i.FrontAddNormalUser)
 <LI><a href="#[32]">FrontSleep</a> from front.o(i.FrontSleep) referenced from front.o(i.FrontAlarm)
 <LI><a href="#[32]">FrontSleep</a> from front.o(i.FrontSleep) referenced from front.o(i.FrontAwake)
 <LI><a href="#[32]">FrontSleep</a> from front.o(i.FrontSleep) referenced from front.o(i.FrontInit)
 <LI><a href="#[32]">FrontSleep</a> from front.o(i.FrontSleep) referenced from front.o(i.FrontMenuAddUser)
 <LI><a href="#[32]">FrontSleep</a> from front.o(i.FrontSleep) referenced from front.o(i.FrontMenuDeleteUser)
 <LI><a href="#[32]">FrontSleep</a> from front.o(i.FrontSleep) referenced from front.o(i.FrontMenuTop)
 <LI><a href="#[32]">FrontSleep</a> from front.o(i.FrontSleep) referenced from front.o(i.FrontTask)
 <LI><a href="#[32]">FrontSleep</a> from front.o(i.FrontSleep) referenced from front.o(i.FrontUnlock)
 <LI><a href="#[32]">FrontSleep</a> from front.o(i.FrontSleep) referenced from front.o(i.FrontVerifyAdmin)
 <LI><a href="#[39]">FrontUnlock</a> from front.o(i.FrontUnlock) referenced from front.o(i.FrontAwake)
 <LI><a href="#[3b]">FrontVerifyAdmin</a> from front.o(i.FrontVerifyAdmin) referenced from front.o(i.FrontAwake)
 <LI><a href="#[3b]">FrontVerifyAdmin</a> from front.o(i.FrontVerifyAdmin) referenced from front.o(i.FrontTask)
 <LI><a href="#[15]">GPIO_IRQHandler</a> from gpio_integration.o(i.GPIO_IRQHandler) referenced from startup_apollo_00.o(RESET)
 <LI><a href="#[2]">HardFault_Handler</a> from bx_dbg.o(HARDFAULT_CODE) referenced from startup_apollo_00.o(RESET)
 <LI><a href="#[13]">IIC0_IRQHandler</a> from iic_integration.o(i.IIC0_IRQHandler) referenced from startup_apollo_00.o(RESET)
 <LI><a href="#[14]">IIC1_IRQHandler</a> from iic_integration.o(i.IIC1_IRQHandler) referenced from startup_apollo_00.o(RESET)
 <LI><a href="#[41]">Key_Int_Callback</a> from common_lock_bs81x.o(i.Key_Int_Callback) referenced from common_lock_bs81x.o(i.Init_KeyTouch)
 <LI><a href="#[41]">Key_Int_Callback</a> from common_lock_bs81x.o(i.Key_Int_Callback) referenced from common_lock_bs81x.o(i.Key_Int_Callback)
 <LI><a href="#[1]">NMI_Handler</a> from startup_apollo_00.o(.text.Default_Handler) referenced from startup_apollo_00.o(RESET)
 <LI><a href="#[18]">PGSPY_IRQHandler</a> from startup_apollo_00.o(.text.Default_Handler) referenced from startup_apollo_00.o(RESET)
 <LI><a href="#[4]">PendSV_Handler</a> from port.o(.emb_text) referenced from startup_apollo_00.o(RESET)
 <LI><a href="#[d]">QSPI_IRQHandler</a> from startup_apollo_00.o(.text.Default_Handler) referenced from startup_apollo_00.o(RESET)
 <LI><a href="#[9]">RTC_IRQHandler</a> from task_init.o(i.RTC_IRQHandler) referenced from startup_apollo_00.o(RESET)
 <LI><a href="#[0]">Reset_Handler</a> from startup_apollo_00.o(.text) referenced from startup_apollo_00.o(RESET)
 <LI><a href="#[17]">SFT_IRQHandler</a> from os_bridge.o(i.SFT_IRQHandler) referenced from startup_apollo_00.o(RESET)
 <LI><a href="#[e]">SPIM0_IRQHandler</a> from spi_integration.o(i.SPIM0_IRQHandler) referenced from startup_apollo_00.o(RESET)
 <LI><a href="#[f]">SPIM1_IRQHandler</a> from spi_integration.o(i.SPIM1_IRQHandler) referenced from startup_apollo_00.o(RESET)
 <LI><a href="#[10]">SPIS_IRQHandler</a> from spi_integration.o(i.SPIS_IRQHandler) referenced from startup_apollo_00.o(RESET)
 <LI><a href="#[3]">SVC_Handler</a> from startup_apollo_00.o(.text.Default_Handler) referenced from startup_apollo_00.o(RESET)
 <LI><a href="#[42]">Sensor_Int_Callback</a> from common_lock_sensor3403.o(i.Sensor_Int_Callback) referenced from common_lock_sensor3403.o(i.Init_SensorTouch)
 <LI><a href="#[42]">Sensor_Int_Callback</a> from common_lock_sensor3403.o(i.Sensor_Int_Callback) referenced from common_lock_sensor3403.o(i.Sensor_Int_Callback)
 <LI><a href="#[5]">SysTick_Handler</a> from startup_apollo_00.o(.text.Default_Handler) referenced from startup_apollo_00.o(RESET)
 <LI><a href="#[30]">SystemInit</a> from arch_init.o(i.SystemInit) referenced from startup_apollo_00.o(.text)
 <LI><a href="#[16]">TIMER_IRQHandler</a> from timer_integration.o(i.TIMER_IRQHandler) referenced from startup_apollo_00.o(RESET)
 <LI><a href="#[11]">UART0_IRQHandler</a> from uart_integration.o(i.UART0_IRQHandler) referenced from startup_apollo_00.o(RESET)
 <LI><a href="#[12]">UART1_IRQHandler</a> from uart_integration.o(i.UART1_IRQHandler) referenced from startup_apollo_00.o(RESET)
 <LI><a href="#[6]">WDT_IRQHandler</a> from startup_apollo_00.o(.text.Default_Handler) referenced from startup_apollo_00.o(RESET)
 <LI><a href="#[4a]">__aeabi_uldivmod</a> from rom_syms_armcc.txt(ABSOLUTE) referenced from jump_table.o(i.func_ref_list)
 <LI><a href="#[31]">__main</a> from entry.o(.ARM.Collect$$$$00000000) referenced from startup_apollo_00.o(.text)
 <LI><a href="#[43]">_sputc</a> from printfa.o(i._sputc) referenced from printfa.o(i.__0vsprintf)
 <LI><a href="#[50]">add_svc_callback</a> from osapp_uart_server.o(i.add_svc_callback) referenced from osapp_uart_server.o(i.osapp_gapm_cmp_evt_handler)
 <LI><a href="#[a0]">app_dmac_init</a> from app_dmac.o(i.app_dmac_init) referenced from app_dmac_wrapper.o(.data)
 <LI><a href="#[95]">app_gpio_init</a> from app_gpio.o(i.app_gpio_init) referenced from io_ctrl.o(.data)
 <LI><a href="#[a1]">app_hwecc_init</a> from app_hwecc.o(i.app_hwecc_init) referenced from app_hwecc_wrapper.o(.data)
 <LI><a href="#[a2]">app_qspi_init</a> from app_qspi.o(i.app_qspi_init) referenced from app_qspi_wrapper.o(.data)
 <LI><a href="#[5b]">app_task</a> from task_init.o(i.app_task) referenced from task_init.o(i.test_task)
 <LI><a href="#[5c]">app_timer0_interrupt_callback</a> from m_timer.o(i.app_timer0_interrupt_callback) referenced from m_timer.o(i.timerInit)
 <LI><a href="#[a3]">app_timer_init</a> from app_timer.o(i.app_timer_init) referenced from m_timer.o(.data)
 <LI><a href="#[a4]">app_uart_init</a> from app_uart.o(i.app_uart_init) referenced 2 times from m_uart.o(.data)
 <LI><a href="#[4c]">attm_reserve_handle_range</a> from rom_syms_armcc.txt(ABSOLUTE) referenced from jump_table.o(i.func_ref_list)
 <LI><a href="#[6f]">ble_stack_task</a> from ble_task.o(i.ble_stack_task) referenced from task_init.o(.constdata)
 <LI><a href="#[96]">cache_clk_gate</a> from cache_integration.o(i.cache_clk_gate) referenced from cache_integration.o(.data)
 <LI><a href="#[97]">cache_sys_stat</a> from cache_integration.o(i.cache_sys_stat) referenced from cache_integration.o(.data)
 <LI><a href="#[9a]">dmac_clk_gate</a> from dmac_integration.o(i.dmac_clk_gate) referenced from dmac_integration.o(.data)
 <LI><a href="#[98]">dmac_intr_op</a> from dmac_integration.o(i.dmac_intr_op) referenced from dmac_integration.o(.data)
 <LI><a href="#[99]">dmac_sw_rst</a> from dmac_integration.o(i.dmac_sw_rst) referenced from dmac_integration.o(.data)
 <LI><a href="#[9b]">dmac_sys_stat</a> from dmac_integration.o(i.dmac_sys_stat) referenced from dmac_integration.o(.data)
 <LI><a href="#[44]">dummy_func0</a> from m_uart.o(i.dummy_func0) referenced from m_uart.o(i.debugPrint)
 <LI><a href="#[26]">ecc_gen_new_public_key</a> from ecc_p256.o(i.ecc_gen_new_public_key) referenced from jump_table.o(jump_table_area)
 <LI><a href="#[25]">ecc_gen_new_secret_key</a> from ecc_p256.o(i.ecc_gen_new_secret_key) referenced from jump_table.o(jump_table_area)
 <LI><a href="#[24]">ecc_generate_key256</a> from ecc_p256.o(i.ecc_generate_key256) referenced from jump_table.o(jump_table_area)
 <LI><a href="#[71]">ecc_generate_key256_callback</a> from ecc_p256.o(i.ecc_generate_key256_callback) referenced from ecc_p256.o(.constdata)
 <LI><a href="#[48]">flash_dual_io_read</a> from flash.o(i.flash_dual_io_read) referenced from flash.o(i.flash_read_func_ptr_get)
 <LI><a href="#[46]">flash_dual_output_read</a> from flash.o(i.flash_dual_output_read) referenced from flash.o(i.flash_read_func_ptr_get)
 <LI><a href="#[4f]">flash_erase_wrapper</a> from nvds_in_ram.o(i.flash_erase_wrapper) referenced from nvds_in_ram.o(i.nvds_init)
 <LI><a href="#[4e]">flash_program</a> from flash.o(i.flash_program) referenced from nvds_in_ram.o(i.nvds_init)
 <LI><a href="#[49]">flash_quad_io_read</a> from flash.o(i.flash_quad_io_read) referenced from flash.o(i.flash_read_func_ptr_get)
 <LI><a href="#[47]">flash_quad_output_read</a> from flash.o(i.flash_quad_output_read) referenced from flash.o(i.flash_read_func_ptr_get)
 <LI><a href="#[45]">flash_read</a> from flash.o(i.flash_read) referenced from flash.o(i.flash_read_func_ptr_get)
 <LI><a href="#[2e]">func_ref_list</a> from jump_table.o(i.func_ref_list) referenced from jump_table.o(jump_table_area)
 <LI><a href="#[74]">gpio_clk_gate</a> from gpio_integration.o(i.gpio_clk_gate) referenced from gpio_integration.o(.constdata)
 <LI><a href="#[72]">gpio_intr_op</a> from gpio_integration.o(i.gpio_intr_op) referenced from gpio_integration.o(.constdata)
 <LI><a href="#[73]">gpio_sw_rst</a> from gpio_integration.o(i.gpio_sw_rst) referenced from gpio_integration.o(.constdata)
 <LI><a href="#[75]">gpio_sys_stat</a> from gpio_integration.o(i.gpio_sys_stat) referenced from gpio_integration.o(.constdata)
 <LI><a href="#[9e]">hwecc_clk_gate</a> from hwecc_integration.o(i.hwecc_clk_gate) referenced from hwecc_integration.o(.data)
 <LI><a href="#[9c]">hwecc_intr_op</a> from hwecc_integration.o(i.hwecc_intr_op) referenced from hwecc_integration.o(.data)
 <LI><a href="#[9d]">hwecc_sw_rst</a> from hwecc_integration.o(i.hwecc_sw_rst) referenced from hwecc_integration.o(.data)
 <LI><a href="#[9f]">hwecc_sys_stat</a> from hwecc_integration.o(i.hwecc_sys_stat) referenced from hwecc_integration.o(.data)
 <LI><a href="#[79]">iic_clk_gate</a> from iic_integration.o(i.iic_clk_gate) referenced from iic_integration.o(.constdata)
 <LI><a href="#[78]">iic_clk_src_cfg</a> from iic_integration.o(i.iic_clk_src_cfg) referenced from iic_integration.o(.constdata)
 <LI><a href="#[76]">iic_intr_op</a> from iic_integration.o(i.iic_intr_op) referenced from iic_integration.o(.constdata)
 <LI><a href="#[7a]">iic_pin_cfg</a> from iic_integration.o(i.iic_pin_cfg) referenced from iic_integration.o(.constdata)
 <LI><a href="#[77]">iic_sw_rst</a> from iic_integration.o(i.iic_sw_rst) referenced from iic_integration.o(.constdata)
 <LI><a href="#[7b]">iic_sys_stat</a> from iic_integration.o(i.iic_sys_stat) referenced from iic_integration.o(.constdata)
 <LI><a href="#[2c]">lld_sleep_init</a> from bx_lld_sleep.o(i.lld_sleep_init) referenced from jump_table.o(jump_table_area)
 <LI><a href="#[5a]">llm_end_evt_defer_patch</a> from llm_end_evt_defer_patch.o(i.llm_end_evt_defer_patch) referenced from llm_end_evt_defer_patch.o(i.set_llm_end_evt_defer_patch)
 <LI><a href="#[2f]">main</a> from main.o(i.main) referenced from entry9a.o(.ARM.Collect$$$$0000000B)
 <LI><a href="#[1c]">nvds_del</a> from nvds_in_ram.o(i.nvds_del) referenced from jump_table.o(jump_table_area)
 <LI><a href="#[1b]">nvds_get</a> from nvds_in_ram.o(i.nvds_get) referenced from jump_table.o(jump_table_area)
 <LI><a href="#[1a]">nvds_init</a> from nvds_in_ram.o(i.nvds_init) referenced from jump_table.o(jump_table_area)
 <LI><a href="#[1d]">nvds_put</a> from nvds_in_ram.o(i.nvds_put) referenced from jump_table.o(jump_table_area)
 <LI><a href="#[64]">osapp_add_svc_rsp_helper_handler</a> from osapp_utils.o(i.osapp_add_svc_rsp_helper_handler) referenced from osapp_uart_server.o(.constdata)
 <LI><a href="#[60]">osapp_default_msg_handler</a> from osapp_uart_server.o(i.osapp_default_msg_handler) referenced from osapp_uart_server.o(.constdata)
 <LI><a href="#[61]">osapp_device_ready_ind_handler</a> from osapp_uart_server.o(i.osapp_device_ready_ind_handler) referenced from osapp_uart_server.o(.constdata)
 <LI><a href="#[65]">osapp_gapc_conn_req_ind_handler</a> from osapp_uart_server.o(i.osapp_gapc_conn_req_ind_handler) referenced from osapp_uart_server.o(.constdata)
 <LI><a href="#[66]">osapp_gapc_disconnect_ind_handler</a> from osapp_uart_server.o(i.osapp_gapc_disconnect_ind_handler) referenced from osapp_uart_server.o(.constdata)
 <LI><a href="#[69]">osapp_gapc_get_dev_info_req_ind_handler</a> from osapp_uart_server.o(i.osapp_gapc_get_dev_info_req_ind_handler) referenced from osapp_uart_server.o(.constdata)
 <LI><a href="#[63]">osapp_gapc_param_update_req_handler</a> from osapp_uart_server.o(i.osapp_gapc_param_update_req_handler) referenced from osapp_uart_server.o(.constdata)
 <LI><a href="#[62]">osapp_gapm_cmp_evt_handler</a> from osapp_uart_server.o(i.osapp_gapm_cmp_evt_handler) referenced from osapp_uart_server.o(.constdata)
 <LI><a href="#[68]">osapp_gattc_cmp_evt_handler</a> from osapp_uart_server.o(i.osapp_gattc_cmp_evt_handler) referenced from osapp_uart_server.o(.constdata)
 <LI><a href="#[6a]">osapp_read_req_ind_helper_handler</a> from osapp_utils.o(i.osapp_read_req_ind_helper_handler) referenced from osapp_uart_server.o(.constdata)
 <LI><a href="#[70]">osapp_task</a> from osapp_task.o(i.osapp_task) referenced from task_init.o(.constdata)
 <LI><a href="#[67]">osapp_write_req_ind_helper_handler</a> from osapp_utils.o(i.osapp_write_req_ind_helper_handler) referenced from osapp_uart_server.o(.constdata)
 <LI><a href="#[19]">platform_reset</a> from arch_init.o(i.platform_reset) referenced from jump_table.o(jump_table_area)
 <LI><a href="#[21]">prf_add_profile</a> from prf.o(i.prf_add_profile) referenced from jump_table.o(jump_table_area)
 <LI><a href="#[1f]">prf_cleanup</a> from prf.o(i.prf_cleanup) referenced from jump_table.o(jump_table_area)
 <LI><a href="#[20]">prf_create</a> from prf.o(i.prf_create) referenced from jump_table.o(jump_table_area)
 <LI><a href="#[22]">prf_get_id_from_task</a> from prf.o(i.prf_get_id_from_task) referenced from jump_table.o(jump_table_area)
 <LI><a href="#[23]">prf_get_task_from_id</a> from prf.o(i.prf_get_task_from_id) referenced from jump_table.o(jump_table_area)
 <LI><a href="#[1e]">prf_init</a> from prf.o(i.prf_init) referenced from jump_table.o(jump_table_area)
 <LI><a href="#[5e]">prvIdleTask</a> from tasks.o(i.prvIdleTask) referenced from tasks.o(i.vTaskStartScheduler)
 <LI><a href="#[51]">prvTaskExitError</a> from port.o(i.prvTaskExitError) referenced from port.o(i.pxPortInitialiseStack)
 <LI><a href="#[5f]">prvTimerTask</a> from timers.o(i.prvTimerTask) referenced from timers.o(i.xTimerCreateTimerTask)
 <LI><a href="#[7d]">qspi_clk_gate</a> from qspi_integration.o(i.qspi_clk_gate) referenced from qspi_integration.o(.constdata)
 <LI><a href="#[7e]">qspi_pin_cfg</a> from qspi_integration.o(i.qspi_pin_cfg) referenced from qspi_integration.o(.constdata)
 <LI><a href="#[7c]">qspi_sw_rst</a> from qspi_integration.o(i.qspi_sw_rst) referenced from qspi_integration.o(.constdata)
 <LI><a href="#[7f]">qspi_sys_stat</a> from qspi_integration.o(i.qspi_sys_stat) referenced from qspi_integration.o(.constdata)
 <LI><a href="#[57]">rf_force_agc_enable</a> from rf_apollo.o(i.rf_force_agc_enable) referenced from rf_apollo.o(i.rf_init)
 <LI><a href="#[52]">rf_reg_rd</a> from rf_apollo.o(i.rf_reg_rd) referenced from rf_apollo.o(i.rf_init)
 <LI><a href="#[53]">rf_reg_wr</a> from rf_apollo.o(i.rf_reg_wr) referenced from rf_apollo.o(i.rf_init)
 <LI><a href="#[56]">rf_reset</a> from rf_apollo.o(i.rf_reset) referenced from rf_apollo.o(i.rf_init)
 <LI><a href="#[58]">rf_rssi_convert</a> from rf_apollo.o(i.rf_rssi_convert) referenced from rf_apollo.o(i.rf_init)
 <LI><a href="#[55]">rf_sleep</a> from rf_apollo.o(i.rf_sleep) referenced from rf_apollo.o(i.rf_init)
 <LI><a href="#[54]">rf_txpwr_dbm_get</a> from rf_apollo.o(i.rf_txpwr_dbm_get) referenced from rf_apollo.o(i.rf_init)
 <LI><a href="#[2d]">rwip_assert_asm</a> from bx_dbg_asm.o(RWIP_ASSERT_ASM) referenced from jump_table.o(jump_table_area)
 <LI><a href="#[2a]">rwip_prevent_sleep_clear</a> from rwip.o(i.rwip_prevent_sleep_clear) referenced from jump_table.o(jump_table_area)
 <LI><a href="#[29]">rwip_prevent_sleep_set</a> from rwip.o(i.rwip_prevent_sleep_set) referenced from jump_table.o(jump_table_area)
 <LI><a href="#[2b]">rwip_reset</a> from rwip.o(i.rwip_reset) referenced from jump_table.o(jump_table_area)
 <LI><a href="#[27]">rwip_wakeup</a> from rwip.o(i.rwip_wakeup) referenced from jump_table.o(jump_table_area)
 <LI><a href="#[28]">rwip_wakeup_end</a> from rwip.o(i.rwip_wakeup_end) referenced from jump_table.o(jump_table_area)
 <LI><a href="#[82]">spi_clk_gate</a> from spi_integration.o(i.spi_clk_gate) referenced from spi_integration.o(.constdata)
 <LI><a href="#[80]">spi_intr_op</a> from spi_integration.o(i.spi_intr_op) referenced from spi_integration.o(.constdata)
 <LI><a href="#[83]">spi_pin_cfg</a> from spi_integration.o(i.spi_pin_cfg) referenced from spi_integration.o(.constdata)
 <LI><a href="#[81]">spi_sw_rst</a> from spi_integration.o(i.spi_sw_rst) referenced from spi_integration.o(.constdata)
 <LI><a href="#[84]">spi_sys_stat</a> from spi_integration.o(i.spi_sys_stat) referenced from spi_integration.o(.constdata)
 <LI><a href="#[4b]">strcpy</a> from rom_syms_armcc.txt(ABSOLUTE) referenced from jump_table.o(i.func_ref_list)
 <LI><a href="#[59]">test_task</a> from task_init.o(i.test_task) referenced from task_init.o(i.rtos_task_init)
 <LI><a href="#[88]">timer_clk_gate</a> from timer_integration.o(i.timer_clk_gate) referenced from timer_integration.o(.constdata)
 <LI><a href="#[87]">timer_clk_src_cfg</a> from timer_integration.o(i.timer_clk_src_cfg) referenced from timer_integration.o(.constdata)
 <LI><a href="#[85]">timer_intr_op</a> from timer_integration.o(i.timer_intr_op) referenced from timer_integration.o(.constdata)
 <LI><a href="#[89]">timer_pin_cfg</a> from timer_integration.o(i.timer_pin_cfg) referenced from timer_integration.o(.constdata)
 <LI><a href="#[86]">timer_sw_rst</a> from timer_integration.o(i.timer_sw_rst) referenced from timer_integration.o(.constdata)
 <LI><a href="#[8a]">timer_sys_stat</a> from timer_integration.o(i.timer_sys_stat) referenced from timer_integration.o(.constdata)
 <LI><a href="#[4d]">uart00_rx_callback</a> from m_uart.o(i.uart00_rx_callback) referenced from m_uart.o(i.init_uart0)
 <LI><a href="#[4d]">uart00_rx_callback</a> from m_uart.o(i.uart00_rx_callback) referenced from m_uart.o(i.uart00_rx_callback)
 <LI><a href="#[5d]">uart1_rx_callback</a> from m_uart.o(i.uart1_rx_callback) referenced from m_uart.o(i.uart1_rx_callback)
 <LI><a href="#[5d]">uart1_rx_callback</a> from m_uart.o(i.uart1_rx_callback) referenced from m_uart.o(i.uartInit)
 <LI><a href="#[8e]">uart_clk_gate</a> from uart_integration.o(i.uart_clk_gate) referenced from uart_integration.o(.constdata)
 <LI><a href="#[8d]">uart_clk_src_cfg</a> from uart_integration.o(i.uart_clk_src_cfg) referenced from uart_integration.o(.constdata)
 <LI><a href="#[8b]">uart_intr_op</a> from uart_integration.o(i.uart_intr_op) referenced from uart_integration.o(.constdata)
 <LI><a href="#[8f]">uart_pin_cfg</a> from uart_integration.o(i.uart_pin_cfg) referenced from uart_integration.o(.constdata)
 <LI><a href="#[91]">uart_read_dma_callback</a> from app_uart.o(i.uart_read_dma_callback) referenced from app_uart.o(.constdata)
 <LI><a href="#[93]">uart_server_read_req_ind</a> from osapp_uart_server.o(i.uart_server_read_req_ind) referenced from osapp_uart_server.o(.data)
 <LI><a href="#[94]">uart_server_write_req_ind</a> from osapp_uart_server.o(i.uart_server_write_req_ind) referenced from osapp_uart_server.o(.data)
 <LI><a href="#[8c]">uart_sw_rst</a> from uart_integration.o(i.uart_sw_rst) referenced from uart_integration.o(.constdata)
 <LI><a href="#[90]">uart_sys_stat</a> from uart_integration.o(i.uart_sys_stat) referenced from uart_integration.o(.constdata)
 <LI><a href="#[92]">uart_write_dma_callback</a> from app_uart.o(i.uart_write_dma_callback) referenced from app_uart.o(.constdata)
 <LI><a href="#[6e]">virtual_port_flow_off</a> from os_bridge.o(i.virtual_port_flow_off) referenced from os_bridge.o(.constdata)
 <LI><a href="#[6d]">virtual_port_flow_on</a> from os_bridge.o(i.virtual_port_flow_on) referenced from os_bridge.o(.constdata)
 <LI><a href="#[6b]">virtual_port_read</a> from os_bridge.o(i.virtual_port_read) referenced from os_bridge.o(.constdata)
 <LI><a href="#[6c]">virtual_port_write</a> from os_bridge.o(i.virtual_port_write) referenced from os_bridge.o(.constdata)
</UL>
<P>
<H3>
Global Symbols
</H3>
<P><STRONG><a name="[110]"></a>__aeabi_uidivmod</STRONG> (Thumb, 0 bytes, Stack size 0 bytes, rom_syms_armcc.txt(ABSOLUTE))
<BR><BR>[Called By]<UL><LI><a href="#[1b7]">&gt;&gt;</a>&nbsp;&nbsp;&nbsp;rwip_us_2_lpcycles
<LI><a href="#[1b3]">&gt;&gt;</a>&nbsp;&nbsp;&nbsp;lld_sleep_compensate
<LI><a href="#[168]">&gt;&gt;</a>&nbsp;&nbsp;&nbsp;bxSuppressTicksAndSleep
<LI><a href="#[fc]">&gt;&gt;</a>&nbsp;&nbsp;&nbsp;vPortOSTick_IRQ
<LI><a href="#[236]">&gt;&gt;</a>&nbsp;&nbsp;&nbsp;rwip_sleep
<LI><a href="#[1cd]">&gt;&gt;</a>&nbsp;&nbsp;&nbsp;nvds_tag_search
<LI><a href="#[1cf]">&gt;&gt;</a>&nbsp;&nbsp;&nbsp;nvds_get_available_idx
<LI><a href="#[217]">&gt;&gt;</a>&nbsp;&nbsp;&nbsp;rc_calib_end
<LI><a href="#[108]">&gt;&gt;</a>&nbsp;&nbsp;&nbsp;_PrintUnsigned
<LI><a href="#[d3]">&gt;&gt;</a>&nbsp;&nbsp;&nbsp;timerDelayMs
<LI><a href="#[113]">&gt;&gt;</a>&nbsp;&nbsp;&nbsp;_printf_core
</UL>

<P><STRONG><a name="[10f]"></a>__aeabi_idivmod</STRONG> (Thumb, 0 bytes, Stack size 0 bytes, rom_syms_armcc.txt(ABSOLUTE))
<BR><BR>[Called By]<UL><LI><a href="#[107]">&gt;&gt;</a>&nbsp;&nbsp;&nbsp;_PrintInt
</UL>

<P><STRONG><a name="[4a]"></a>__aeabi_uldivmod</STRONG> (Thumb, 0 bytes, Stack size 0 bytes, rom_syms_armcc.txt(ABSOLUTE), UNUSED)
<BR><BR>[Called By]<UL><LI><a href="#[113]">&gt;&gt;</a>&nbsp;&nbsp;&nbsp;_printf_core
<LI><a href="#[115]">&gt;&gt;</a>&nbsp;&nbsp;&nbsp;_fp_digits
</UL>
<BR>[Address Reference Count : 1]<UL><LI> jump_table.o(i.func_ref_list)
</UL>
<P><STRONG><a name="[18c]"></a>rand</STRONG> (Thumb, 0 bytes, Stack size 0 bytes, rom_syms_armcc.txt(ABSOLUTE))
<BR><BR>[Called By]<UL><LI><a href="#[25]">&gt;&gt;</a>&nbsp;&nbsp;&nbsp;ecc_gen_new_secret_key
</UL>

<P><STRONG><a name="[111]"></a>__aeabi_memcpy</STRONG> (Thumb, 0 bytes, Stack size 0 bytes, rom_syms_armcc.txt(ABSOLUTE))
<BR><BR>[Called By]<UL><LI><a href="#[1f8]">&gt;&gt;</a>&nbsp;&nbsp;&nbsp;prvCopyDataToQueue
<LI><a href="#[1f7]">&gt;&gt;</a>&nbsp;&nbsp;&nbsp;prvCopyDataFromQueue
<LI><a href="#[11d]">&gt;&gt;</a>&nbsp;&nbsp;&nbsp;adv_data_pack
<LI><a href="#[1d8]">&gt;&gt;</a>&nbsp;&nbsp;&nbsp;uart0_rx_callback
<LI><a href="#[69]">&gt;&gt;</a>&nbsp;&nbsp;&nbsp;osapp_gapc_get_dev_info_req_ind_handler
<LI><a href="#[11a]">&gt;&gt;</a>&nbsp;&nbsp;&nbsp;add_svc_req
<LI><a href="#[6c]">&gt;&gt;</a>&nbsp;&nbsp;&nbsp;virtual_port_write
<LI><a href="#[6b]">&gt;&gt;</a>&nbsp;&nbsp;&nbsp;virtual_port_read
<LI><a href="#[12c]">&gt;&gt;</a>&nbsp;&nbsp;&nbsp;bx_enqueue
<LI><a href="#[101]">&gt;&gt;</a>&nbsp;&nbsp;&nbsp;_WriteNoCheck
<LI><a href="#[102]">&gt;&gt;</a>&nbsp;&nbsp;&nbsp;_WriteBlocking
<LI><a href="#[dd]">&gt;&gt;</a>&nbsp;&nbsp;&nbsp;app_hwecc_isr
</UL>

<P><STRONG><a name="[147]"></a>__aeabi_memcpy4</STRONG> (Thumb, 0 bytes, Stack size 0 bytes, rom_syms_armcc.txt(ABSOLUTE))
<BR><BR>[Called By]<UL><LI><a href="#[24]">&gt;&gt;</a>&nbsp;&nbsp;&nbsp;ecc_generate_key256
<LI><a href="#[149]">&gt;&gt;</a>&nbsp;&nbsp;&nbsp;app_qspi_std_read
<LI><a href="#[146]">&gt;&gt;</a>&nbsp;&nbsp;&nbsp;app_qspi_multi_read
<LI><a href="#[13f]">&gt;&gt;</a>&nbsp;&nbsp;&nbsp;qspi_std_byte_write_dma_start
<LI><a href="#[159]">&gt;&gt;</a>&nbsp;&nbsp;&nbsp;app_uart_write
<LI><a href="#[156]">&gt;&gt;</a>&nbsp;&nbsp;&nbsp;app_uart_read_dma
</UL>

<P><STRONG><a name="[1fe]"></a>__aeabi_memset</STRONG> (Thumb, 0 bytes, Stack size 0 bytes, rom_syms_armcc.txt(ABSOLUTE))
<BR><BR>[Called By]<UL><LI><a href="#[1fd]">&gt;&gt;</a>&nbsp;&nbsp;&nbsp;prvInitialiseNewTask
</UL>

<P><STRONG><a name="[da]"></a>__aeabi_memclr</STRONG> (Thumb, 0 bytes, Stack size 0 bytes, rom_syms_armcc.txt(ABSOLUTE))
<BR><BR>[Called By]<UL><LI><a href="#[11b]">&gt;&gt;</a>&nbsp;&nbsp;&nbsp;ahi_msg_alloc
<LI><a href="#[256]">&gt;&gt;</a>&nbsp;&nbsp;&nbsp;uartInit
<LI><a href="#[d9]">&gt;&gt;</a>&nbsp;&nbsp;&nbsp;Com_Lock_Init_bs81x
<LI><a href="#[3b]">&gt;&gt;</a>&nbsp;&nbsp;&nbsp;FrontVerifyAdmin
<LI><a href="#[3f]">&gt;&gt;</a>&nbsp;&nbsp;&nbsp;FrontDeleteAllUser
<LI><a href="#[38]">&gt;&gt;</a>&nbsp;&nbsp;&nbsp;FrontAwake
<LI><a href="#[34]">&gt;&gt;</a>&nbsp;&nbsp;&nbsp;FrontAddNormalUser
<LI><a href="#[37]">&gt;&gt;</a>&nbsp;&nbsp;&nbsp;FrontAddNormalRfidUser
<LI><a href="#[35]">&gt;&gt;</a>&nbsp;&nbsp;&nbsp;FrontAddNormalKeyUser
<LI><a href="#[36]">&gt;&gt;</a>&nbsp;&nbsp;&nbsp;FrontAddNormalFingerUser
<LI><a href="#[3e]">&gt;&gt;</a>&nbsp;&nbsp;&nbsp;FrontAddAdmin
<LI><a href="#[19f]">&gt;&gt;</a>&nbsp;&nbsp;&nbsp;init_uart0
</UL>

<P><STRONG><a name="[10a]"></a>__aeabi_memclr4</STRONG> (Thumb, 0 bytes, Stack size 0 bytes, rom_syms_armcc.txt(ABSOLUTE))
<BR><BR>[Called By]<UL><LI><a href="#[65]">&gt;&gt;</a>&nbsp;&nbsp;&nbsp;osapp_gapc_conn_req_ind_handler
<LI><a href="#[30]">&gt;&gt;</a>&nbsp;&nbsp;&nbsp;SystemInit
</UL>

<P><STRONG><a name="[c3]"></a>memcmp</STRONG> (Thumb, 0 bytes, Stack size 0 bytes, rom_syms_armcc.txt(ABSOLUTE))
<BR><BR>[Called By]<UL><LI><a href="#[c2]">&gt;&gt;</a>&nbsp;&nbsp;&nbsp;CheckKey
<LI><a href="#[1cc]">&gt;&gt;</a>&nbsp;&nbsp;&nbsp;nvds_data_ver_get
</UL>

<P><STRONG><a name="[4b]"></a>strcpy</STRONG> (Thumb, 0 bytes, Stack size 0 bytes, rom_syms_armcc.txt(ABSOLUTE))
<BR><BR>[Called By]<UL><LI><a href="#[fe]">&gt;&gt;</a>&nbsp;&nbsp;&nbsp;_DoInit
</UL>
<BR>[Address Reference Count : 1]<UL><LI> jump_table.o(i.func_ref_list)
</UL>
<P><STRONG><a name="[aa]"></a>__aeabi_llsl</STRONG> (Thumb, 0 bytes, Stack size 0 bytes, rom_syms_armcc.txt(ABSOLUTE), UNUSED)
<BR><BR>[Called By]<UL><LI><a href="#[ac]">&gt;&gt;</a>&nbsp;&nbsp;&nbsp;_double_epilogue
<LI><a href="#[a9]">&gt;&gt;</a>&nbsp;&nbsp;&nbsp;__aeabi_dadd
<LI><a href="#[b2]">&gt;&gt;</a>&nbsp;&nbsp;&nbsp;__aeabi_d2ulz
</UL>

<P><STRONG><a name="[b3]"></a>__aeabi_llsr</STRONG> (Thumb, 0 bytes, Stack size 0 bytes, rom_syms_armcc.txt(ABSOLUTE), UNUSED)
<BR><BR>[Called By]<UL><LI><a href="#[ac]">&gt;&gt;</a>&nbsp;&nbsp;&nbsp;_double_epilogue
<LI><a href="#[b2]">&gt;&gt;</a>&nbsp;&nbsp;&nbsp;__aeabi_d2ulz
</UL>

<P><STRONG><a name="[145]"></a>__ARM_common_switch8</STRONG> (Thumb, 0 bytes, Stack size 0 bytes, rom_syms_armcc.txt(ABSOLUTE))
<BR><BR>[Called By]<UL><LI><a href="#[205]">&gt;&gt;</a>&nbsp;&nbsp;&nbsp;prvProcessReceivedCommands
<LI><a href="#[70]">&gt;&gt;</a>&nbsp;&nbsp;&nbsp;osapp_task
<LI><a href="#[21c]">&gt;&gt;</a>&nbsp;&nbsp;&nbsp;rf_init
<LI><a href="#[19a]">&gt;&gt;</a>&nbsp;&nbsp;&nbsp;flash_read_func_ptr_get
<LI><a href="#[144]">&gt;&gt;</a>&nbsp;&nbsp;&nbsp;app_qspi_init_wrapper
<LI><a href="#[193]">&gt;&gt;</a>&nbsp;&nbsp;&nbsp;ext_int_idx_get
<LI><a href="#[1a3]">&gt;&gt;</a>&nbsp;&nbsp;&nbsp;pshare_funcio_set
<LI><a href="#[1c2]">&gt;&gt;</a>&nbsp;&nbsp;&nbsp;modem_vcocali_value_save
<LI><a href="#[7e]">&gt;&gt;</a>&nbsp;&nbsp;&nbsp;qspi_pin_cfg
<LI><a href="#[7b]">&gt;&gt;</a>&nbsp;&nbsp;&nbsp;iic_sys_stat
<LI><a href="#[90]">&gt;&gt;</a>&nbsp;&nbsp;&nbsp;uart_sys_stat
<LI><a href="#[84]">&gt;&gt;</a>&nbsp;&nbsp;&nbsp;spi_sys_stat
<LI><a href="#[83]">&gt;&gt;</a>&nbsp;&nbsp;&nbsp;spi_pin_cfg
</UL>

<P><STRONG><a name="[22e]"></a>ahi_init</STRONG> (Thumb, 0 bytes, Stack size 0 bytes, rom_syms_armcc.txt(ABSOLUTE))
<BR><BR>[Called By]<UL><LI><a href="#[165]">&gt;&gt;</a>&nbsp;&nbsp;&nbsp;rwip_init
</UL>

<P><STRONG><a name="[4c]"></a>attm_reserve_handle_range</STRONG> (Thumb, 0 bytes, Stack size 0 bytes, rom_syms_armcc.txt(ABSOLUTE), UNUSED)
<BR>[Address Reference Count : 1]<UL><LI> jump_table.o(i.func_ref_list)
</UL>
<P><STRONG><a name="[1d4]"></a>co_list_init</STRONG> (Thumb, 0 bytes, Stack size 0 bytes, rom_syms_armcc.txt(ABSOLUTE))
<BR><BR>[Called By]<UL><LI><a href="#[1d3]">&gt;&gt;</a>&nbsp;&nbsp;&nbsp;osapp_add_svc_req_helper
</UL>

<P><STRONG><a name="[1d5]"></a>co_list_push_back</STRONG> (Thumb, 0 bytes, Stack size 0 bytes, rom_syms_armcc.txt(ABSOLUTE))
<BR><BR>[Called By]<UL><LI><a href="#[1d3]">&gt;&gt;</a>&nbsp;&nbsp;&nbsp;osapp_add_svc_req_helper
</UL>

<P><STRONG><a name="[231]"></a>ea_init</STRONG> (Thumb, 0 bytes, Stack size 0 bytes, rom_syms_armcc.txt(ABSOLUTE))
<BR><BR>[Called By]<UL><LI><a href="#[165]">&gt;&gt;</a>&nbsp;&nbsp;&nbsp;rwip_init
<LI><a href="#[2b]">&gt;&gt;</a>&nbsp;&nbsp;&nbsp;rwip_reset
</UL>

<P><STRONG><a name="[23a]"></a>ea_timer_target_get</STRONG> (Thumb, 0 bytes, Stack size 0 bytes, rom_syms_armcc.txt(ABSOLUTE))
<BR><BR>[Called By]<UL><LI><a href="#[236]">&gt;&gt;</a>&nbsp;&nbsp;&nbsp;rwip_sleep
</UL>

<P><STRONG><a name="[22c]"></a>h4tl_init</STRONG> (Thumb, 0 bytes, Stack size 0 bytes, rom_syms_armcc.txt(ABSOLUTE))
<BR><BR>[Called By]<UL><LI><a href="#[165]">&gt;&gt;</a>&nbsp;&nbsp;&nbsp;rwip_init
</UL>

<P><STRONG><a name="[22d]"></a>hci_init</STRONG> (Thumb, 0 bytes, Stack size 0 bytes, rom_syms_armcc.txt(ABSOLUTE))
<BR><BR>[Called By]<UL><LI><a href="#[165]">&gt;&gt;</a>&nbsp;&nbsp;&nbsp;rwip_init
</UL>

<P><STRONG><a name="[233]"></a>hci_reset</STRONG> (Thumb, 0 bytes, Stack size 0 bytes, rom_syms_armcc.txt(ABSOLUTE))
<BR><BR>[Called By]<UL><LI><a href="#[2b]">&gt;&gt;</a>&nbsp;&nbsp;&nbsp;rwip_reset
</UL>

<P><STRONG><a name="[1bb]"></a>hci_send_2_host</STRONG> (Thumb, 0 bytes, Stack size 0 bytes, rom_syms_armcc.txt(ABSOLUTE))
<BR><BR>[Called By]<UL><LI><a href="#[1ba]">&gt;&gt;</a>&nbsp;&nbsp;&nbsp;llm_util_chk_tst_mode_patch
</UL>

<P><STRONG><a name="[162]"></a>ke_event_get_all</STRONG> (Thumb, 0 bytes, Stack size 0 bytes, rom_syms_armcc.txt(ABSOLUTE))
<BR><BR>[Called By]<UL><LI><a href="#[161]">&gt;&gt;</a>&nbsp;&nbsp;&nbsp;ble_schedule
</UL>

<P><STRONG><a name="[235]"></a>ke_event_schedule</STRONG> (Thumb, 0 bytes, Stack size 0 bytes, rom_syms_armcc.txt(ABSOLUTE))
<BR><BR>[Called By]<UL><LI><a href="#[164]">&gt;&gt;</a>&nbsp;&nbsp;&nbsp;rwip_schedule
</UL>

<P><STRONG><a name="[23c]"></a>ke_event_set</STRONG> (Thumb, 0 bytes, Stack size 0 bytes, rom_syms_armcc.txt(ABSOLUTE))
<BR><BR>[Called By]<UL><LI><a href="#[28]">&gt;&gt;</a>&nbsp;&nbsp;&nbsp;rwip_wakeup_end
</UL>

<P><STRONG><a name="[232]"></a>ke_flush</STRONG> (Thumb, 0 bytes, Stack size 0 bytes, rom_syms_armcc.txt(ABSOLUTE))
<BR><BR>[Called By]<UL><LI><a href="#[2b]">&gt;&gt;</a>&nbsp;&nbsp;&nbsp;rwip_reset
</UL>

<P><STRONG><a name="[229]"></a>ke_init</STRONG> (Thumb, 0 bytes, Stack size 0 bytes, rom_syms_armcc.txt(ABSOLUTE))
<BR><BR>[Called By]<UL><LI><a href="#[165]">&gt;&gt;</a>&nbsp;&nbsp;&nbsp;rwip_init
</UL>

<P><STRONG><a name="[22a]"></a>ke_mem_init</STRONG> (Thumb, 0 bytes, Stack size 0 bytes, rom_syms_armcc.txt(ABSOLUTE))
<BR><BR>[Called By]<UL><LI><a href="#[165]">&gt;&gt;</a>&nbsp;&nbsp;&nbsp;rwip_init
</UL>

<P><STRONG><a name="[18e]"></a>ke_msg_alloc</STRONG> (Thumb, 0 bytes, Stack size 0 bytes, rom_syms_armcc.txt(ABSOLUTE))
<BR><BR>[Called By]<UL><LI><a href="#[1ba]">&gt;&gt;</a>&nbsp;&nbsp;&nbsp;llm_util_chk_tst_mode_patch
<LI><a href="#[24]">&gt;&gt;</a>&nbsp;&nbsp;&nbsp;ecc_generate_key256
</UL>

<P><STRONG><a name="[18f]"></a>ke_msg_send</STRONG> (Thumb, 0 bytes, Stack size 0 bytes, rom_syms_armcc.txt(ABSOLUTE))
<BR><BR>[Called By]<UL><LI><a href="#[71]">&gt;&gt;</a>&nbsp;&nbsp;&nbsp;ecc_generate_key256_callback
</UL>

<P><STRONG><a name="[1bc]"></a>ke_msg_send_basic</STRONG> (Thumb, 0 bytes, Stack size 0 bytes, rom_syms_armcc.txt(ABSOLUTE))
<BR><BR>[Called By]<UL><LI><a href="#[1ba]">&gt;&gt;</a>&nbsp;&nbsp;&nbsp;llm_util_chk_tst_mode_patch
</UL>

<P><STRONG><a name="[237]"></a>ke_sleep_check</STRONG> (Thumb, 0 bytes, Stack size 0 bytes, rom_syms_armcc.txt(ABSOLUTE))
<BR><BR>[Called By]<UL><LI><a href="#[16a]">&gt;&gt;</a>&nbsp;&nbsp;&nbsp;sleep_prepare_and_check
<LI><a href="#[236]">&gt;&gt;</a>&nbsp;&nbsp;&nbsp;rwip_sleep
</UL>

<P><STRONG><a name="[1ed]"></a>ke_task_create</STRONG> (Thumb, 0 bytes, Stack size 0 bytes, rom_syms_armcc.txt(ABSOLUTE))
<BR><BR>[Called By]<UL><LI><a href="#[1e]">&gt;&gt;</a>&nbsp;&nbsp;&nbsp;prf_init
</UL>

<P><STRONG><a name="[1ec]"></a>ke_task_msg_flush</STRONG> (Thumb, 0 bytes, Stack size 0 bytes, rom_syms_armcc.txt(ABSOLUTE))
<BR><BR>[Called By]<UL><LI><a href="#[1e]">&gt;&gt;</a>&nbsp;&nbsp;&nbsp;prf_init
</UL>

<P><STRONG><a name="[239]"></a>ke_timer_target_get</STRONG> (Thumb, 0 bytes, Stack size 0 bytes, rom_syms_armcc.txt(ABSOLUTE))
<BR><BR>[Called By]<UL><LI><a href="#[236]">&gt;&gt;</a>&nbsp;&nbsp;&nbsp;rwip_sleep
</UL>

<P><STRONG><a name="[22f]"></a>rwble_hl_init</STRONG> (Thumb, 0 bytes, Stack size 0 bytes, rom_syms_armcc.txt(ABSOLUTE))
<BR><BR>[Called By]<UL><LI><a href="#[165]">&gt;&gt;</a>&nbsp;&nbsp;&nbsp;rwip_init
</UL>

<P><STRONG><a name="[230]"></a>rwble_init</STRONG> (Thumb, 0 bytes, Stack size 0 bytes, rom_syms_armcc.txt(ABSOLUTE))
<BR><BR>[Called By]<UL><LI><a href="#[165]">&gt;&gt;</a>&nbsp;&nbsp;&nbsp;rwip_init
</UL>

<P><STRONG><a name="[c0]"></a>rwble_isr</STRONG> (Thumb, 0 bytes, Stack size 0 bytes, rom_syms_armcc.txt(ABSOLUTE))
<BR><BR>[Called By]<UL><LI><a href="#[8]">&gt;&gt;</a>&nbsp;&nbsp;&nbsp;BLE_MAC_IRQHandler
</UL>

<P><STRONG><a name="[234]"></a>rwble_reset</STRONG> (Thumb, 0 bytes, Stack size 0 bytes, rom_syms_armcc.txt(ABSOLUTE))
<BR><BR>[Called By]<UL><LI><a href="#[2b]">&gt;&gt;</a>&nbsp;&nbsp;&nbsp;rwip_reset
</UL>

<P><STRONG><a name="[238]"></a>rwble_sleep_check</STRONG> (Thumb, 0 bytes, Stack size 0 bytes, rom_syms_armcc.txt(ABSOLUTE))
<BR><BR>[Called By]<UL><LI><a href="#[236]">&gt;&gt;</a>&nbsp;&nbsp;&nbsp;rwip_sleep
</UL>

<P><STRONG><a name="[31]"></a>__main</STRONG> (Thumb, 0 bytes, Stack size unknown bytes, entry.o(.ARM.Collect$$$$00000000))
<BR>[Address Reference Count : 1]<UL><LI> startup_apollo_00.o(.text)
</UL>
<P><STRONG><a name="[26d]"></a>_main_stk</STRONG> (Thumb, 0 bytes, Stack size unknown bytes, entry2.o(.ARM.Collect$$$$00000001))

<P><STRONG><a name="[a6]"></a>_main_scatterload</STRONG> (Thumb, 0 bytes, Stack size unknown bytes, entry5.o(.ARM.Collect$$$$00000004))
<BR><BR>[Calls]<UL><LI><a href="#[a7]">&gt;&gt;</a>&nbsp;&nbsp;&nbsp;__scatterload
</UL>

<P><STRONG><a name="[b4]"></a>__main_after_scatterload</STRONG> (Thumb, 0 bytes, Stack size unknown bytes, entry5.o(.ARM.Collect$$$$00000004))
<BR><BR>[Called By]<UL><LI><a href="#[a7]">&gt;&gt;</a>&nbsp;&nbsp;&nbsp;__scatterload
</UL>

<P><STRONG><a name="[26e]"></a>_main_clock</STRONG> (Thumb, 0 bytes, Stack size unknown bytes, entry7b.o(.ARM.Collect$$$$00000008))

<P><STRONG><a name="[26f]"></a>_main_cpp_init</STRONG> (Thumb, 0 bytes, Stack size unknown bytes, entry8b.o(.ARM.Collect$$$$0000000A))

<P><STRONG><a name="[270]"></a>_main_init</STRONG> (Thumb, 0 bytes, Stack size unknown bytes, entry9a.o(.ARM.Collect$$$$0000000B))

<P><STRONG><a name="[271]"></a>__rt_final_cpp</STRONG> (Thumb, 0 bytes, Stack size unknown bytes, entry10a.o(.ARM.Collect$$$$0000000D))

<P><STRONG><a name="[272]"></a>__rt_final_exit</STRONG> (Thumb, 0 bytes, Stack size unknown bytes, entry11a.o(.ARM.Collect$$$$0000000F))

<P><STRONG><a name="[264]"></a>__asm___6_port_c_39a90d8d__prvPortStartFirstTask</STRONG> (Thumb, 36 bytes, Stack size 0 bytes, port.o(.emb_text))
<BR><BR>[Called By]<UL><LI><a href="#[263]">&gt;&gt;</a>&nbsp;&nbsp;&nbsp;xPortStartScheduler
</UL>

<P><STRONG><a name="[265]"></a>ulSetInterruptMaskFromISR</STRONG> (Thumb, 8 bytes, Stack size 0 bytes, port.o(.emb_text))
<BR><BR>[Called By]<UL><LI><a href="#[1c9]">&gt;&gt;</a>&nbsp;&nbsp;&nbsp;xQueueGenericSendFromISR
<LI><a href="#[25d]">&gt;&gt;</a>&nbsp;&nbsp;&nbsp;xPortSysTickHandler
</UL>

<P><STRONG><a name="[267]"></a>vClearInterruptMaskFromISR</STRONG> (Thumb, 6 bytes, Stack size 0 bytes, port.o(.emb_text))
<BR><BR>[Called By]<UL><LI><a href="#[1c9]">&gt;&gt;</a>&nbsp;&nbsp;&nbsp;xQueueGenericSendFromISR
<LI><a href="#[25d]">&gt;&gt;</a>&nbsp;&nbsp;&nbsp;xPortSysTickHandler
</UL>

<P><STRONG><a name="[4]"></a>PendSV_Handler</STRONG> (Thumb, 62 bytes, Stack size 0 bytes, port.o(.emb_text))
<BR><BR>[Stack]<UL><LI>Max Depth = 336<LI>Call Chain = PendSV_Handler &rArr; vTaskSwitchContext &rArr; __aeabi_assert &rArr; rtt_log &rArr; SEGGER_RTT_vprintf &rArr; _PrintInt &rArr; _PrintUnsigned &rArr; _StoreChar &rArr; SEGGER_RTT_Write &rArr; SEGGER_RTT_WriteNoLock &rArr; _WriteBlocking
</UL>
<BR>[Calls]<UL><LI><a href="#[a8]">&gt;&gt;</a>&nbsp;&nbsp;&nbsp;vTaskSwitchContext
</UL>
<BR>[Address Reference Count : 1]<UL><LI> startup_apollo_00.o(RESET)
</UL>
<P><STRONG><a name="[0]"></a>Reset_Handler</STRONG> (Thumb, 8 bytes, Stack size 0 bytes, startup_apollo_00.o(.text))
<BR>[Address Reference Count : 1]<UL><LI> startup_apollo_00.o(RESET)
</UL>
<P><STRONG><a name="[1bf]"></a>__aeabi_uread4</STRONG> (Thumb, 20 bytes, Stack size 0 bytes, uread4.o(.text))
<BR><BR>[Called By]<UL><LI><a href="#[1a0]">&gt;&gt;</a>&nbsp;&nbsp;&nbsp;mem_to_reg
</UL>

<P><STRONG><a name="[273]"></a>__rt_uread4</STRONG> (Thumb, 0 bytes, Stack size 0 bytes, uread4.o(.text), UNUSED)

<P><STRONG><a name="[274]"></a>_uread4</STRONG> (Thumb, 0 bytes, Stack size 0 bytes, uread4.o(.text), UNUSED)

<P><STRONG><a name="[275]"></a>__I$use$fp</STRONG> (Thumb, 0 bytes, Stack size 48 bytes, iusefp.o(.text), UNUSED)

<P><STRONG><a name="[a9]"></a>__aeabi_dadd</STRONG> (Thumb, 328 bytes, Stack size 48 bytes, dadd.o(.text), UNUSED)
<BR><BR>[Calls]<UL><LI><a href="#[ab]">&gt;&gt;</a>&nbsp;&nbsp;&nbsp;__aeabi_lasr
<LI><a href="#[ad]">&gt;&gt;</a>&nbsp;&nbsp;&nbsp;_double_round
<LI><a href="#[ac]">&gt;&gt;</a>&nbsp;&nbsp;&nbsp;_double_epilogue
<LI><a href="#[aa]">&gt;&gt;</a>&nbsp;&nbsp;&nbsp;__aeabi_llsl
</UL>
<BR>[Called By]<UL><LI><a href="#[af]">&gt;&gt;</a>&nbsp;&nbsp;&nbsp;__aeabi_drsub
<LI><a href="#[ae]">&gt;&gt;</a>&nbsp;&nbsp;&nbsp;__aeabi_dsub
<LI><a href="#[115]">&gt;&gt;</a>&nbsp;&nbsp;&nbsp;_fp_digits
</UL>

<P><STRONG><a name="[ae]"></a>__aeabi_dsub</STRONG> (Thumb, 12 bytes, Stack size 8 bytes, dadd.o(.text), UNUSED)
<BR><BR>[Calls]<UL><LI><a href="#[a9]">&gt;&gt;</a>&nbsp;&nbsp;&nbsp;__aeabi_dadd
</UL>

<P><STRONG><a name="[af]"></a>__aeabi_drsub</STRONG> (Thumb, 12 bytes, Stack size 8 bytes, dadd.o(.text), UNUSED)
<BR><BR>[Calls]<UL><LI><a href="#[a9]">&gt;&gt;</a>&nbsp;&nbsp;&nbsp;__aeabi_dadd
</UL>

<P><STRONG><a name="[b0]"></a>__aeabi_dmul</STRONG> (Thumb, 202 bytes, Stack size 72 bytes, dmul.o(.text), UNUSED)
<BR><BR>[Calls]<UL><LI><a href="#[ac]">&gt;&gt;</a>&nbsp;&nbsp;&nbsp;_double_epilogue
</UL>
<BR>[Called By]<UL><LI><a href="#[115]">&gt;&gt;</a>&nbsp;&nbsp;&nbsp;_fp_digits
</UL>

<P><STRONG><a name="[b1]"></a>__aeabi_ddiv</STRONG> (Thumb, 234 bytes, Stack size 40 bytes, ddiv.o(.text), UNUSED)
<BR><BR>[Calls]<UL><LI><a href="#[ad]">&gt;&gt;</a>&nbsp;&nbsp;&nbsp;_double_round
</UL>
<BR>[Called By]<UL><LI><a href="#[115]">&gt;&gt;</a>&nbsp;&nbsp;&nbsp;_fp_digits
</UL>

<P><STRONG><a name="[b2]"></a>__aeabi_d2ulz</STRONG> (Thumb, 54 bytes, Stack size 8 bytes, dfixul.o(.text), UNUSED)
<BR><BR>[Calls]<UL><LI><a href="#[b3]">&gt;&gt;</a>&nbsp;&nbsp;&nbsp;__aeabi_llsr
<LI><a href="#[aa]">&gt;&gt;</a>&nbsp;&nbsp;&nbsp;__aeabi_llsl
</UL>
<BR>[Called By]<UL><LI><a href="#[115]">&gt;&gt;</a>&nbsp;&nbsp;&nbsp;_fp_digits
</UL>

<P><STRONG><a name="[116]"></a>__aeabi_cdrcmple</STRONG> (Thumb, 38 bytes, Stack size 0 bytes, cdrcmple.o(.text), UNUSED)
<BR><BR>[Called By]<UL><LI><a href="#[115]">&gt;&gt;</a>&nbsp;&nbsp;&nbsp;_fp_digits
</UL>

<P><STRONG><a name="[a7]"></a>__scatterload</STRONG> (Thumb, 28 bytes, Stack size 0 bytes, init.o(.text))
<BR><BR>[Calls]<UL><LI><a href="#[b4]">&gt;&gt;</a>&nbsp;&nbsp;&nbsp;__main_after_scatterload
</UL>
<BR>[Called By]<UL><LI><a href="#[a6]">&gt;&gt;</a>&nbsp;&nbsp;&nbsp;_main_scatterload
</UL>

<P><STRONG><a name="[276]"></a>__scatterload_rt2</STRONG> (Thumb, 0 bytes, Stack size 0 bytes, init.o(.text), UNUSED)

<P><STRONG><a name="[ab]"></a>__aeabi_lasr</STRONG> (Thumb, 38 bytes, Stack size 8 bytes, llsshr.o(.text), UNUSED)
<BR><BR>[Called By]<UL><LI><a href="#[a9]">&gt;&gt;</a>&nbsp;&nbsp;&nbsp;__aeabi_dadd
</UL>

<P><STRONG><a name="[277]"></a>_ll_sshift_r</STRONG> (Thumb, 0 bytes, Stack size 8 bytes, llsshr.o(.text), UNUSED)

<P><STRONG><a name="[ad]"></a>_double_round</STRONG> (Thumb, 26 bytes, Stack size 8 bytes, depilogue.o(.text), UNUSED)
<BR><BR>[Called By]<UL><LI><a href="#[ac]">&gt;&gt;</a>&nbsp;&nbsp;&nbsp;_double_epilogue
<LI><a href="#[b1]">&gt;&gt;</a>&nbsp;&nbsp;&nbsp;__aeabi_ddiv
<LI><a href="#[a9]">&gt;&gt;</a>&nbsp;&nbsp;&nbsp;__aeabi_dadd
</UL>

<P><STRONG><a name="[ac]"></a>_double_epilogue</STRONG> (Thumb, 164 bytes, Stack size 48 bytes, depilogue.o(.text), UNUSED)
<BR><BR>[Calls]<UL><LI><a href="#[b5]">&gt;&gt;</a>&nbsp;&nbsp;&nbsp;__ARM_clz
<LI><a href="#[ad]">&gt;&gt;</a>&nbsp;&nbsp;&nbsp;_double_round
<LI><a href="#[b3]">&gt;&gt;</a>&nbsp;&nbsp;&nbsp;__aeabi_llsr
<LI><a href="#[aa]">&gt;&gt;</a>&nbsp;&nbsp;&nbsp;__aeabi_llsl
</UL>
<BR>[Called By]<UL><LI><a href="#[b0]">&gt;&gt;</a>&nbsp;&nbsp;&nbsp;__aeabi_dmul
<LI><a href="#[a9]">&gt;&gt;</a>&nbsp;&nbsp;&nbsp;__aeabi_dadd
</UL>

<P><STRONG><a name="[1]"></a>NMI_Handler</STRONG> (Thumb, 0 bytes, Stack size 0 bytes, startup_apollo_00.o(.text.Default_Handler))
<BR><BR>[Calls]<UL><LI><a href="#[1]">&gt;&gt;</a>&nbsp;&nbsp;&nbsp;NMI_Handler
</UL>
<BR>[Called By]<UL><LI><a href="#[1]">&gt;&gt;</a>&nbsp;&nbsp;&nbsp;NMI_Handler
</UL>
<BR>[Address Reference Count : 1]<UL><LI> startup_apollo_00.o(RESET)
</UL>
<P><STRONG><a name="[18]"></a>PGSPY_IRQHandler</STRONG> (Thumb, 0 bytes, Stack size 0 bytes, startup_apollo_00.o(.text.Default_Handler))
<BR>[Address Reference Count : 1]<UL><LI> startup_apollo_00.o(RESET)
</UL>
<P><STRONG><a name="[d]"></a>QSPI_IRQHandler</STRONG> (Thumb, 0 bytes, Stack size 0 bytes, startup_apollo_00.o(.text.Default_Handler))
<BR>[Address Reference Count : 1]<UL><LI> startup_apollo_00.o(RESET)
</UL>
<P><STRONG><a name="[3]"></a>SVC_Handler</STRONG> (Thumb, 0 bytes, Stack size 0 bytes, startup_apollo_00.o(.text.Default_Handler))
<BR>[Address Reference Count : 1]<UL><LI> startup_apollo_00.o(RESET)
</UL>
<P><STRONG><a name="[5]"></a>SysTick_Handler</STRONG> (Thumb, 0 bytes, Stack size 0 bytes, startup_apollo_00.o(.text.Default_Handler))
<BR>[Address Reference Count : 1]<UL><LI> startup_apollo_00.o(RESET)
</UL>
<P><STRONG><a name="[6]"></a>WDT_IRQHandler</STRONG> (Thumb, 0 bytes, Stack size 0 bytes, startup_apollo_00.o(.text.Default_Handler))
<BR>[Address Reference Count : 1]<UL><LI> startup_apollo_00.o(RESET)
</UL>
<P><STRONG><a name="[b6]"></a>bx_delay_asm</STRONG> (Thumb, 8 bytes, Stack size 0 bytes, bx_dbg_asm.o(BX_DELAY_ASM))
<BR><BR>[Calls]<UL><LI><a href="#[b6]">&gt;&gt;</a>&nbsp;&nbsp;&nbsp;bx_delay_asm
</UL>
<BR>[Called By]<UL><LI><a href="#[248]">&gt;&gt;</a>&nbsp;&nbsp;&nbsp;sysctrl_32k_clk_init
<LI><a href="#[b6]">&gt;&gt;</a>&nbsp;&nbsp;&nbsp;bx_delay_asm
<LI><a href="#[d0]">&gt;&gt;</a>&nbsp;&nbsp;&nbsp;Com_Lock_IIC_Write_Data_BS81X_AddrRead
<LI><a href="#[cf]">&gt;&gt;</a>&nbsp;&nbsp;&nbsp;Com_Lock_IIC_Write_Data_BS81X
<LI><a href="#[cc]">&gt;&gt;</a>&nbsp;&nbsp;&nbsp;Com_Lock_IIC_Stop_BS81X
<LI><a href="#[ca]">&gt;&gt;</a>&nbsp;&nbsp;&nbsp;Com_Lock_IIC_Start_BS81X
<LI><a href="#[c4]">&gt;&gt;</a>&nbsp;&nbsp;&nbsp;Com_Lock_IIC_Read_Data_BS81X
<LI><a href="#[d2]">&gt;&gt;</a>&nbsp;&nbsp;&nbsp;Com_Lock_Update_LED
<LI><a href="#[ce]">&gt;&gt;</a>&nbsp;&nbsp;&nbsp;Com_Lock_IIC_Write_Byte
<LI><a href="#[cd]">&gt;&gt;</a>&nbsp;&nbsp;&nbsp;Com_Lock_IIC_Stop_Condition
<LI><a href="#[cb]">&gt;&gt;</a>&nbsp;&nbsp;&nbsp;Com_Lock_IIC_Start_Condition
<LI><a href="#[d8]">&gt;&gt;</a>&nbsp;&nbsp;&nbsp;Com_Lock_Speaker_Send_Byte
</UL>

<P><STRONG><a name="[b7]"></a>hardfault_print</STRONG> (Thumb, 212 bytes, Stack size 32 bytes, bx_dbg.o(HARDFAULT_CODE))
<BR><BR>[Stack]<UL><LI>Max Depth = 352<LI>Call Chain = hardfault_print &rArr; rtt_log &rArr; SEGGER_RTT_vprintf &rArr; _PrintInt &rArr; _PrintUnsigned &rArr; _StoreChar &rArr; SEGGER_RTT_Write &rArr; SEGGER_RTT_WriteNoLock &rArr; _WriteBlocking
</UL>
<BR>[Calls]<UL><LI><a href="#[b8]">&gt;&gt;</a>&nbsp;&nbsp;&nbsp;rtt_log
</UL>
<BR>[Called By]<UL><LI><a href="#[2]">&gt;&gt;</a>&nbsp;&nbsp;&nbsp;HardFault_Handler
</UL>

<P><STRONG><a name="[2]"></a>HardFault_Handler</STRONG> (Thumb, 30 bytes, Stack size 8 bytes, bx_dbg.o(HARDFAULT_CODE))
<BR><BR>[Stack]<UL><LI>Max Depth = 360<LI>Call Chain = HardFault_Handler &rArr; hardfault_print &rArr; rtt_log &rArr; SEGGER_RTT_vprintf &rArr; _PrintInt &rArr; _PrintUnsigned &rArr; _StoreChar &rArr; SEGGER_RTT_Write &rArr; SEGGER_RTT_WriteNoLock &rArr; _WriteBlocking
</UL>
<BR>[Calls]<UL><LI><a href="#[b9]">&gt;&gt;</a>&nbsp;&nbsp;&nbsp;hardfault_env_save
<LI><a href="#[b7]">&gt;&gt;</a>&nbsp;&nbsp;&nbsp;hardfault_print
</UL>
<BR>[Address Reference Count : 1]<UL><LI> startup_apollo_00.o(RESET)
</UL>
<P><STRONG><a name="[b9]"></a>hardfault_env_save</STRONG> (Thumb, 20 bytes, Stack size 0 bytes, bx_dbg_asm.o(HARDFAULT_CODE))
<BR><BR>[Called By]<UL><LI><a href="#[2]">&gt;&gt;</a>&nbsp;&nbsp;&nbsp;HardFault_Handler
</UL>

<P><STRONG><a name="[2d]"></a>rwip_assert_asm</STRONG> (Thumb, 10 bytes, Stack size 4 bytes, bx_dbg_asm.o(RWIP_ASSERT_ASM))
<BR><BR>[Stack]<UL><LI>Max Depth = 340<LI>Call Chain = rwip_assert_asm &rArr; rwip_assert_c &rArr; rtt_log &rArr; SEGGER_RTT_vprintf &rArr; _PrintInt &rArr; _PrintUnsigned &rArr; _StoreChar &rArr; SEGGER_RTT_Write &rArr; SEGGER_RTT_WriteNoLock &rArr; _WriteBlocking
</UL>
<BR>[Calls]<UL><LI><a href="#[ba]">&gt;&gt;</a>&nbsp;&nbsp;&nbsp;rwip_assert_c
</UL>
<BR>[Called By]<UL><LI><a href="#[1b4]">&gt;&gt;</a>&nbsp;&nbsp;&nbsp;rwip_sleep_lpcycles_2_us
<LI><a href="#[2c]">&gt;&gt;</a>&nbsp;&nbsp;&nbsp;lld_sleep_init
<LI><a href="#[1b3]">&gt;&gt;</a>&nbsp;&nbsp;&nbsp;lld_sleep_compensate
<LI><a href="#[160]">&gt;&gt;</a>&nbsp;&nbsp;&nbsp;ble_radiocntl1_pack
<LI><a href="#[236]">&gt;&gt;</a>&nbsp;&nbsp;&nbsp;rwip_sleep
<LI><a href="#[227]">&gt;&gt;</a>&nbsp;&nbsp;&nbsp;rwip_eif_get
</UL>
<BR>[Address Reference Count : 1]<UL><LI> jump_table.o(jump_table_area)
</UL>
<P><STRONG><a name="[bb]"></a>AdminSaveConfig</STRONG> (Thumb, 64 bytes, Stack size 24 bytes, user.o(i.AdminSaveConfig))
<BR><BR>[Stack]<UL><LI>Max Depth = 576<LI>Call Chain = AdminSaveConfig &rArr; FlashWriteAdminData &rArr; eflash_write &rArr; flash_program &rArr; flash_program_base &rArr; app_qspi_flash_program_wrapper &rArr; app_qspi_flash_program &rArr; qspi_std_byte_write_dma_start &rArr; app_dmac_start_wrapper &rArr; app_dmac_start &rArr; dmac_ch_alloc &rArr; __aeabi_assert &rArr; rtt_log &rArr; SEGGER_RTT_vprintf &rArr; _PrintInt &rArr; _PrintUnsigned &rArr; _StoreChar &rArr; SEGGER_RTT_Write &rArr; SEGGER_RTT_WriteNoLock &rArr; _WriteBlocking
</UL>
<BR>[Calls]<UL><LI><a href="#[bd]">&gt;&gt;</a>&nbsp;&nbsp;&nbsp;debugPrint
<LI><a href="#[bc]">&gt;&gt;</a>&nbsp;&nbsp;&nbsp;eflash_page_erase
<LI><a href="#[be]">&gt;&gt;</a>&nbsp;&nbsp;&nbsp;FlashWriteAdminData
</UL>
<BR>[Called By]<UL><LI><a href="#[3e]">&gt;&gt;</a>&nbsp;&nbsp;&nbsp;FrontAddAdmin
</UL>

<P><STRONG><a name="[7]"></a>BLE_LP_IRQHandler</STRONG> (Thumb, 8 bytes, Stack size 8 bytes, sys_sleep.o(i.BLE_LP_IRQHandler))
<BR><BR>[Stack]<UL><LI>Max Depth = 352<LI>Call Chain = BLE_LP_IRQHandler &rArr; ble_lp_isr_mp &rArr; clk_gate_awo &rArr; __aeabi_assert &rArr; rtt_log &rArr; SEGGER_RTT_vprintf &rArr; _PrintInt &rArr; _PrintUnsigned &rArr; _StoreChar &rArr; SEGGER_RTT_Write &rArr; SEGGER_RTT_WriteNoLock &rArr; _WriteBlocking
</UL>
<BR>[Calls]<UL><LI><a href="#[bf]">&gt;&gt;</a>&nbsp;&nbsp;&nbsp;ble_lp_isr_mp
</UL>
<BR>[Address Reference Count : 1]<UL><LI> startup_apollo_00.o(RESET)
</UL>
<P><STRONG><a name="[8]"></a>BLE_MAC_IRQHandler</STRONG> (Thumb, 18 bytes, Stack size 8 bytes, bx_rwble.o(i.BLE_MAC_IRQHandler))
<BR><BR>[Stack]<UL><LI>Max Depth = 408<LI>Call Chain = BLE_MAC_IRQHandler &rArr; msg2blestack_from_ISR &rArr; xQueueGenericSendFromISR &rArr; xTaskRemoveFromEventList &rArr; __aeabi_assert &rArr; rtt_log &rArr; SEGGER_RTT_vprintf &rArr; _PrintInt &rArr; _PrintUnsigned &rArr; _StoreChar &rArr; SEGGER_RTT_Write &rArr; SEGGER_RTT_WriteNoLock &rArr; _WriteBlocking
</UL>
<BR>[Calls]<UL><LI><a href="#[c0]">&gt;&gt;</a>&nbsp;&nbsp;&nbsp;rwble_isr
<LI><a href="#[c1]">&gt;&gt;</a>&nbsp;&nbsp;&nbsp;msg2blestack_from_ISR
</UL>
<BR>[Address Reference Count : 1]<UL><LI> startup_apollo_00.o(RESET)
</UL>
<P><STRONG><a name="[10e]"></a>ChangeNumtoString</STRONG> (Thumb, 58 bytes, Stack size 8 bytes, front.o(i.ChangeNumtoString))
<BR><BR>[Stack]<UL><LI>Max Depth = 8<LI>Call Chain = ChangeNumtoString
</UL>
<BR>[Called By]<UL><LI><a href="#[ec]">&gt;&gt;</a>&nbsp;&nbsp;&nbsp;UserFindKeyUser
<LI><a href="#[eb]">&gt;&gt;</a>&nbsp;&nbsp;&nbsp;UserFindAdmin
</UL>

<P><STRONG><a name="[fb]"></a>ChanneltoData</STRONG> (Thumb, 58 bytes, Stack size 16 bytes, common_lock_bs81x.o(i.ChanneltoData))
<BR><BR>[Stack]<UL><LI>Max Depth = 16<LI>Call Chain = ChanneltoData
</UL>
<BR>[Called By]<UL><LI><a href="#[41]">&gt;&gt;</a>&nbsp;&nbsp;&nbsp;Key_Int_Callback
</UL>

<P><STRONG><a name="[c2]"></a>CheckKey</STRONG> (Thumb, 58 bytes, Stack size 40 bytes, front.o(i.CheckKey))
<BR><BR>[Stack]<UL><LI>Max Depth = 40<LI>Call Chain = CheckKey
</UL>
<BR>[Calls]<UL><LI><a href="#[c3]">&gt;&gt;</a>&nbsp;&nbsp;&nbsp;memcmp
</UL>
<BR>[Called By]<UL><LI><a href="#[ec]">&gt;&gt;</a>&nbsp;&nbsp;&nbsp;UserFindKeyUser
<LI><a href="#[eb]">&gt;&gt;</a>&nbsp;&nbsp;&nbsp;UserFindAdmin
</UL>

<P><STRONG><a name="[cb]"></a>Com_Lock_IIC_Start_Condition</STRONG> (Thumb, 34 bytes, Stack size 8 bytes, common_lock_led.o(i.Com_Lock_IIC_Start_Condition))
<BR><BR>[Stack]<UL><LI>Max Depth = 16<LI>Call Chain = Com_Lock_IIC_Start_Condition &rArr; io_pin_set
</UL>
<BR>[Calls]<UL><LI><a href="#[c7]">&gt;&gt;</a>&nbsp;&nbsp;&nbsp;io_pin_set
<LI><a href="#[b6]">&gt;&gt;</a>&nbsp;&nbsp;&nbsp;bx_delay_asm
<LI><a href="#[c5]">&gt;&gt;</a>&nbsp;&nbsp;&nbsp;io_pin_clear
</UL>
<BR>[Called By]<UL><LI><a href="#[d2]">&gt;&gt;</a>&nbsp;&nbsp;&nbsp;Com_Lock_Update_LED
</UL>

<P><STRONG><a name="[cd]"></a>Com_Lock_IIC_Stop_Condition</STRONG> (Thumb, 40 bytes, Stack size 8 bytes, common_lock_led.o(i.Com_Lock_IIC_Stop_Condition))
<BR><BR>[Stack]<UL><LI>Max Depth = 16<LI>Call Chain = Com_Lock_IIC_Stop_Condition &rArr; io_pin_set
</UL>
<BR>[Calls]<UL><LI><a href="#[c7]">&gt;&gt;</a>&nbsp;&nbsp;&nbsp;io_pin_set
<LI><a href="#[b6]">&gt;&gt;</a>&nbsp;&nbsp;&nbsp;bx_delay_asm
<LI><a href="#[c5]">&gt;&gt;</a>&nbsp;&nbsp;&nbsp;io_pin_clear
</UL>
<BR>[Called By]<UL><LI><a href="#[d2]">&gt;&gt;</a>&nbsp;&nbsp;&nbsp;Com_Lock_Update_LED
</UL>

<P><STRONG><a name="[ce]"></a>Com_Lock_IIC_Write_Byte</STRONG> (Thumb, 126 bytes, Stack size 24 bytes, common_lock_led.o(i.Com_Lock_IIC_Write_Byte))
<BR><BR>[Stack]<UL><LI>Max Depth = 40<LI>Call Chain = Com_Lock_IIC_Write_Byte &rArr; io_cfg_output &rArr; sysctrl_io_config_mask
</UL>
<BR>[Calls]<UL><LI><a href="#[c7]">&gt;&gt;</a>&nbsp;&nbsp;&nbsp;io_pin_set
<LI><a href="#[c9]">&gt;&gt;</a>&nbsp;&nbsp;&nbsp;io_cfg_output
<LI><a href="#[b6]">&gt;&gt;</a>&nbsp;&nbsp;&nbsp;bx_delay_asm
<LI><a href="#[c5]">&gt;&gt;</a>&nbsp;&nbsp;&nbsp;io_pin_clear
<LI><a href="#[c6]">&gt;&gt;</a>&nbsp;&nbsp;&nbsp;io_cfg_input
</UL>
<BR>[Called By]<UL><LI><a href="#[d2]">&gt;&gt;</a>&nbsp;&nbsp;&nbsp;Com_Lock_Update_LED
</UL>

<P><STRONG><a name="[d1]"></a>Com_Lock_Init_LED</STRONG> (Thumb, 44 bytes, Stack size 16 bytes, common_lock_led.o(i.Com_Lock_Init_LED))
<BR><BR>[Stack]<UL><LI>Max Depth = 64<LI>Call Chain = Com_Lock_Init_LED &rArr; Com_Lock_Update_LED &rArr; Com_Lock_IIC_Write_Byte &rArr; io_cfg_output &rArr; sysctrl_io_config_mask
</UL>
<BR>[Calls]<UL><LI><a href="#[d2]">&gt;&gt;</a>&nbsp;&nbsp;&nbsp;Com_Lock_Update_LED
<LI><a href="#[d3]">&gt;&gt;</a>&nbsp;&nbsp;&nbsp;timerDelayMs
</UL>
<BR>[Called By]<UL><LI><a href="#[59]">&gt;&gt;</a>&nbsp;&nbsp;&nbsp;test_task
</UL>

<P><STRONG><a name="[d4]"></a>Com_Lock_Init_Mfrc</STRONG> (Thumb, 40 bytes, Stack size 8 bytes, common_lock_mfrc.o(i.Com_Lock_Init_Mfrc))
<BR><BR>[Stack]<UL><LI>Max Depth = 24<LI>Call Chain = Com_Lock_Init_Mfrc &rArr; io_cfg_output &rArr; sysctrl_io_config_mask
</UL>
<BR>[Calls]<UL><LI><a href="#[c7]">&gt;&gt;</a>&nbsp;&nbsp;&nbsp;io_pin_set
<LI><a href="#[c9]">&gt;&gt;</a>&nbsp;&nbsp;&nbsp;io_cfg_output
</UL>
<BR>[Called By]<UL><LI><a href="#[59]">&gt;&gt;</a>&nbsp;&nbsp;&nbsp;test_task
</UL>

<P><STRONG><a name="[d5]"></a>Com_Lock_Init_Sensor</STRONG> (Thumb, 8 bytes, Stack size 8 bytes, common_lock_sensor3403.o(i.Com_Lock_Init_Sensor))
<BR><BR>[Stack]<UL><LI>Max Depth = 376<LI>Call Chain = Com_Lock_Init_Sensor &rArr; Init_SensorTouch &rArr; io_ext_int_en &rArr; ext_int_idx_get &rArr; rtt_log &rArr; SEGGER_RTT_vprintf &rArr; _PrintInt &rArr; _PrintUnsigned &rArr; _StoreChar &rArr; SEGGER_RTT_Write &rArr; SEGGER_RTT_WriteNoLock &rArr; _WriteBlocking
</UL>
<BR>[Calls]<UL><LI><a href="#[d6]">&gt;&gt;</a>&nbsp;&nbsp;&nbsp;Init_SensorTouch
</UL>
<BR>[Called By]<UL><LI><a href="#[59]">&gt;&gt;</a>&nbsp;&nbsp;&nbsp;test_task
</UL>

<P><STRONG><a name="[d7]"></a>Com_Lock_Init_Speaker</STRONG> (Thumb, 22 bytes, Stack size 8 bytes, common_lock_speaker.o(i.Com_Lock_Init_Speaker))
<BR><BR>[Stack]<UL><LI>Max Depth = 48<LI>Call Chain = Com_Lock_Init_Speaker &rArr; Com_Lock_Speaker_Send_Byte &rArr; io_cfg_output &rArr; sysctrl_io_config_mask
</UL>
<BR>[Calls]<UL><LI><a href="#[d8]">&gt;&gt;</a>&nbsp;&nbsp;&nbsp;Com_Lock_Speaker_Send_Byte
</UL>
<BR>[Called By]<UL><LI><a href="#[59]">&gt;&gt;</a>&nbsp;&nbsp;&nbsp;test_task
</UL>

<P><STRONG><a name="[d9]"></a>Com_Lock_Init_bs81x</STRONG> (Thumb, 200 bytes, Stack size 16 bytes, common_lock_bs81x.o(i.Com_Lock_Init_bs81x))
<BR><BR>[Stack]<UL><LI>Max Depth = 384<LI>Call Chain = Com_Lock_Init_bs81x &rArr; Init_KeyTouch &rArr; io_ext_int_en &rArr; ext_int_idx_get &rArr; rtt_log &rArr; SEGGER_RTT_vprintf &rArr; _PrintInt &rArr; _PrintUnsigned &rArr; _StoreChar &rArr; SEGGER_RTT_Write &rArr; SEGGER_RTT_WriteNoLock &rArr; _WriteBlocking
</UL>
<BR>[Calls]<UL><LI><a href="#[da]">&gt;&gt;</a>&nbsp;&nbsp;&nbsp;__aeabi_memclr
<LI><a href="#[db]">&gt;&gt;</a>&nbsp;&nbsp;&nbsp;Init_KeyTouch
<LI><a href="#[d0]">&gt;&gt;</a>&nbsp;&nbsp;&nbsp;Com_Lock_IIC_Write_Data_BS81X_AddrRead
<LI><a href="#[cf]">&gt;&gt;</a>&nbsp;&nbsp;&nbsp;Com_Lock_IIC_Write_Data_BS81X
<LI><a href="#[cc]">&gt;&gt;</a>&nbsp;&nbsp;&nbsp;Com_Lock_IIC_Stop_BS81X
<LI><a href="#[ca]">&gt;&gt;</a>&nbsp;&nbsp;&nbsp;Com_Lock_IIC_Start_BS81X
<LI><a href="#[c4]">&gt;&gt;</a>&nbsp;&nbsp;&nbsp;Com_Lock_IIC_Read_Data_BS81X
</UL>
<BR>[Called By]<UL><LI><a href="#[59]">&gt;&gt;</a>&nbsp;&nbsp;&nbsp;test_task
</UL>

<P><STRONG><a name="[d8]"></a>Com_Lock_Speaker_Send_Byte</STRONG> (Thumb, 96 bytes, Stack size 24 bytes, common_lock_speaker.o(i.Com_Lock_Speaker_Send_Byte))
<BR><BR>[Stack]<UL><LI>Max Depth = 40<LI>Call Chain = Com_Lock_Speaker_Send_Byte &rArr; io_cfg_output &rArr; sysctrl_io_config_mask
</UL>
<BR>[Calls]<UL><LI><a href="#[c7]">&gt;&gt;</a>&nbsp;&nbsp;&nbsp;io_pin_set
<LI><a href="#[c9]">&gt;&gt;</a>&nbsp;&nbsp;&nbsp;io_cfg_output
<LI><a href="#[b6]">&gt;&gt;</a>&nbsp;&nbsp;&nbsp;bx_delay_asm
<LI><a href="#[c5]">&gt;&gt;</a>&nbsp;&nbsp;&nbsp;io_pin_clear
</UL>
<BR>[Called By]<UL><LI><a href="#[d7]">&gt;&gt;</a>&nbsp;&nbsp;&nbsp;Com_Lock_Init_Speaker
</UL>

<P><STRONG><a name="[d2]"></a>Com_Lock_Update_LED</STRONG> (Thumb, 50 bytes, Stack size 8 bytes, common_lock_led.o(i.Com_Lock_Update_LED))
<BR><BR>[Stack]<UL><LI>Max Depth = 48<LI>Call Chain = Com_Lock_Update_LED &rArr; Com_Lock_IIC_Write_Byte &rArr; io_cfg_output &rArr; sysctrl_io_config_mask
</UL>
<BR>[Calls]<UL><LI><a href="#[b6]">&gt;&gt;</a>&nbsp;&nbsp;&nbsp;bx_delay_asm
<LI><a href="#[ce]">&gt;&gt;</a>&nbsp;&nbsp;&nbsp;Com_Lock_IIC_Write_Byte
<LI><a href="#[cd]">&gt;&gt;</a>&nbsp;&nbsp;&nbsp;Com_Lock_IIC_Stop_Condition
<LI><a href="#[cb]">&gt;&gt;</a>&nbsp;&nbsp;&nbsp;Com_Lock_IIC_Start_Condition
</UL>
<BR>[Called By]<UL><LI><a href="#[d1]">&gt;&gt;</a>&nbsp;&nbsp;&nbsp;Com_Lock_Init_LED
</UL>

<P><STRONG><a name="[c]"></a>DMAC_IRQHandler</STRONG> (Thumb, 12 bytes, Stack size 8 bytes, dmac_integration.o(i.DMAC_IRQHandler))
<BR><BR>[Stack]<UL><LI>Max Depth = 360<LI>Call Chain = DMAC_IRQHandler &rArr; app_dmac_isr &rArr; __aeabi_assert &rArr; rtt_log &rArr; SEGGER_RTT_vprintf &rArr; _PrintInt &rArr; _PrintUnsigned &rArr; _StoreChar &rArr; SEGGER_RTT_Write &rArr; SEGGER_RTT_WriteNoLock &rArr; _WriteBlocking
</UL>
<BR>[Calls]<UL><LI><a href="#[dc]">&gt;&gt;</a>&nbsp;&nbsp;&nbsp;app_dmac_isr
</UL>
<BR>[Address Reference Count : 1]<UL><LI> startup_apollo_00.o(RESET)
</UL>
<P><STRONG><a name="[b]"></a>ECC_IRQHandler</STRONG> (Thumb, 12 bytes, Stack size 8 bytes, hwecc_integration.o(i.ECC_IRQHandler))
<BR><BR>[Stack]<UL><LI>Max Depth = 400<LI>Call Chain = ECC_IRQHandler &rArr; app_hwecc_isr &rArr; hwecc_calculate_start &rArr; mem_to_reg &rArr; __aeabi_assert &rArr; rtt_log &rArr; SEGGER_RTT_vprintf &rArr; _PrintInt &rArr; _PrintUnsigned &rArr; _StoreChar &rArr; SEGGER_RTT_Write &rArr; SEGGER_RTT_WriteNoLock &rArr; _WriteBlocking
</UL>
<BR>[Calls]<UL><LI><a href="#[dd]">&gt;&gt;</a>&nbsp;&nbsp;&nbsp;app_hwecc_isr
</UL>
<BR>[Address Reference Count : 1]<UL><LI> startup_apollo_00.o(RESET)
</UL>
<P><STRONG><a name="[a]"></a>EXT_INTR_IRQHandler</STRONG> (Thumb, 56 bytes, Stack size 24 bytes, io_ctrl.o(i.EXT_INTR_IRQHandler))
<BR><BR>[Stack]<UL><LI>Max Depth = 24<LI>Call Chain = EXT_INTR_IRQHandler
</UL>
<BR>[Address Reference Count : 1]<UL><LI> startup_apollo_00.o(RESET)
</UL>
<P><STRONG><a name="[de]"></a>FlashReadAdminData</STRONG> (Thumb, 18 bytes, Stack size 8 bytes, user.o(i.FlashReadAdminData))
<BR><BR>[Stack]<UL><LI>Max Depth = 496<LI>Call Chain = FlashReadAdminData &rArr; flash_read &rArr; app_qspi_std_read_wrapper &rArr; app_qspi_std_read &rArr; app_dmac_start_wrapper &rArr; app_dmac_start &rArr; dmac_ch_alloc &rArr; __aeabi_assert &rArr; rtt_log &rArr; SEGGER_RTT_vprintf &rArr; _PrintInt &rArr; _PrintUnsigned &rArr; _StoreChar &rArr; SEGGER_RTT_Write &rArr; SEGGER_RTT_WriteNoLock &rArr; _WriteBlocking
</UL>
<BR>[Calls]<UL><LI><a href="#[45]">&gt;&gt;</a>&nbsp;&nbsp;&nbsp;flash_read
</UL>
<BR>[Called By]<UL><LI><a href="#[f1]">&gt;&gt;</a>&nbsp;&nbsp;&nbsp;UserInit
<LI><a href="#[eb]">&gt;&gt;</a>&nbsp;&nbsp;&nbsp;UserFindAdmin
</UL>

<P><STRONG><a name="[df]"></a>FlashReadRfid</STRONG> (Thumb, 26 bytes, Stack size 8 bytes, user.o(i.FlashReadRfid))
<BR><BR>[Stack]<UL><LI>Max Depth = 496<LI>Call Chain = FlashReadRfid &rArr; flash_read &rArr; app_qspi_std_read_wrapper &rArr; app_qspi_std_read &rArr; app_dmac_start_wrapper &rArr; app_dmac_start &rArr; dmac_ch_alloc &rArr; __aeabi_assert &rArr; rtt_log &rArr; SEGGER_RTT_vprintf &rArr; _PrintInt &rArr; _PrintUnsigned &rArr; _StoreChar &rArr; SEGGER_RTT_Write &rArr; SEGGER_RTT_WriteNoLock &rArr; _WriteBlocking
</UL>
<BR>[Calls]<UL><LI><a href="#[45]">&gt;&gt;</a>&nbsp;&nbsp;&nbsp;flash_read
</UL>
<BR>[Called By]<UL><LI><a href="#[f1]">&gt;&gt;</a>&nbsp;&nbsp;&nbsp;UserInit
<LI><a href="#[ea]">&gt;&gt;</a>&nbsp;&nbsp;&nbsp;UserFindRfid
</UL>

<P><STRONG><a name="[e0]"></a>FlashReadUserData</STRONG> (Thumb, 20 bytes, Stack size 8 bytes, user.o(i.FlashReadUserData))
<BR><BR>[Stack]<UL><LI>Max Depth = 496<LI>Call Chain = FlashReadUserData &rArr; flash_read &rArr; app_qspi_std_read_wrapper &rArr; app_qspi_std_read &rArr; app_dmac_start_wrapper &rArr; app_dmac_start &rArr; dmac_ch_alloc &rArr; __aeabi_assert &rArr; rtt_log &rArr; SEGGER_RTT_vprintf &rArr; _PrintInt &rArr; _PrintUnsigned &rArr; _StoreChar &rArr; SEGGER_RTT_Write &rArr; SEGGER_RTT_WriteNoLock &rArr; _WriteBlocking
</UL>
<BR>[Calls]<UL><LI><a href="#[45]">&gt;&gt;</a>&nbsp;&nbsp;&nbsp;flash_read
</UL>
<BR>[Called By]<UL><LI><a href="#[f1]">&gt;&gt;</a>&nbsp;&nbsp;&nbsp;UserInit
<LI><a href="#[ec]">&gt;&gt;</a>&nbsp;&nbsp;&nbsp;UserFindKeyUser
</UL>

<P><STRONG><a name="[be]"></a>FlashWriteAdminData</STRONG> (Thumb, 18 bytes, Stack size 8 bytes, user.o(i.FlashWriteAdminData))
<BR><BR>[Stack]<UL><LI>Max Depth = 552<LI>Call Chain = FlashWriteAdminData &rArr; eflash_write &rArr; flash_program &rArr; flash_program_base &rArr; app_qspi_flash_program_wrapper &rArr; app_qspi_flash_program &rArr; qspi_std_byte_write_dma_start &rArr; app_dmac_start_wrapper &rArr; app_dmac_start &rArr; dmac_ch_alloc &rArr; __aeabi_assert &rArr; rtt_log &rArr; SEGGER_RTT_vprintf &rArr; _PrintInt &rArr; _PrintUnsigned &rArr; _StoreChar &rArr; SEGGER_RTT_Write &rArr; SEGGER_RTT_WriteNoLock &rArr; _WriteBlocking
</UL>
<BR>[Calls]<UL><LI><a href="#[e1]">&gt;&gt;</a>&nbsp;&nbsp;&nbsp;eflash_write
</UL>
<BR>[Called By]<UL><LI><a href="#[bb]">&gt;&gt;</a>&nbsp;&nbsp;&nbsp;AdminSaveConfig
</UL>

<P><STRONG><a name="[e2]"></a>FlashWriteUserData</STRONG> (Thumb, 20 bytes, Stack size 8 bytes, user.o(i.FlashWriteUserData))
<BR><BR>[Stack]<UL><LI>Max Depth = 552<LI>Call Chain = FlashWriteUserData &rArr; eflash_write &rArr; flash_program &rArr; flash_program_base &rArr; app_qspi_flash_program_wrapper &rArr; app_qspi_flash_program &rArr; qspi_std_byte_write_dma_start &rArr; app_dmac_start_wrapper &rArr; app_dmac_start &rArr; dmac_ch_alloc &rArr; __aeabi_assert &rArr; rtt_log &rArr; SEGGER_RTT_vprintf &rArr; _PrintInt &rArr; _PrintUnsigned &rArr; _StoreChar &rArr; SEGGER_RTT_Write &rArr; SEGGER_RTT_WriteNoLock &rArr; _WriteBlocking
</UL>
<BR>[Calls]<UL><LI><a href="#[e1]">&gt;&gt;</a>&nbsp;&nbsp;&nbsp;eflash_write
</UL>
<BR>[Called By]<UL><LI><a href="#[e7]">&gt;&gt;</a>&nbsp;&nbsp;&nbsp;UserSaveConfig
</UL>

<P><STRONG><a name="[f5]"></a>FrontGetConfigKey</STRONG> (Thumb, 6 bytes, Stack size 0 bytes, hardware.o(i.FrontGetConfigKey))
<BR><BR>[Called By]<UL><LI><a href="#[f4]">&gt;&gt;</a>&nbsp;&nbsp;&nbsp;FrontTask
</UL>

<P><STRONG><a name="[e8]"></a>FrontGetFingerTouch</STRONG> (Thumb, 6 bytes, Stack size 0 bytes, hardware.o(i.FrontGetFingerTouch))
<BR><BR>[Called By]<UL><LI><a href="#[32]">&gt;&gt;</a>&nbsp;&nbsp;&nbsp;FrontSleep
<LI><a href="#[38]">&gt;&gt;</a>&nbsp;&nbsp;&nbsp;FrontAwake
</UL>

<P><STRONG><a name="[e3]"></a>FrontGetKey</STRONG> (Thumb, 6 bytes, Stack size 0 bytes, hardware.o(i.FrontGetKey))
<BR><BR>[Called By]<UL><LI><a href="#[3b]">&gt;&gt;</a>&nbsp;&nbsp;&nbsp;FrontVerifyAdmin
<LI><a href="#[3c]">&gt;&gt;</a>&nbsp;&nbsp;&nbsp;FrontMenuTop
<LI><a href="#[3d]">&gt;&gt;</a>&nbsp;&nbsp;&nbsp;FrontMenuDeleteUser
<LI><a href="#[33]">&gt;&gt;</a>&nbsp;&nbsp;&nbsp;FrontMenuAddUser
<LI><a href="#[3f]">&gt;&gt;</a>&nbsp;&nbsp;&nbsp;FrontDeleteAllUser
<LI><a href="#[38]">&gt;&gt;</a>&nbsp;&nbsp;&nbsp;FrontAwake
<LI><a href="#[3a]">&gt;&gt;</a>&nbsp;&nbsp;&nbsp;FrontAlarm
<LI><a href="#[34]">&gt;&gt;</a>&nbsp;&nbsp;&nbsp;FrontAddNormalUser
<LI><a href="#[35]">&gt;&gt;</a>&nbsp;&nbsp;&nbsp;FrontAddNormalKeyUser
<LI><a href="#[3e]">&gt;&gt;</a>&nbsp;&nbsp;&nbsp;FrontAddAdmin
</UL>

<P><STRONG><a name="[f2]"></a>FrontGetKeyTouch</STRONG> (Thumb, 6 bytes, Stack size 0 bytes, hardware.o(i.FrontGetKeyTouch))
<BR><BR>[Called By]<UL><LI><a href="#[32]">&gt;&gt;</a>&nbsp;&nbsp;&nbsp;FrontSleep
</UL>

<P><STRONG><a name="[e9]"></a>FrontGetRfid</STRONG> (Thumb, 6 bytes, Stack size 0 bytes, hardware.o(i.FrontGetRfid))
<BR><BR>[Called By]<UL><LI><a href="#[38]">&gt;&gt;</a>&nbsp;&nbsp;&nbsp;FrontAwake
</UL>

<P><STRONG><a name="[f0]"></a>FrontInit</STRONG> (Thumb, 20 bytes, Stack size 8 bytes, front.o(i.FrontInit))
<BR><BR>[Stack]<UL><LI>Max Depth = 536<LI>Call Chain = FrontInit &rArr; UserInit &rArr; FlashReadUserData &rArr; flash_read &rArr; app_qspi_std_read_wrapper &rArr; app_qspi_std_read &rArr; app_dmac_start_wrapper &rArr; app_dmac_start &rArr; dmac_ch_alloc &rArr; __aeabi_assert &rArr; rtt_log &rArr; SEGGER_RTT_vprintf &rArr; _PrintInt &rArr; _PrintUnsigned &rArr; _StoreChar &rArr; SEGGER_RTT_Write &rArr; SEGGER_RTT_WriteNoLock &rArr; _WriteBlocking
</UL>
<BR>[Calls]<UL><LI><a href="#[f1]">&gt;&gt;</a>&nbsp;&nbsp;&nbsp;UserInit
</UL>
<BR>[Called By]<UL><LI><a href="#[f7]">&gt;&gt;</a>&nbsp;&nbsp;&nbsp;HardwareInputInit
</UL>

<P><STRONG><a name="[f4]"></a>FrontTask</STRONG> (Thumb, 106 bytes, Stack size 16 bytes, front.o(i.FrontTask))
<BR><BR>[Stack]<UL><LI>Max Depth = 24<LI>Call Chain = FrontTask &rArr; FrontCalcElapsed
</UL>
<BR>[Calls]<UL><LI><a href="#[e4]">&gt;&gt;</a>&nbsp;&nbsp;&nbsp;systemTick
<LI><a href="#[f5]">&gt;&gt;</a>&nbsp;&nbsp;&nbsp;FrontGetConfigKey
<LI><a href="#[e6]">&gt;&gt;</a>&nbsp;&nbsp;&nbsp;FrontCalcElapsed
</UL>
<BR>[Called By]<UL><LI><a href="#[5b]">&gt;&gt;</a>&nbsp;&nbsp;&nbsp;app_task
</UL>

<P><STRONG><a name="[15]"></a>GPIO_IRQHandler</STRONG> (Thumb, 12 bytes, Stack size 8 bytes, gpio_integration.o(i.GPIO_IRQHandler))
<BR><BR>[Stack]<UL><LI>Max Depth = 24<LI>Call Chain = GPIO_IRQHandler &rArr; app_gpio_isr
</UL>
<BR>[Calls]<UL><LI><a href="#[f6]">&gt;&gt;</a>&nbsp;&nbsp;&nbsp;app_gpio_isr
</UL>
<BR>[Address Reference Count : 1]<UL><LI> startup_apollo_00.o(RESET)
</UL>
<P><STRONG><a name="[f7]"></a>HardwareInputInit</STRONG> (Thumb, 32 bytes, Stack size 8 bytes, hardware.o(i.HardwareInputInit))
<BR><BR>[Stack]<UL><LI>Max Depth = 544<LI>Call Chain = HardwareInputInit &rArr; FrontInit &rArr; UserInit &rArr; FlashReadUserData &rArr; flash_read &rArr; app_qspi_std_read_wrapper &rArr; app_qspi_std_read &rArr; app_dmac_start_wrapper &rArr; app_dmac_start &rArr; dmac_ch_alloc &rArr; __aeabi_assert &rArr; rtt_log &rArr; SEGGER_RTT_vprintf &rArr; _PrintInt &rArr; _PrintUnsigned &rArr; _StoreChar &rArr; SEGGER_RTT_Write &rArr; SEGGER_RTT_WriteNoLock &rArr; _WriteBlocking
</UL>
<BR>[Calls]<UL><LI><a href="#[f0]">&gt;&gt;</a>&nbsp;&nbsp;&nbsp;FrontInit
</UL>
<BR>[Called By]<UL><LI><a href="#[59]">&gt;&gt;</a>&nbsp;&nbsp;&nbsp;test_task
</UL>

<P><STRONG><a name="[13]"></a>IIC0_IRQHandler</STRONG> (Thumb, 12 bytes, Stack size 8 bytes, iic_integration.o(i.IIC0_IRQHandler))
<BR><BR>[Stack]<UL><LI>Max Depth = 400<LI>Call Chain = IIC0_IRQHandler &rArr; app_iic_isr &rArr; iic_tx_empty_isr &rArr; iic_tx_complete &rArr; __aeabi_assert &rArr; rtt_log &rArr; SEGGER_RTT_vprintf &rArr; _PrintInt &rArr; _PrintUnsigned &rArr; _StoreChar &rArr; SEGGER_RTT_Write &rArr; SEGGER_RTT_WriteNoLock &rArr; _WriteBlocking
</UL>
<BR>[Calls]<UL><LI><a href="#[f8]">&gt;&gt;</a>&nbsp;&nbsp;&nbsp;app_iic_isr
</UL>
<BR>[Address Reference Count : 1]<UL><LI> startup_apollo_00.o(RESET)
</UL>
<P><STRONG><a name="[14]"></a>IIC1_IRQHandler</STRONG> (Thumb, 12 bytes, Stack size 8 bytes, iic_integration.o(i.IIC1_IRQHandler))
<BR><BR>[Stack]<UL><LI>Max Depth = 400<LI>Call Chain = IIC1_IRQHandler &rArr; app_iic_isr &rArr; iic_tx_empty_isr &rArr; iic_tx_complete &rArr; __aeabi_assert &rArr; rtt_log &rArr; SEGGER_RTT_vprintf &rArr; _PrintInt &rArr; _PrintUnsigned &rArr; _StoreChar &rArr; SEGGER_RTT_Write &rArr; SEGGER_RTT_WriteNoLock &rArr; _WriteBlocking
</UL>
<BR>[Calls]<UL><LI><a href="#[f8]">&gt;&gt;</a>&nbsp;&nbsp;&nbsp;app_iic_isr
</UL>
<BR>[Address Reference Count : 1]<UL><LI> startup_apollo_00.o(RESET)
</UL>
<P><STRONG><a name="[db]"></a>Init_KeyTouch</STRONG> (Thumb, 28 bytes, Stack size 8 bytes, common_lock_bs81x.o(i.Init_KeyTouch))
<BR><BR>[Stack]<UL><LI>Max Depth = 368<LI>Call Chain = Init_KeyTouch &rArr; io_ext_int_en &rArr; ext_int_idx_get &rArr; rtt_log &rArr; SEGGER_RTT_vprintf &rArr; _PrintInt &rArr; _PrintUnsigned &rArr; _StoreChar &rArr; SEGGER_RTT_Write &rArr; SEGGER_RTT_WriteNoLock &rArr; _WriteBlocking
</UL>
<BR>[Calls]<UL><LI><a href="#[fa]">&gt;&gt;</a>&nbsp;&nbsp;&nbsp;io_ext_int_en
<LI><a href="#[f9]">&gt;&gt;</a>&nbsp;&nbsp;&nbsp;io_ext_int_cfg
</UL>
<BR>[Called By]<UL><LI><a href="#[d9]">&gt;&gt;</a>&nbsp;&nbsp;&nbsp;Com_Lock_Init_bs81x
</UL>

<P><STRONG><a name="[d6]"></a>Init_SensorTouch</STRONG> (Thumb, 28 bytes, Stack size 8 bytes, common_lock_sensor3403.o(i.Init_SensorTouch))
<BR><BR>[Stack]<UL><LI>Max Depth = 368<LI>Call Chain = Init_SensorTouch &rArr; io_ext_int_en &rArr; ext_int_idx_get &rArr; rtt_log &rArr; SEGGER_RTT_vprintf &rArr; _PrintInt &rArr; _PrintUnsigned &rArr; _StoreChar &rArr; SEGGER_RTT_Write &rArr; SEGGER_RTT_WriteNoLock &rArr; _WriteBlocking
</UL>
<BR>[Calls]<UL><LI><a href="#[fa]">&gt;&gt;</a>&nbsp;&nbsp;&nbsp;io_ext_int_en
<LI><a href="#[f9]">&gt;&gt;</a>&nbsp;&nbsp;&nbsp;io_ext_int_cfg
</UL>
<BR>[Called By]<UL><LI><a href="#[d5]">&gt;&gt;</a>&nbsp;&nbsp;&nbsp;Com_Lock_Init_Sensor
</UL>

<P><STRONG><a name="[41]"></a>Key_Int_Callback</STRONG> (Thumb, 140 bytes, Stack size 16 bytes, common_lock_bs81x.o(i.Key_Int_Callback))
<BR><BR>[Stack]<UL><LI>Max Depth = 376<LI>Call Chain = Key_Int_Callback &rArr; io_ext_int_en &rArr; ext_int_idx_get &rArr; rtt_log &rArr; SEGGER_RTT_vprintf &rArr; _PrintInt &rArr; _PrintUnsigned &rArr; _StoreChar &rArr; SEGGER_RTT_Write &rArr; SEGGER_RTT_WriteNoLock &rArr; _WriteBlocking
</UL>
<BR>[Calls]<UL><LI><a href="#[fa]">&gt;&gt;</a>&nbsp;&nbsp;&nbsp;io_ext_int_en
<LI><a href="#[f9]">&gt;&gt;</a>&nbsp;&nbsp;&nbsp;io_ext_int_cfg
<LI><a href="#[fb]">&gt;&gt;</a>&nbsp;&nbsp;&nbsp;ChanneltoData
<LI><a href="#[d0]">&gt;&gt;</a>&nbsp;&nbsp;&nbsp;Com_Lock_IIC_Write_Data_BS81X_AddrRead
<LI><a href="#[cf]">&gt;&gt;</a>&nbsp;&nbsp;&nbsp;Com_Lock_IIC_Write_Data_BS81X
<LI><a href="#[cc]">&gt;&gt;</a>&nbsp;&nbsp;&nbsp;Com_Lock_IIC_Stop_BS81X
<LI><a href="#[ca]">&gt;&gt;</a>&nbsp;&nbsp;&nbsp;Com_Lock_IIC_Start_BS81X
<LI><a href="#[c4]">&gt;&gt;</a>&nbsp;&nbsp;&nbsp;Com_Lock_IIC_Read_Data_BS81X
</UL>
<BR>[Address Reference Count : 2]<UL><LI> common_lock_bs81x.o(i.Init_KeyTouch)
<LI> common_lock_bs81x.o(i.Key_Int_Callback)
</UL>
<P><STRONG><a name="[9]"></a>RTC_IRQHandler</STRONG> (Thumb, 8 bytes, Stack size 8 bytes, task_init.o(i.RTC_IRQHandler))
<BR><BR>[Stack]<UL><LI>Max Depth = 392<LI>Call Chain = RTC_IRQHandler &rArr; vPortOSTick_IRQ &rArr; xPortSysTickHandler &rArr; xTaskIncrementTick &rArr; __aeabi_assert &rArr; rtt_log &rArr; SEGGER_RTT_vprintf &rArr; _PrintInt &rArr; _PrintUnsigned &rArr; _StoreChar &rArr; SEGGER_RTT_Write &rArr; SEGGER_RTT_WriteNoLock &rArr; _WriteBlocking
</UL>
<BR>[Calls]<UL><LI><a href="#[fc]">&gt;&gt;</a>&nbsp;&nbsp;&nbsp;vPortOSTick_IRQ
</UL>
<BR>[Address Reference Count : 1]<UL><LI> startup_apollo_00.o(RESET)
</UL>
<P><STRONG><a name="[fd]"></a>SEGGER_RTT_Init</STRONG> (Thumb, 16 bytes, Stack size 8 bytes, segger_rtt.o(i.SEGGER_RTT_Init))
<BR><BR>[Stack]<UL><LI>Max Depth = 16<LI>Call Chain = SEGGER_RTT_Init &rArr; _DoInit
</UL>
<BR>[Calls]<UL><LI><a href="#[fe]">&gt;&gt;</a>&nbsp;&nbsp;&nbsp;_DoInit
</UL>
<BR>[Called By]<UL><LI><a href="#[1bd]">&gt;&gt;</a>&nbsp;&nbsp;&nbsp;soc_initialize
</UL>

<P><STRONG><a name="[ff]"></a>SEGGER_RTT_SetTerminal</STRONG> (Thumb, 96 bytes, Stack size 24 bytes, segger_rtt.o(i.SEGGER_RTT_SetTerminal))
<BR><BR>[Stack]<UL><LI>Max Depth = 64<LI>Call Chain = SEGGER_RTT_SetTerminal &rArr; _WriteBlocking
</UL>
<BR>[Calls]<UL><LI><a href="#[101]">&gt;&gt;</a>&nbsp;&nbsp;&nbsp;_WriteNoCheck
<LI><a href="#[102]">&gt;&gt;</a>&nbsp;&nbsp;&nbsp;_WriteBlocking
<LI><a href="#[100]">&gt;&gt;</a>&nbsp;&nbsp;&nbsp;_GetAvailWriteSpace
<LI><a href="#[fe]">&gt;&gt;</a>&nbsp;&nbsp;&nbsp;_DoInit
</UL>
<BR>[Called By]<UL><LI><a href="#[b8]">&gt;&gt;</a>&nbsp;&nbsp;&nbsp;rtt_log
</UL>

<P><STRONG><a name="[103]"></a>SEGGER_RTT_Write</STRONG> (Thumb, 32 bytes, Stack size 16 bytes, segger_rtt.o(i.SEGGER_RTT_Write))
<BR><BR>[Stack]<UL><LI>Max Depth = 72<LI>Call Chain = SEGGER_RTT_Write &rArr; SEGGER_RTT_WriteNoLock &rArr; _WriteBlocking
</UL>
<BR>[Calls]<UL><LI><a href="#[104]">&gt;&gt;</a>&nbsp;&nbsp;&nbsp;SEGGER_RTT_WriteNoLock
<LI><a href="#[fe]">&gt;&gt;</a>&nbsp;&nbsp;&nbsp;_DoInit
</UL>
<BR>[Called By]<UL><LI><a href="#[105]">&gt;&gt;</a>&nbsp;&nbsp;&nbsp;SEGGER_RTT_vprintf
<LI><a href="#[106]">&gt;&gt;</a>&nbsp;&nbsp;&nbsp;_StoreChar
</UL>

<P><STRONG><a name="[104]"></a>SEGGER_RTT_WriteNoLock</STRONG> (Thumb, 86 bytes, Stack size 16 bytes, segger_rtt.o(i.SEGGER_RTT_WriteNoLock))
<BR><BR>[Stack]<UL><LI>Max Depth = 56<LI>Call Chain = SEGGER_RTT_WriteNoLock &rArr; _WriteBlocking
</UL>
<BR>[Calls]<UL><LI><a href="#[101]">&gt;&gt;</a>&nbsp;&nbsp;&nbsp;_WriteNoCheck
<LI><a href="#[102]">&gt;&gt;</a>&nbsp;&nbsp;&nbsp;_WriteBlocking
<LI><a href="#[100]">&gt;&gt;</a>&nbsp;&nbsp;&nbsp;_GetAvailWriteSpace
</UL>
<BR>[Called By]<UL><LI><a href="#[103]">&gt;&gt;</a>&nbsp;&nbsp;&nbsp;SEGGER_RTT_Write
</UL>

<P><STRONG><a name="[105]"></a>SEGGER_RTT_vprintf</STRONG> (Thumb, 382 bytes, Stack size 128 bytes, segger_rtt_printf.o(i.SEGGER_RTT_vprintf))
<BR><BR>[Stack]<UL><LI>Max Depth = 296<LI>Call Chain = SEGGER_RTT_vprintf &rArr; _PrintInt &rArr; _PrintUnsigned &rArr; _StoreChar &rArr; SEGGER_RTT_Write &rArr; SEGGER_RTT_WriteNoLock &rArr; _WriteBlocking
</UL>
<BR>[Calls]<UL><LI><a href="#[106]">&gt;&gt;</a>&nbsp;&nbsp;&nbsp;_StoreChar
<LI><a href="#[108]">&gt;&gt;</a>&nbsp;&nbsp;&nbsp;_PrintUnsigned
<LI><a href="#[107]">&gt;&gt;</a>&nbsp;&nbsp;&nbsp;_PrintInt
<LI><a href="#[103]">&gt;&gt;</a>&nbsp;&nbsp;&nbsp;SEGGER_RTT_Write
</UL>
<BR>[Called By]<UL><LI><a href="#[b8]">&gt;&gt;</a>&nbsp;&nbsp;&nbsp;rtt_log
</UL>

<P><STRONG><a name="[17]"></a>SFT_IRQHandler</STRONG> (Thumb, 30 bytes, Stack size 8 bytes, os_bridge.o(i.SFT_IRQHandler))
<BR><BR>[Stack]<UL><LI>Max Depth = 408<LI>Call Chain = SFT_IRQHandler &rArr; msg2blestack_from_ISR &rArr; xQueueGenericSendFromISR &rArr; xTaskRemoveFromEventList &rArr; __aeabi_assert &rArr; rtt_log &rArr; SEGGER_RTT_vprintf &rArr; _PrintInt &rArr; _PrintUnsigned &rArr; _StoreChar &rArr; SEGGER_RTT_Write &rArr; SEGGER_RTT_WriteNoLock &rArr; _WriteBlocking
</UL>
<BR>[Calls]<UL><LI><a href="#[c1]">&gt;&gt;</a>&nbsp;&nbsp;&nbsp;msg2blestack_from_ISR
</UL>
<BR>[Address Reference Count : 1]<UL><LI> startup_apollo_00.o(RESET)
</UL>
<P><STRONG><a name="[e]"></a>SPIM0_IRQHandler</STRONG> (Thumb, 12 bytes, Stack size 8 bytes, spi_integration.o(i.SPIM0_IRQHandler))
<BR><BR>[Stack]<UL><LI>Max Depth = 352<LI>Call Chain = SPIM0_IRQHandler &rArr; app_spi_isr &rArr; __aeabi_assert &rArr; rtt_log &rArr; SEGGER_RTT_vprintf &rArr; _PrintInt &rArr; _PrintUnsigned &rArr; _StoreChar &rArr; SEGGER_RTT_Write &rArr; SEGGER_RTT_WriteNoLock &rArr; _WriteBlocking
</UL>
<BR>[Calls]<UL><LI><a href="#[109]">&gt;&gt;</a>&nbsp;&nbsp;&nbsp;app_spi_isr
</UL>
<BR>[Address Reference Count : 1]<UL><LI> startup_apollo_00.o(RESET)
</UL>
<P><STRONG><a name="[f]"></a>SPIM1_IRQHandler</STRONG> (Thumb, 12 bytes, Stack size 8 bytes, spi_integration.o(i.SPIM1_IRQHandler))
<BR><BR>[Stack]<UL><LI>Max Depth = 352<LI>Call Chain = SPIM1_IRQHandler &rArr; app_spi_isr &rArr; __aeabi_assert &rArr; rtt_log &rArr; SEGGER_RTT_vprintf &rArr; _PrintInt &rArr; _PrintUnsigned &rArr; _StoreChar &rArr; SEGGER_RTT_Write &rArr; SEGGER_RTT_WriteNoLock &rArr; _WriteBlocking
</UL>
<BR>[Calls]<UL><LI><a href="#[109]">&gt;&gt;</a>&nbsp;&nbsp;&nbsp;app_spi_isr
</UL>
<BR>[Address Reference Count : 1]<UL><LI> startup_apollo_00.o(RESET)
</UL>
<P><STRONG><a name="[10]"></a>SPIS_IRQHandler</STRONG> (Thumb, 12 bytes, Stack size 8 bytes, spi_integration.o(i.SPIS_IRQHandler))
[...]
<BR><BR>[Stack]<UL><LI>Max Depth = 16<LI>Call Chain = dmac_stat_clean_if_all_transfer_done
</UL>
<BR>[Called By]<UL><LI><a href="#[dc]">&gt;&gt;</a>&nbsp;&nbsp;&nbsp;app_dmac_isr
<LI><a href="#[126]">&gt;&gt;</a>&nbsp;&nbsp;&nbsp;app_dmac_transfer_wait
</UL>

<P><STRONG><a name="[129]"></a>gpio_int_cfg</STRONG> (Thumb, 106 bytes, Stack size 20 bytes, app_gpio.o(i.gpio_int_cfg))
<BR><BR>[Stack]<UL><LI>Max Depth = 20<LI>Call Chain = gpio_int_cfg
</UL>
<BR>[Called By]<UL><LI><a href="#[95]">&gt;&gt;</a>&nbsp;&nbsp;&nbsp;app_gpio_init
</UL>

<P><STRONG><a name="[1a5]"></a>app_iic_set_data_cmd_pack</STRONG> (Thumb, 20 bytes, Stack size 8 bytes, app_iic.o(i.app_iic_set_data_cmd_pack))
<BR><BR>[Stack]<UL><LI>Max Depth = 8<LI>Call Chain = app_iic_set_data_cmd_pack
</UL>
<BR>[Called By]<UL><LI><a href="#[135]">&gt;&gt;</a>&nbsp;&nbsp;&nbsp;iic_tx_empty_isr
</UL>

<P><STRONG><a name="[133]"></a>iic_clear_all_irq</STRONG> (Thumb, 84 bytes, Stack size 8 bytes, app_iic.o(i.iic_clear_all_irq))
<BR><BR>[Stack]<UL><LI>Max Depth = 8<LI>Call Chain = iic_clear_all_irq
</UL>
<BR>[Called By]<UL><LI><a href="#[f8]">&gt;&gt;</a>&nbsp;&nbsp;&nbsp;app_iic_isr
</UL>

<P><STRONG><a name="[134]"></a>iic_rx_complete</STRONG> (Thumb, 56 bytes, Stack size 16 bytes, app_iic.o(i.iic_rx_complete))
<BR><BR>[Stack]<UL><LI>Max Depth = 344<LI>Call Chain = iic_rx_complete &rArr; __aeabi_assert &rArr; rtt_log &rArr; SEGGER_RTT_vprintf &rArr; _PrintInt &rArr; _PrintUnsigned &rArr; _StoreChar &rArr; SEGGER_RTT_Write &rArr; SEGGER_RTT_WriteNoLock &rArr; _WriteBlocking
</UL>
<BR>[Calls]<UL><LI><a href="#[114]">&gt;&gt;</a>&nbsp;&nbsp;&nbsp;__aeabi_assert
</UL>
<BR>[Called By]<UL><LI><a href="#[f8]">&gt;&gt;</a>&nbsp;&nbsp;&nbsp;app_iic_isr
</UL>

<P><STRONG><a name="[1a4]"></a>iic_tx_complete</STRONG> (Thumb, 60 bytes, Stack size 16 bytes, app_iic.o(i.iic_tx_complete))
<BR><BR>[Stack]<UL><LI>Max Depth = 344<LI>Call Chain = iic_tx_complete &rArr; __aeabi_assert &rArr; rtt_log &rArr; SEGGER_RTT_vprintf &rArr; _PrintInt &rArr; _PrintUnsigned &rArr; _StoreChar &rArr; SEGGER_RTT_Write &rArr; SEGGER_RTT_WriteNoLock &rArr; _WriteBlocking
</UL>
<BR>[Calls]<UL><LI><a href="#[114]">&gt;&gt;</a>&nbsp;&nbsp;&nbsp;__aeabi_assert
</UL>
<BR>[Called By]<UL><LI><a href="#[135]">&gt;&gt;</a>&nbsp;&nbsp;&nbsp;iic_tx_empty_isr
</UL>

<P><STRONG><a name="[135]"></a>iic_tx_empty_isr</STRONG> (Thumb, 110 bytes, Stack size 24 bytes, app_iic.o(i.iic_tx_empty_isr))
<BR><BR>[Stack]<UL><LI>Max Depth = 368<LI>Call Chain = iic_tx_empty_isr &rArr; iic_tx_complete &rArr; __aeabi_assert &rArr; rtt_log &rArr; SEGGER_RTT_vprintf &rArr; _PrintInt &rArr; _PrintUnsigned &rArr; _StoreChar &rArr; SEGGER_RTT_Write &rArr; SEGGER_RTT_WriteNoLock &rArr; _WriteBlocking
</UL>
<BR>[Calls]<UL><LI><a href="#[1a4]">&gt;&gt;</a>&nbsp;&nbsp;&nbsp;iic_tx_complete
<LI><a href="#[1a5]">&gt;&gt;</a>&nbsp;&nbsp;&nbsp;app_iic_set_data_cmd_pack
</UL>
<BR>[Called By]<UL><LI><a href="#[f8]">&gt;&gt;</a>&nbsp;&nbsp;&nbsp;app_iic_isr
</UL>

<P><STRONG><a name="[156]"></a>app_uart_read_dma</STRONG> (Thumb, 122 bytes, Stack size 40 bytes, app_uart.o(i.app_uart_read_dma))
<BR><BR>[Stack]<UL><LI>Max Depth = 416<LI>Call Chain = app_uart_read_dma &rArr; app_dmac_start_wrapper &rArr; app_dmac_start &rArr; dmac_ch_alloc &rArr; __aeabi_assert &rArr; rtt_log &rArr; SEGGER_RTT_vprintf &rArr; _PrintInt &rArr; _PrintUnsigned &rArr; _StoreChar &rArr; SEGGER_RTT_Write &rArr; SEGGER_RTT_WriteNoLock &rArr; _WriteBlocking
</UL>
<BR>[Calls]<UL><LI><a href="#[147]">&gt;&gt;</a>&nbsp;&nbsp;&nbsp;__aeabi_memcpy4
<LI><a href="#[158]">&gt;&gt;</a>&nbsp;&nbsp;&nbsp;dmac_get_burst_transaction_size_enum
<LI><a href="#[125]">&gt;&gt;</a>&nbsp;&nbsp;&nbsp;app_dmac_start_wrapper
<LI><a href="#[157]">&gt;&gt;</a>&nbsp;&nbsp;&nbsp;uart_get_fifo_depth
</UL>
<BR>[Called By]<UL><LI><a href="#[154]">&gt;&gt;</a>&nbsp;&nbsp;&nbsp;app_uart_read
</UL>

<P><STRONG><a name="[91]"></a>uart_read_dma_callback</STRONG> (Thumb, 24 bytes, Stack size 8 bytes, app_uart.o(i.uart_read_dma_callback))
<BR><BR>[Stack]<UL><LI>Max Depth = 352<LI>Call Chain = uart_read_dma_callback &rArr; uart_rx_complete &rArr; __aeabi_assert &rArr; rtt_log &rArr; SEGGER_RTT_vprintf &rArr; _PrintInt &rArr; _PrintUnsigned &rArr; _StoreChar &rArr; SEGGER_RTT_Write &rArr; SEGGER_RTT_WriteNoLock &rArr; _WriteBlocking
</UL>
<BR>[Calls]<UL><LI><a href="#[152]">&gt;&gt;</a>&nbsp;&nbsp;&nbsp;uart_rx_complete
</UL>
<BR>[Address Reference Count : 1]<UL><LI> app_uart.o(.constdata)
</UL>
<P><STRONG><a name="[152]"></a>uart_rx_complete</STRONG> (Thumb, 72 bytes, Stack size 16 bytes, app_uart.o(i.uart_rx_complete))
<BR><BR>[Stack]<UL><LI>Max Depth = 344<LI>Call Chain = uart_rx_complete &rArr; __aeabi_assert &rArr; rtt_log &rArr; SEGGER_RTT_vprintf &rArr; _PrintInt &rArr; _PrintUnsigned &rArr; _StoreChar &rArr; SEGGER_RTT_Write &rArr; SEGGER_RTT_WriteNoLock &rArr; _WriteBlocking
</UL>
<BR>[Calls]<UL><LI><a href="#[114]">&gt;&gt;</a>&nbsp;&nbsp;&nbsp;__aeabi_assert
<LI><a href="#[259]">&gt;&gt;</a>&nbsp;&nbsp;&nbsp;uart_rx_env_clr
</UL>
<BR>[Called By]<UL><LI><a href="#[10d]">&gt;&gt;</a>&nbsp;&nbsp;&nbsp;app_uart_isr
<LI><a href="#[91]">&gt;&gt;</a>&nbsp;&nbsp;&nbsp;uart_read_dma_callback
</UL>

<P><STRONG><a name="[259]"></a>uart_rx_env_clr</STRONG> (Thumb, 10 bytes, Stack size 0 bytes, app_uart.o(i.uart_rx_env_clr))
<BR><BR>[Called By]<UL><LI><a href="#[152]">&gt;&gt;</a>&nbsp;&nbsp;&nbsp;uart_rx_complete
</UL>

<P><STRONG><a name="[155]"></a>uart_transfer_sanity_check</STRONG> (Thumb, 20 bytes, Stack size 0 bytes, app_uart.o(i.uart_transfer_sanity_check))
<BR><BR>[Called By]<UL><LI><a href="#[159]">&gt;&gt;</a>&nbsp;&nbsp;&nbsp;app_uart_write
<LI><a href="#[154]">&gt;&gt;</a>&nbsp;&nbsp;&nbsp;app_uart_read
</UL>

<P><STRONG><a name="[153]"></a>uart_tx_complete</STRONG> (Thumb, 64 bytes, Stack size 16 bytes, app_uart.o(i.uart_tx_complete))
<BR><BR>[Stack]<UL><LI>Max Depth = 344<LI>Call Chain = uart_tx_complete &rArr; __aeabi_assert &rArr; rtt_log &rArr; SEGGER_RTT_vprintf &rArr; _PrintInt &rArr; _PrintUnsigned &rArr; _StoreChar &rArr; SEGGER_RTT_Write &rArr; SEGGER_RTT_WriteNoLock &rArr; _WriteBlocking
</UL>
<BR>[Calls]<UL><LI><a href="#[114]">&gt;&gt;</a>&nbsp;&nbsp;&nbsp;__aeabi_assert
</UL>
<BR>[Called By]<UL><LI><a href="#[10d]">&gt;&gt;</a>&nbsp;&nbsp;&nbsp;app_uart_isr
</UL>

<P><STRONG><a name="[92]"></a>uart_write_dma_callback</STRONG> (Thumb, 30 bytes, Stack size 8 bytes, app_uart.o(i.uart_write_dma_callback))
<BR><BR>[Stack]<UL><LI>Max Depth = 8<LI>Call Chain = uart_write_dma_callback
</UL>
<BR>[Address Reference Count : 1]<UL><LI> app_uart.o(.constdata)
</UL>
<P><STRONG><a name="[197]"></a>flash_operation_wait</STRONG> (Thumb, 34 bytes, Stack size 16 bytes, flash.o(i.flash_operation_wait))
<BR><BR>[Stack]<UL><LI>Max Depth = 488<LI>Call Chain = flash_operation_wait &rArr; app_qspi_std_read_wrapper &rArr; app_qspi_std_read &rArr; app_dmac_start_wrapper &rArr; app_dmac_start &rArr; dmac_ch_alloc &rArr; __aeabi_assert &rArr; rtt_log &rArr; SEGGER_RTT_vprintf &rArr; _PrintInt &rArr; _PrintUnsigned &rArr; _StoreChar &rArr; SEGGER_RTT_Write &rArr; SEGGER_RTT_WriteNoLock &rArr; _WriteBlocking
</UL>
<BR>[Calls]<UL><LI><a href="#[14a]">&gt;&gt;</a>&nbsp;&nbsp;&nbsp;app_qspi_std_read_wrapper
</UL>
<BR>[Called By]<UL><LI><a href="#[190]">&gt;&gt;</a>&nbsp;&nbsp;&nbsp;flash_erase
<LI><a href="#[199]">&gt;&gt;</a>&nbsp;&nbsp;&nbsp;flash_program_base
</UL>

<P><STRONG><a name="[199]"></a>flash_program_base</STRONG> (Thumb, 56 bytes, Stack size 16 bytes, flash.o(i.flash_program_base))
<BR><BR>[Stack]<UL><LI>Max Depth = 512<LI>Call Chain = flash_program_base &rArr; app_qspi_flash_program_wrapper &rArr; app_qspi_flash_program &rArr; qspi_std_byte_write_dma_start &rArr; app_dmac_start_wrapper &rArr; app_dmac_start &rArr; dmac_ch_alloc &rArr; __aeabi_assert &rArr; rtt_log &rArr; SEGGER_RTT_vprintf &rArr; _PrintInt &rArr; _PrintUnsigned &rArr; _StoreChar &rArr; SEGGER_RTT_Write &rArr; SEGGER_RTT_WriteNoLock &rArr; _WriteBlocking
</UL>
<BR>[Calls]<UL><LI><a href="#[198]">&gt;&gt;</a>&nbsp;&nbsp;&nbsp;xTaskResumeAll
<LI><a href="#[195]">&gt;&gt;</a>&nbsp;&nbsp;&nbsp;vTaskSuspendAll
<LI><a href="#[114]">&gt;&gt;</a>&nbsp;&nbsp;&nbsp;__aeabi_assert
<LI><a href="#[140]">&gt;&gt;</a>&nbsp;&nbsp;&nbsp;app_qspi_flash_program_wrapper
<LI><a href="#[196]">&gt;&gt;</a>&nbsp;&nbsp;&nbsp;flash_write_enable
<LI><a href="#[197]">&gt;&gt;</a>&nbsp;&nbsp;&nbsp;flash_operation_wait
</UL>
<BR>[Called By]<UL><LI><a href="#[4e]">&gt;&gt;</a>&nbsp;&nbsp;&nbsp;flash_program
</UL>

<P><STRONG><a name="[196]"></a>flash_write_enable</STRONG> (Thumb, 18 bytes, Stack size 8 bytes, flash.o(i.flash_write_enable))
<BR><BR>[Stack]<UL><LI>Max Depth = 488<LI>Call Chain = flash_write_enable &rArr; app_qspi_std_write_wrapper &rArr; app_qspi_std_write &rArr; qspi_std_byte_write_dma_start &rArr; app_dmac_start_wrapper &rArr; app_dmac_start &rArr; dmac_ch_alloc &rArr; __aeabi_assert &rArr; rtt_log &rArr; SEGGER_RTT_vprintf &rArr; _PrintInt &rArr; _PrintUnsigned &rArr; _StoreChar &rArr; SEGGER_RTT_Write &rArr; SEGGER_RTT_WriteNoLock &rArr; _WriteBlocking
</UL>
<BR>[Calls]<UL><LI><a href="#[14c]">&gt;&gt;</a>&nbsp;&nbsp;&nbsp;app_qspi_std_write_wrapper
</UL>
<BR>[Called By]<UL><LI><a href="#[190]">&gt;&gt;</a>&nbsp;&nbsp;&nbsp;flash_erase
<LI><a href="#[199]">&gt;&gt;</a>&nbsp;&nbsp;&nbsp;flash_program_base
</UL>

<P><STRONG><a name="[13e]"></a>qspi_std_byte_write_dma_config</STRONG> (Thumb, 22 bytes, Stack size 0 bytes, app_qspi.o(i.qspi_std_byte_write_dma_config))
<BR><BR>[Called By]<UL><LI><a href="#[14b]">&gt;&gt;</a>&nbsp;&nbsp;&nbsp;app_qspi_std_write
<LI><a href="#[13c]">&gt;&gt;</a>&nbsp;&nbsp;&nbsp;app_qspi_flash_program
</UL>

<P><STRONG><a name="[13f]"></a>qspi_std_byte_write_dma_start</STRONG> (Thumb, 88 bytes, Stack size 48 bytes, app_qspi.o(i.qspi_std_byte_write_dma_start))
<BR><BR>[Stack]<UL><LI>Max Depth = 424<LI>Call Chain = qspi_std_byte_write_dma_start &rArr; app_dmac_start_wrapper &rArr; app_dmac_start &rArr; dmac_ch_alloc &rArr; __aeabi_assert &rArr; rtt_log &rArr; SEGGER_RTT_vprintf &rArr; _PrintInt &rArr; _PrintUnsigned &rArr; _StoreChar &rArr; SEGGER_RTT_Write &rArr; SEGGER_RTT_WriteNoLock &rArr; _WriteBlocking
</UL>
<BR>[Calls]<UL><LI><a href="#[147]">&gt;&gt;</a>&nbsp;&nbsp;&nbsp;__aeabi_memcpy4
<LI><a href="#[128]">&gt;&gt;</a>&nbsp;&nbsp;&nbsp;app_dmac_transfer_wait_wrapper
<LI><a href="#[125]">&gt;&gt;</a>&nbsp;&nbsp;&nbsp;app_dmac_start_wrapper
</UL>
<BR>[Called By]<UL><LI><a href="#[14b]">&gt;&gt;</a>&nbsp;&nbsp;&nbsp;app_qspi_std_write
<LI><a href="#[13c]">&gt;&gt;</a>&nbsp;&nbsp;&nbsp;app_qspi_flash_program
</UL>

<P><STRONG><a name="[141]"></a>flash_qspi_operation_enter</STRONG> (Thumb, 16 bytes, Stack size 8 bytes, app_qspi_wrapper.o(i.flash_qspi_operation_enter))
<BR><BR>[Stack]<UL><LI>Max Depth = 32<LI>Call Chain = flash_qspi_operation_enter &rArr; cache_disable &rArr; flash_cache_disable &rArr; app_qspi_disable_for_cache_wrapper
</UL>
<BR>[Calls]<UL><LI><a href="#[169]">&gt;&gt;</a>&nbsp;&nbsp;&nbsp;vPortEnterCritical
<LI><a href="#[175]">&gt;&gt;</a>&nbsp;&nbsp;&nbsp;cache_disable
</UL>
<BR>[Called By]<UL><LI><a href="#[14c]">&gt;&gt;</a>&nbsp;&nbsp;&nbsp;app_qspi_std_write_wrapper
<LI><a href="#[14a]">&gt;&gt;</a>&nbsp;&nbsp;&nbsp;app_qspi_std_read_wrapper
<LI><a href="#[148]">&gt;&gt;</a>&nbsp;&nbsp;&nbsp;app_qspi_multi_read_wrapper
<LI><a href="#[140]">&gt;&gt;</a>&nbsp;&nbsp;&nbsp;app_qspi_flash_program_wrapper
</UL>

<P><STRONG><a name="[245]"></a>spi_rx_done</STRONG> (Thumb, 58 bytes, Stack size 8 bytes, app_spi.o(i.spi_rx_done))
<BR><BR>[Stack]<UL><LI>Max Depth = 8<LI>Call Chain = spi_rx_done
</UL>
<BR>[Called By]<UL><LI><a href="#[14d]">&gt;&gt;</a>&nbsp;&nbsp;&nbsp;spi_rx_full_isr
</UL>

<P><STRONG><a name="[14d]"></a>spi_rx_full_isr</STRONG> (Thumb, 100 bytes, Stack size 8 bytes, app_spi.o(i.spi_rx_full_isr))
<BR><BR>[Stack]<UL><LI>Max Depth = 16<LI>Call Chain = spi_rx_full_isr &rArr; spi_rx_done
</UL>
<BR>[Calls]<UL><LI><a href="#[244]">&gt;&gt;</a>&nbsp;&nbsp;&nbsp;spi_get_fifo_depth
<LI><a href="#[245]">&gt;&gt;</a>&nbsp;&nbsp;&nbsp;spi_rx_done
</UL>
<BR>[Called By]<UL><LI><a href="#[109]">&gt;&gt;</a>&nbsp;&nbsp;&nbsp;app_spi_isr
</UL>

<P><STRONG><a name="[14e]"></a>spi_tx_empty_isr</STRONG> (Thumb, 180 bytes, Stack size 16 bytes, app_spi.o(i.spi_tx_empty_isr))
<BR><BR>[Stack]<UL><LI>Max Depth = 16<LI>Call Chain = spi_tx_empty_isr
</UL>
<BR>[Called By]<UL><LI><a href="#[109]">&gt;&gt;</a>&nbsp;&nbsp;&nbsp;app_spi_isr
</UL>

<P><STRONG><a name="[44]"></a>dummy_func0</STRONG> (Thumb, 14 bytes, Stack size 8 bytes, m_uart.o(i.dummy_func0))
<BR><BR>[Stack]<UL><LI>Max Depth = 8<LI>Call Chain = dummy_func0
</UL>
<BR>[Address Reference Count : 1]<UL><LI> m_uart.o(i.debugPrint)
</UL>
<P><STRONG><a name="[4d]"></a>uart00_rx_callback</STRONG> (Thumb, 78 bytes, Stack size 8 bytes, m_uart.o(i.uart00_rx_callback))
<BR><BR>[Stack]<UL><LI>Max Depth = 448<LI>Call Chain = uart00_rx_callback &rArr; app_uart_read &rArr; app_uart_read_dma &rArr; app_dmac_start_wrapper &rArr; app_dmac_start &rArr; dmac_ch_alloc &rArr; __aeabi_assert &rArr; rtt_log &rArr; SEGGER_RTT_vprintf &rArr; _PrintInt &rArr; _PrintUnsigned &rArr; _StoreChar &rArr; SEGGER_RTT_Write &rArr; SEGGER_RTT_WriteNoLock &rArr; _WriteBlocking
</UL>
<BR>[Calls]<UL><LI><a href="#[154]">&gt;&gt;</a>&nbsp;&nbsp;&nbsp;app_uart_read
</UL>
<BR>[Address Reference Count : 2]<UL><LI> m_uart.o(i.init_uart0)
<LI> m_uart.o(i.uart00_rx_callback)
</UL>
<P><STRONG><a name="[5d]"></a>uart1_rx_callback</STRONG> (Thumb, 78 bytes, Stack size 8 bytes, m_uart.o(i.uart1_rx_callback))
<BR><BR>[Stack]<UL><LI>Max Depth = 448<LI>Call Chain = uart1_rx_callback &rArr; app_uart_read &rArr; app_uart_read_dma &rArr; app_dmac_start_wrapper &rArr; app_dmac_start &rArr; dmac_ch_alloc &rArr; __aeabi_assert &rArr; rtt_log &rArr; SEGGER_RTT_vprintf &rArr; _PrintInt &rArr; _PrintUnsigned &rArr; _StoreChar &rArr; SEGGER_RTT_Write &rArr; SEGGER_RTT_WriteNoLock &rArr; _WriteBlocking
</UL>
<BR>[Calls]<UL><LI><a href="#[154]">&gt;&gt;</a>&nbsp;&nbsp;&nbsp;app_uart_read
</UL>
<BR>[Address Reference Count : 2]<UL><LI> m_uart.o(i.uart1_rx_callback)
<LI> m_uart.o(i.uartInit)
</UL>
<P><STRONG><a name="[c4]"></a>Com_Lock_IIC_Read_Data_BS81X</STRONG> (Thumb, 124 bytes, Stack size 24 bytes, common_lock_bs81x.o(i.Com_Lock_IIC_Read_Data_BS81X))
<BR><BR>[Stack]<UL><LI>Max Depth = 40<LI>Call Chain = Com_Lock_IIC_Read_Data_BS81X &rArr; io_cfg_output &rArr; sysctrl_io_config_mask
</UL>
<BR>[Calls]<UL><LI><a href="#[c7]">&gt;&gt;</a>&nbsp;&nbsp;&nbsp;io_pin_set
<LI><a href="#[c9]">&gt;&gt;</a>&nbsp;&nbsp;&nbsp;io_cfg_output
<LI><a href="#[b6]">&gt;&gt;</a>&nbsp;&nbsp;&nbsp;bx_delay_asm
<LI><a href="#[c8]">&gt;&gt;</a>&nbsp;&nbsp;&nbsp;io_pin_read
<LI><a href="#[c5]">&gt;&gt;</a>&nbsp;&nbsp;&nbsp;io_pin_clear
<LI><a href="#[c6]">&gt;&gt;</a>&nbsp;&nbsp;&nbsp;io_cfg_input
</UL>
<BR>[Called By]<UL><LI><a href="#[d9]">&gt;&gt;</a>&nbsp;&nbsp;&nbsp;Com_Lock_Init_bs81x
<LI><a href="#[41]">&gt;&gt;</a>&nbsp;&nbsp;&nbsp;Key_Int_Callback
</UL>

<P><STRONG><a name="[ca]"></a>Com_Lock_IIC_Start_BS81X</STRONG> (Thumb, 46 bytes, Stack size 8 bytes, common_lock_bs81x.o(i.Com_Lock_IIC_Start_BS81X))
<BR><BR>[Stack]<UL><LI>Max Depth = 16<LI>Call Chain = Com_Lock_IIC_Start_BS81X &rArr; io_pin_set
</UL>
<BR>[Calls]<UL><LI><a href="#[c7]">&gt;&gt;</a>&nbsp;&nbsp;&nbsp;io_pin_set
<LI><a href="#[b6]">&gt;&gt;</a>&nbsp;&nbsp;&nbsp;bx_delay_asm
<LI><a href="#[c5]">&gt;&gt;</a>&nbsp;&nbsp;&nbsp;io_pin_clear
</UL>
<BR>[Called By]<UL><LI><a href="#[d9]">&gt;&gt;</a>&nbsp;&nbsp;&nbsp;Com_Lock_Init_bs81x
<LI><a href="#[41]">&gt;&gt;</a>&nbsp;&nbsp;&nbsp;Key_Int_Callback
</UL>

<P><STRONG><a name="[cc]"></a>Com_Lock_IIC_Stop_BS81X</STRONG> (Thumb, 46 bytes, Stack size 8 bytes, common_lock_bs81x.o(i.Com_Lock_IIC_Stop_BS81X))
<BR><BR>[Stack]<UL><LI>Max Depth = 16<LI>Call Chain = Com_Lock_IIC_Stop_BS81X &rArr; io_pin_set
</UL>
<BR>[Calls]<UL><LI><a href="#[c7]">&gt;&gt;</a>&nbsp;&nbsp;&nbsp;io_pin_set
<LI><a href="#[b6]">&gt;&gt;</a>&nbsp;&nbsp;&nbsp;bx_delay_asm
<LI><a href="#[c5]">&gt;&gt;</a>&nbsp;&nbsp;&nbsp;io_pin_clear
</UL>
<BR>[Called By]<UL><LI><a href="#[d9]">&gt;&gt;</a>&nbsp;&nbsp;&nbsp;Com_Lock_Init_bs81x
<LI><a href="#[41]">&gt;&gt;</a>&nbsp;&nbsp;&nbsp;Key_Int_Callback
</UL>

<P><STRONG><a name="[cf]"></a>Com_Lock_IIC_Write_Data_BS81X</STRONG> (Thumb, 132 bytes, Stack size 24 bytes, common_lock_bs81x.o(i.Com_Lock_IIC_Write_Data_BS81X))
<BR><BR>[Stack]<UL><LI>Max Depth = 40<LI>Call Chain = Com_Lock_IIC_Write_Data_BS81X &rArr; io_cfg_output &rArr; sysctrl_io_config_mask
</UL>
<BR>[Calls]<UL><LI><a href="#[c7]">&gt;&gt;</a>&nbsp;&nbsp;&nbsp;io_pin_set
<LI><a href="#[c9]">&gt;&gt;</a>&nbsp;&nbsp;&nbsp;io_cfg_output
<LI><a href="#[b6]">&gt;&gt;</a>&nbsp;&nbsp;&nbsp;bx_delay_asm
<LI><a href="#[c8]">&gt;&gt;</a>&nbsp;&nbsp;&nbsp;io_pin_read
<LI><a href="#[c5]">&gt;&gt;</a>&nbsp;&nbsp;&nbsp;io_pin_clear
<LI><a href="#[c6]">&gt;&gt;</a>&nbsp;&nbsp;&nbsp;io_cfg_input
</UL>
<BR>[Called By]<UL><LI><a href="#[d9]">&gt;&gt;</a>&nbsp;&nbsp;&nbsp;Com_Lock_Init_bs81x
<LI><a href="#[41]">&gt;&gt;</a>&nbsp;&nbsp;&nbsp;Key_Int_Callback
</UL>

<P><STRONG><a name="[d0]"></a>Com_Lock_IIC_Write_Data_BS81X_AddrRead</STRONG> (Thumb, 132 bytes, Stack size 24 bytes, common_lock_bs81x.o(i.Com_Lock_IIC_Write_Data_BS81X_AddrRead))
<BR><BR>[Stack]<UL><LI>Max Depth = 40<LI>Call Chain = Com_Lock_IIC_Write_Data_BS81X_AddrRead &rArr; io_cfg_input &rArr; sysctrl_io_config_mask
</UL>
<BR>[Calls]<UL><LI><a href="#[c7]">&gt;&gt;</a>&nbsp;&nbsp;&nbsp;io_pin_set
<LI><a href="#[b6]">&gt;&gt;</a>&nbsp;&nbsp;&nbsp;bx_delay_asm
<LI><a href="#[c8]">&gt;&gt;</a>&nbsp;&nbsp;&nbsp;io_pin_read
<LI><a href="#[c5]">&gt;&gt;</a>&nbsp;&nbsp;&nbsp;io_pin_clear
<LI><a href="#[c6]">&gt;&gt;</a>&nbsp;&nbsp;&nbsp;io_cfg_input
</UL>
<BR>[Called By]<UL><LI><a href="#[d9]">&gt;&gt;</a>&nbsp;&nbsp;&nbsp;Com_Lock_Init_bs81x
<LI><a href="#[41]">&gt;&gt;</a>&nbsp;&nbsp;&nbsp;Key_Int_Callback
</UL>

<P><STRONG><a name="[115]"></a>_fp_digits</STRONG> (Thumb, 344 bytes, Stack size 64 bytes, printfa.o(i._fp_digits), UNUSED)
<BR><BR>[Calls]<UL><LI><a href="#[4a]">&gt;&gt;</a>&nbsp;&nbsp;&nbsp;__aeabi_uldivmod
<LI><a href="#[b0]">&gt;&gt;</a>&nbsp;&nbsp;&nbsp;__aeabi_dmul
<LI><a href="#[b1]">&gt;&gt;</a>&nbsp;&nbsp;&nbsp;__aeabi_ddiv
<LI><a href="#[a9]">&gt;&gt;</a>&nbsp;&nbsp;&nbsp;__aeabi_dadd
<LI><a href="#[b2]">&gt;&gt;</a>&nbsp;&nbsp;&nbsp;__aeabi_d2ulz
<LI><a href="#[116]">&gt;&gt;</a>&nbsp;&nbsp;&nbsp;__aeabi_cdrcmple
</UL>
<BR>[Called By]<UL><LI><a href="#[113]">&gt;&gt;</a>&nbsp;&nbsp;&nbsp;_printf_core
</UL>

<P><STRONG><a name="[113]"></a>_printf_core</STRONG> (Thumb, 1754 bytes, Stack size 128 bytes, printfa.o(i._printf_core), UNUSED)
<BR><BR>[Calls]<UL><LI><a href="#[110]">&gt;&gt;</a>&nbsp;&nbsp;&nbsp;__aeabi_uidivmod
<LI><a href="#[4a]">&gt;&gt;</a>&nbsp;&nbsp;&nbsp;__aeabi_uldivmod
<LI><a href="#[117]">&gt;&gt;</a>&nbsp;&nbsp;&nbsp;_printf_pre_padding
<LI><a href="#[118]">&gt;&gt;</a>&nbsp;&nbsp;&nbsp;_printf_post_padding
<LI><a href="#[115]">&gt;&gt;</a>&nbsp;&nbsp;&nbsp;_fp_digits
</UL>
<BR>[Called By]<UL><LI><a href="#[112]">&gt;&gt;</a>&nbsp;&nbsp;&nbsp;__0vsprintf
</UL>

<P><STRONG><a name="[118]"></a>_printf_post_padding</STRONG> (Thumb, 32 bytes, Stack size 24 bytes, printfa.o(i._printf_post_padding), UNUSED)
<BR><BR>[Called By]<UL><LI><a href="#[113]">&gt;&gt;</a>&nbsp;&nbsp;&nbsp;_printf_core
</UL>

<P><STRONG><a name="[117]"></a>_printf_pre_padding</STRONG> (Thumb, 44 bytes, Stack size 40 bytes, printfa.o(i._printf_pre_padding), UNUSED)
<BR><BR>[Called By]<UL><LI><a href="#[113]">&gt;&gt;</a>&nbsp;&nbsp;&nbsp;_printf_core
</UL>

<P><STRONG><a name="[43]"></a>_sputc</STRONG> (Thumb, 10 bytes, Stack size 0 bytes, printfa.o(i._sputc))
<BR><BR>[Called By]<UL><LI><a href="#[112]">&gt;&gt;</a>&nbsp;&nbsp;&nbsp;__0vsprintf
</UL>
<BR>[Address Reference Count : 1]<UL><LI> printfa.o(i.__0vsprintf)
</UL><P>
<H3>
Undefined Global Symbols
</H3><HR></body></html>
