<html>
<body>
<pre>
<h1>µVision Build Log</h1>
<h2>Tool Versions:</h2>
IDE-Version: ¦ÌVision V5.26.2.0
Copyright (C) 2018 ARM Ltd and ARM Germany GmbH. All rights reserved.
License Information: yx yx, pxxx, LIC=ZB401-CUVKP-4S8Y4-FGZGC-9WMZX-172UU
 
Tool Versions:
Toolchain:       MDK-ARM Plus  Version: 5.26.2.0
Toolchain Path:  D:\Keil_v5\ARM\ARMCC\Bin
C Compiler:      Armcc.exe V5.06 update 6 (build 750)
Assembler:       Armasm.exe V5.06 update 6 (build 750)
Linker/Locator:  ArmLink.exe V5.06 update 6 (build 750)
Library Manager: ArmAr.exe V5.06 update 6 (build 750)
Hex Converter:   FromElf.exe V5.06 update 6 (build 750)
CPU DLL:         SARMCM3.DLL V5.26.2.0
Dialog DLL:      DARMCM1.DLL V1.19.1.0
Target DLL:      Segger\JL2CM3.dll V2.99.31.0
Dialog DLL:      TARMCM1.DLL V1.14.0.0
 
<h2>Project:</h2>
F:\repository_git\BLE_SDK_V1.2_2751\app\freertos\ble\examples\osapp_dis_server\apollo_00_keil5\osapp_dis_server.uvprojx
Project File Date:  01/30/2019

<h2>Output:</h2>
*** Using Compiler 'V5.06 update 6 (build 750)', folder: 'D:\Keil_v5\ARM\ARMCC\Bin'
Rebuild target 'BLE'
compiling heap_4.c...
compiling event_groups.c...
compiling list.c...
compiling osapp_uart_server.c...
compiling queue.c...
compiling timers.c...
compiling tasks.c...
compiling port.c...
assembling startup_apollo_00.s...
compiling prf_utils.c...
compiling prf.c...
compiling bx_rwble.c...
compiling bx_lld_sleep.c...
compiling ble_task.c...
compiling os_bridge.c...
compiling osapp_task.c...
compiling osapp_utils.c...
compiling main.c...
compiling task_init.c...
..\..\..\..\utils\task_init.c(364): warning:  #177-D: variable "ch"  was declared but never referenced
      S32 ch = 0x00;
..\..\..\..\utils\task_init.c(365): warning:  #177-D: variable "old_adc_value"  was declared but never referenced
      uint32_t old_adc_value = 0;
..\..\..\..\utils\task_init.c(366): warning:  #177-D: variable "newest_adc_value"  was declared but never referenced
      int32_t newest_adc_value = 0;
..\..\..\..\utils\task_init.c(367): warning:  #177-D: variable "diff_times"  was declared but never referenced
      int32_t diff_times = 0;
..\..\..\..\utils\task_init.c(368): warning:  #177-D: variable "i"  was declared but never referenced
      int32_t i = 0;
..\..\..\..\utils\task_init.c(534): warning:  #177-D: variable "ch"  was declared but never referenced
      S32 ch = 0x00;
..\..\..\..\utils\task_init.c: 6 warnings, 0 errors
compiling arch_init.c...
compiling anpc.c...
compiling anpc_task.c...
compiling anps_task.c...
compiling anps.c...
compiling basc.c...
compiling basc_task.c...
compiling bass.c...
compiling blpc.c...
compiling bass_task.c...
compiling blpc_task.c...
compiling blps.c...
compiling blps_task.c...
compiling bxotas.c...
compiling bxotas_task.c...
compiling cppc.c...
compiling cppc_task.c...
compiling cpps.c...
compiling cpps_task.c...
compiling cscpc.c...
compiling cscpc_task.c...
compiling cscps.c...
compiling cscps_task.c...
compiling disc.c...
compiling disc_task.c...
compiling diss_task.c...
compiling diss.c...
compiling findl.c...
compiling findl_task.c...
compiling findt.c...
compiling findt_task.c...
compiling glpc.c...
compiling glpc_task.c...
compiling glps_task.c...
compiling glps.c...
compiling hogpbh.c...
compiling hogpbh_task.c...
compiling hogpd.c...
compiling hogpd_task.c...
compiling hogprh.c...
compiling hogprh_task.c...
compiling hrpc.c...
compiling hrps.c...
compiling hrps_task.c...
compiling hrpc_task.c...
compiling htpc.c...
compiling htpc_task.c...
compiling htpt.c...
compiling htpt_task.c...
compiling lanc_task.c...
compiling lanc.c...
compiling lans.c...
compiling paspc.c...
compiling lans_task.c...
compiling paspc_task.c...
compiling pasps.c...
compiling pasps_task.c...
compiling proxm.c...
compiling proxm_task.c...
compiling proxr_task.c...
compiling proxr.c...
compiling rscpc.c...
compiling rscpc_task.c...
compiling rscps.c...
compiling rscps_task.c...
compiling scppc.c...
compiling scppc_task.c...
compiling scpps.c...
compiling scpps_task.c...
compiling tipc.c...
compiling tips.c...
compiling tipc_task.c...
compiling tips_task.c...
compiling ancc.c...
compiling ancc_task.c...
compiling dbg_mwsgen.c...
compiling dbg_task.c...
compiling dbg.c...
compiling dbg_swdiag.c...
compiling display.c...
compiling display_task.c...
compiling nvds_in_ram.c...
compiling ecc_p256.c...
compiling nvds_tag.c...
compiling bx_ring_queue.c...
compiling nvds_task.c...
compiling rwip.c...
compiling patch_test.c...
compiling jump_table.c...
compiling rf_apollo.c...
assembling patch_list.s...
compiling adv_int.c...
compiling sys_sleep.c...
compiling tx_test_end.c...
compiling h4tl_patch.c...
compiling prog_latency_patch.c...
compiling set_adv_payload_31Byte_patch.c...
compiling SEGGER_RTT.c...
compiling SEGGER_RTT_printf.c...
compiling bx_dbg.c...
assembling bx_dbg_asm.s...
assembling h4tl_patch_asm.s...
compiling sim_log.c...
assembling h4tl_read_start_patch_asm.s...
compiling sys_sleep_ram.c...
compiling h4tl_read_start_skip_patch.c...
compiling clk_gate.c...
compiling patch.c...
compiling llm_end_evt_defer_patch.c...
compiling modem.c...
compiling periph_mngt.c...
compiling pshare.c...
compiling rc_calib.c...
compiling rst_gen.c...
compiling sysctrl.c...
compiling io_ctrl.c...
compiling touch.c...
compiling rf_reg_settings_apollo_00.c...
compiling cache_integration.c...
compiling charger.c...
compiling adc_integration.c...
compiling dmac_integration.c...
compiling hwecc_integration.c...
compiling gpio_integration.c...
compiling iic_integration.c...
compiling qspi_integration.c...
compiling rtc_integration.c...
compiling pwm_integration.c...
compiling uart_integration.c...
compiling timer_integration.c...
compiling spi_integration.c...
compiling app_dmac_wrapper.c...
compiling app_adc.c...
compiling app_dmac.c...
compiling app_hwecc_wrapper.c...
compiling app_gpio.c...
compiling app_hwecc.c...
compiling app_pwm.c...
compiling app_iic.c...
compiling app_timer.c...
compiling app_uart.c...
compiling flash.c...
compiling flash_cache.c...
compiling periph_recovery.c...
compiling app_qspi_wrapper.c...
compiling app_qspi.c...
compiling m_flash.c...
compiling app_spi.c...
compiling m_timer.c...
compiling sensor_operation_afs121n.c...
compiling m_uart.c...
compiling common_lock_speaker.c...
compiling algApi.c...
compiling extract.c...
compiling CC_FPALG.c...
compiling gaborFilter.c...
compiling geometry.c...
compiling imgProc.c...
compiling match.c...
compiling miscFunc.c...
compiling synoc.c...
compiling system.c...
compiling malib.c...
compiling mafp_sensor.c...
compiling fsm.c...
compiling policy.c...
compiling sensor_identify.c...
compiling platform.c...
compiling sensor_sal.c...
compiling sensor_hal.c...
compiling sensor_utils.c...
compiling afs121.c...
compiling tpls_mngr.c...
compiling calCorr.c...
compiling removebkg.c...
linking...
Program Size: Code=39540 RO-data=3708 RW-data=748 ZI-data=63992  
FromELF: creating hex file...
After Build - User command #1: ..\..\..\..\..\..\tools\image_tool\dissemble.bat osapp_dis_server
After Build - User command #2: ..\..\..\..\..\..\tools\image_tool\bin_merge.exe ..\..\..\..\..\..\tools\image_tool\merge.ini binary\RAM_CODE binary\FLASH_CODE binary\NVDS_AREA ..\..\..\..\..\..\tools\image_tool\boot_ram.bin
".\Objects\osapp_dis_server.axf" - 0 Error(s), 6 Warning(s).

<h2>Software Packages used:</h2>

Package Vendor: ARM
                http://www.keil.com/pack/ARM.CMSIS.5.4.0.pack
                ARM.CMSIS.5.4.0
                CMSIS (Cortex Microcontroller Software Interface Standard)

<h2>Collection of Component include folders:</h2>
  .\RTE\_BLE
  D:\Keil_v5\ARM\PACK\ARM\CMSIS\5.4.0\Device\ARM\ARMCM0plus\Include

<h2>Collection of Component Files used:</h2>
Build Time Elapsed:  00:00:34
</pre>
</body>
</html>
