<html>
<body>
<pre>
<h1>µVision Build Log</h1>
<h2>Tool Versions:</h2>
IDE-Version: ¦ÌVision V5.26.2.0
Copyright (C) 2018 ARM Ltd and ARM Germany GmbH. All rights reserved.
License Information: yx yx, pxxx, LIC=ZB401-CUVKP-4S8Y4-FGZGC-9WMZX-172UU
 
Tool Versions:
Toolchain:       MDK-ARM Plus  Version: 5.26.2.0
Toolchain Path:  D:\Keil_v5\ARM\ARMCC\Bin
C Compiler:      Armcc.exe V5.06 update 6 (build 750)
Assembler:       Armasm.exe V5.06 update 6 (build 750)
Linker/Locator:  ArmLink.exe V5.06 update 6 (build 750)
Library Manager: ArmAr.exe V5.06 update 6 (build 750)
Hex Converter:   FromElf.exe V5.06 update 6 (build 750)
CPU DLL:         SARMCM3.DLL V5.26.2.0
Dialog DLL:      DARMCM1.DLL V1.19.1.0
Target DLL:      Segger\JL2CM3.dll V2.99.31.0
Dialog DLL:      TARMCM1.DLL V1.14.0.0
 
<h2>Project:</h2>
F:\repository_git\BLE_SDK_V1.2_2751\app\freertos\ble\examples\osapp_dis_server\apollo_00_keil5\osapp_dis_server.uvprojx
Project File Date:  02/27/2019

<h2>Output:</h2>
*** Using Compiler 'V5.06 update 6 (build 750)', folder: 'D:\Keil_v5\ARM\ARMCC\Bin'
Build target 'BLE'
compiling m_uart.c...
compiling task_init.c...
..\..\..\..\..\..\plf\peripheral\microarray\oled\common_lock_oled.h(31): warning:  #47-D: incompatible redefinition of macro "MIN"  (declared at line 35 of "..\..\..\..\..\..\fingerprint\algFp\sysCfg.h")
  #define MIN 0
..\..\..\..\utils\task_init.c(371): warning:  #177-D: variable "ch"  was declared but never referenced
      S32 ch = 0x00;
..\..\..\..\utils\task_init.c(372): warning:  #177-D: variable "old_adc_value"  was declared but never referenced
      uint32_t old_adc_value = 0;
..\..\..\..\utils\task_init.c(373): warning:  #177-D: variable "newest_adc_value"  was declared but never referenced
      int32_t newest_adc_value = 0;
..\..\..\..\utils\task_init.c(374): warning:  #177-D: variable "diff_times"  was declared but never referenced
      int32_t diff_times = 0;
..\..\..\..\utils\task_init.c(375): warning:  #177-D: variable "i"  was declared but never referenced
      int32_t i = 0;
..\..\..\..\utils\task_init.c(376): warning:  #177-D: variable "cnt"  was declared but never referenced
  	  uint32_t cnt;
..\..\..\..\utils\task_init.c(628): warning:  #223-D: function "FrontTask" declared implicitly
  				FrontTask();
..\..\..\..\utils\task_init.c(554): warning:  #177-D: variable "ch"  was declared but never referenced
      S32 ch = 0x00;
..\..\..\..\utils\task_init.c: 9 warnings, 0 errors
linking...
Program Size: Code=46448 RO-data=3708 RW-data=868 ZI-data=65420  
FromELF: creating hex file...
After Build - User command #1: ..\..\..\..\..\..\tools\image_tool\dissemble.bat osapp_dis_server
After Build - User command #2: ..\..\..\..\..\..\tools\image_tool\bin_merge.exe ..\..\..\..\..\..\tools\image_tool\merge.ini binary\RAM_CODE binary\FLASH_CODE binary\NVDS_AREA ..\..\..\..\..\..\tools\image_tool\boot_ram.bin
".\Objects\osapp_dis_server.axf" - 0 Error(s), 9 Warning(s).

<h2>Software Packages used:</h2>

Package Vendor: ARM
                http://www.keil.com/pack/ARM.CMSIS.5.4.0.pack
                ARM.CMSIS.5.4.0
                CMSIS (Cortex Microcontroller Software Interface Standard)

<h2>Collection of Component include folders:</h2>
  .\RTE\_BLE
  D:\Keil_v5\ARM\PACK\ARM\CMSIS\5.4.0\Device\ARM\ARMCM0plus\Include

<h2>Collection of Component Files used:</h2>
Build Time Elapsed:  00:00:03
</pre>
</body>
</html>
